<?xml version="1.0"?>
<link_info>
   <banner>TI ARM Linker PC v16.9.6.LTS</banner>
   <copyright>Copyright (c) 1996-2017 Texas Instruments Incorporated</copyright>
   <link_time>0x5abe9759</link_time>
   <link_errors>0x0</link_errors>
   <output_file>BOOSTXL-EDUMKII_MicrophoneFFT_MSP432P401R.out</output_file>
   <entry_point>
      <name>_c_int00</name>
      <address>0x18e5</address>
   </entry_point>
   <input_file_list>
      <input_file id="fl-2">
         <path>.\</path>
         <kind>object</kind>
         <file>decoder.obj</file>
         <name>decoder.obj</name>
      </input_file>
      <input_file id="fl-3">
         <path>.\</path>
         <kind>object</kind>
         <file>main.obj</file>
         <name>main.obj</name>
      </input_file>
      <input_file id="fl-4">
         <path>.\</path>
         <kind>object</kind>
         <file>minigen.obj</file>
         <name>minigen.obj</name>
      </input_file>
      <input_file id="fl-5">
         <path>.\</path>
         <kind>object</kind>
         <file>minigen_controller.obj</file>
         <name>minigen_controller.obj</name>
      </input_file>
      <input_file id="fl-6">
         <path>.\</path>
         <kind>object</kind>
         <file>msp432_startup_ccs.obj</file>
         <name>msp432_startup_ccs.obj</name>
      </input_file>
      <input_file id="fl-7">
         <path>.\GrLib\fonts\</path>
         <kind>object</kind>
         <file>fontfixed6x8.obj</file>
         <name>fontfixed6x8.obj</name>
      </input_file>
      <input_file id="fl-8">
         <path>.\GrLib\grlib\</path>
         <kind>object</kind>
         <file>button.obj</file>
         <name>button.obj</name>
      </input_file>
      <input_file id="fl-9">
         <path>.\GrLib\grlib\</path>
         <kind>object</kind>
         <file>checkbox.obj</file>
         <name>checkbox.obj</name>
      </input_file>
      <input_file id="fl-a">
         <path>.\GrLib\grlib\</path>
         <kind>object</kind>
         <file>circle.obj</file>
         <name>circle.obj</name>
      </input_file>
      <input_file id="fl-b">
         <path>.\GrLib\grlib\</path>
         <kind>object</kind>
         <file>context.obj</file>
         <name>context.obj</name>
      </input_file>
      <input_file id="fl-c">
         <path>.\GrLib\grlib\</path>
         <kind>object</kind>
         <file>display.obj</file>
         <name>display.obj</name>
      </input_file>
      <input_file id="fl-d">
         <path>.\GrLib\grlib\</path>
         <kind>object</kind>
         <file>image.obj</file>
         <name>image.obj</name>
      </input_file>
      <input_file id="fl-e">
         <path>.\GrLib\grlib\</path>
         <kind>object</kind>
         <file>imageButton.obj</file>
         <name>imageButton.obj</name>
      </input_file>
      <input_file id="fl-f">
         <path>.\GrLib\grlib\</path>
         <kind>object</kind>
         <file>line.obj</file>
         <name>line.obj</name>
      </input_file>
      <input_file id="fl-10">
         <path>.\GrLib\grlib\</path>
         <kind>object</kind>
         <file>radioButton.obj</file>
         <name>radioButton.obj</name>
      </input_file>
      <input_file id="fl-11">
         <path>.\GrLib\grlib\</path>
         <kind>object</kind>
         <file>rectangle.obj</file>
         <name>rectangle.obj</name>
      </input_file>
      <input_file id="fl-12">
         <path>.\GrLib\grlib\</path>
         <kind>object</kind>
         <file>string.obj</file>
         <name>string.obj</name>
      </input_file>
      <input_file id="fl-13">
         <path>.\LcdDriver\</path>
         <kind>object</kind>
         <file>Crystalfontz128x128_ST7735.obj</file>
         <name>Crystalfontz128x128_ST7735.obj</name>
      </input_file>
      <input_file id="fl-14">
         <path>.\LcdDriver\</path>
         <kind>object</kind>
         <file>HAL_MSP_EXP432P401R_Crystalfontz128x128_ST7735.obj</file>
         <name>HAL_MSP_EXP432P401R_Crystalfontz128x128_ST7735.obj</name>
      </input_file>
      <input_file id="fl-15">
         <path>.\driverlib\MSP432P4xx\</path>
         <kind>object</kind>
         <file>adc14.obj</file>
         <name>adc14.obj</name>
      </input_file>
      <input_file id="fl-16">
         <path>.\driverlib\MSP432P4xx\</path>
         <kind>object</kind>
         <file>aes256.obj</file>
         <name>aes256.obj</name>
      </input_file>
      <input_file id="fl-17">
         <path>.\driverlib\MSP432P4xx\</path>
         <kind>object</kind>
         <file>comp_e.obj</file>
         <name>comp_e.obj</name>
      </input_file>
      <input_file id="fl-18">
         <path>.\driverlib\MSP432P4xx\</path>
         <kind>object</kind>
         <file>cpu.obj</file>
         <name>cpu.obj</name>
      </input_file>
      <input_file id="fl-19">
         <path>.\driverlib\MSP432P4xx\</path>
         <kind>object</kind>
         <file>crc32.obj</file>
         <name>crc32.obj</name>
      </input_file>
      <input_file id="fl-1a">
         <path>.\driverlib\MSP432P4xx\</path>
         <kind>object</kind>
         <file>cs.obj</file>
         <name>cs.obj</name>
      </input_file>
      <input_file id="fl-1b">
         <path>.\driverlib\MSP432P4xx\</path>
         <kind>object</kind>
         <file>dma.obj</file>
         <name>dma.obj</name>
      </input_file>
      <input_file id="fl-1c">
         <path>.\driverlib\MSP432P4xx\</path>
         <kind>object</kind>
         <file>flash.obj</file>
         <name>flash.obj</name>
      </input_file>
      <input_file id="fl-1d">
         <path>.\driverlib\MSP432P4xx\</path>
         <kind>object</kind>
         <file>fpu.obj</file>
         <name>fpu.obj</name>
      </input_file>
      <input_file id="fl-1e">
         <path>.\driverlib\MSP432P4xx\</path>
         <kind>object</kind>
         <file>gpio.obj</file>
         <name>gpio.obj</name>
      </input_file>
      <input_file id="fl-1f">
         <path>.\driverlib\MSP432P4xx\</path>
         <kind>object</kind>
         <file>i2c.obj</file>
         <name>i2c.obj</name>
      </input_file>
      <input_file id="fl-20">
         <path>.\driverlib\MSP432P4xx\</path>
         <kind>object</kind>
         <file>interrupt.obj</file>
         <name>interrupt.obj</name>
      </input_file>
      <input_file id="fl-21">
         <path>.\driverlib\MSP432P4xx\</path>
         <kind>object</kind>
         <file>mpu.obj</file>
         <name>mpu.obj</name>
      </input_file>
      <input_file id="fl-22">
         <path>.\driverlib\MSP432P4xx\</path>
         <kind>object</kind>
         <file>pcm.obj</file>
         <name>pcm.obj</name>
      </input_file>
      <input_file id="fl-23">
         <path>.\driverlib\MSP432P4xx\</path>
         <kind>object</kind>
         <file>pmap.obj</file>
         <name>pmap.obj</name>
      </input_file>
      <input_file id="fl-24">
         <path>.\driverlib\MSP432P4xx\</path>
         <kind>object</kind>
         <file>pss.obj</file>
         <name>pss.obj</name>
      </input_file>
      <input_file id="fl-25">
         <path>.\driverlib\MSP432P4xx\</path>
         <kind>object</kind>
         <file>ref_a.obj</file>
         <name>ref_a.obj</name>
      </input_file>
      <input_file id="fl-26">
         <path>.\driverlib\MSP432P4xx\</path>
         <kind>object</kind>
         <file>reset.obj</file>
         <name>reset.obj</name>
      </input_file>
      <input_file id="fl-27">
         <path>.\driverlib\MSP432P4xx\</path>
         <kind>object</kind>
         <file>rtc_c.obj</file>
         <name>rtc_c.obj</name>
      </input_file>
      <input_file id="fl-28">
         <path>.\driverlib\MSP432P4xx\</path>
         <kind>object</kind>
         <file>spi.obj</file>
         <name>spi.obj</name>
      </input_file>
      <input_file id="fl-29">
         <path>.\driverlib\MSP432P4xx\</path>
         <kind>object</kind>
         <file>sysctl.obj</file>
         <name>sysctl.obj</name>
      </input_file>
      <input_file id="fl-2a">
         <path>.\driverlib\MSP432P4xx\</path>
         <kind>object</kind>
         <file>systick.obj</file>
         <name>systick.obj</name>
      </input_file>
      <input_file id="fl-2b">
         <path>.\driverlib\MSP432P4xx\</path>
         <kind>object</kind>
         <file>timer32.obj</file>
         <name>timer32.obj</name>
      </input_file>
      <input_file id="fl-2c">
         <path>.\driverlib\MSP432P4xx\</path>
         <kind>object</kind>
         <file>timer_a.obj</file>
         <name>timer_a.obj</name>
      </input_file>
      <input_file id="fl-2d">
         <path>.\driverlib\MSP432P4xx\</path>
         <kind>object</kind>
         <file>uart.obj</file>
         <name>uart.obj</name>
      </input_file>
      <input_file id="fl-2e">
         <path>.\driverlib\MSP432P4xx\</path>
         <kind>object</kind>
         <file>wdt_a.obj</file>
         <name>wdt_a.obj</name>
      </input_file>
      <input_file id="fl-37">
         <kind>object</kind>
         <file>&lt;internal&gt;</file>
         <name>&lt;internal&gt;</name>
      </input_file>
      <input_file id="fl-38">
         <path>..\</path>
         <kind>archive</kind>
         <file>dsplib-msp432.lib</file>
         <name>arm_copy_q15.obj</name>
      </input_file>
      <input_file id="fl-39">
         <path>..\</path>
         <kind>archive</kind>
         <file>dsplib-msp432.lib</file>
         <name>arm_copy_q7.obj</name>
      </input_file>
      <input_file id="fl-3a">
         <path>..\</path>
         <kind>archive</kind>
         <file>dsplib-msp432.lib</file>
         <name>arm_mean_f32.obj</name>
      </input_file>
      <input_file id="fl-3b">
         <path>..\</path>
         <kind>archive</kind>
         <file>dsplib-msp432.lib</file>
         <name>arm_fir_f32.obj</name>
      </input_file>
      <input_file id="fl-3c">
         <path>..\</path>
         <kind>archive</kind>
         <file>dsplib-msp432.lib</file>
         <name>arm_fir_init_f32.obj</name>
      </input_file>
      <input_file id="fl-3d">
         <path>..\</path>
         <kind>archive</kind>
         <file>dsplib-msp432.lib</file>
         <name>arm_mult_f32.obj</name>
      </input_file>
      <input_file id="fl-3e">
         <path>..\</path>
         <kind>archive</kind>
         <file>dsplib-msp432.lib</file>
         <name>arm_offset_f32.obj</name>
      </input_file>
      <input_file id="fl-3f">
         <path>..\</path>
         <kind>archive</kind>
         <file>dsplib-msp432.lib</file>
         <name>arm_scale_f32.obj</name>
      </input_file>
      <input_file id="fl-f5">
         <path>C:\ti\ccsv7\tools\compiler\ti-cgt-arm_16.9.6.LTS\lib\</path>
         <kind>archive</kind>
         <file>rtsv7M4_T_le_v4SPD16_eabi.lib</file>
         <name>boot.obj</name>
      </input_file>
      <input_file id="fl-f6">
         <path>C:\ti\ccsv7\tools\compiler\ti-cgt-arm_16.9.6.LTS\lib\</path>
         <kind>archive</kind>
         <file>rtsv7M4_T_le_v4SPD16_eabi.lib</file>
         <name>copy_decompress_lzss.obj</name>
      </input_file>
      <input_file id="fl-f7">
         <path>C:\ti\ccsv7\tools\compiler\ti-cgt-arm_16.9.6.LTS\lib\</path>
         <kind>archive</kind>
         <file>rtsv7M4_T_le_v4SPD16_eabi.lib</file>
         <name>copy_decompress_none.obj</name>
      </input_file>
      <input_file id="fl-f8">
         <path>C:\ti\ccsv7\tools\compiler\ti-cgt-arm_16.9.6.LTS\lib\</path>
         <kind>archive</kind>
         <file>rtsv7M4_T_le_v4SPD16_eabi.lib</file>
         <name>copy_zero_init.obj</name>
      </input_file>
      <input_file id="fl-f9">
         <path>C:\ti\ccsv7\tools\compiler\ti-cgt-arm_16.9.6.LTS\lib\</path>
         <kind>archive</kind>
         <file>rtsv7M4_T_le_v4SPD16_eabi.lib</file>
         <name>e_sqrtf.obj</name>
      </input_file>
      <input_file id="fl-fa">
         <path>C:\ti\ccsv7\tools\compiler\ti-cgt-arm_16.9.6.LTS\lib\</path>
         <kind>archive</kind>
         <file>rtsv7M4_T_le_v4SPD16_eabi.lib</file>
         <name>errno.obj</name>
      </input_file>
      <input_file id="fl-fb">
         <path>C:\ti\ccsv7\tools\compiler\ti-cgt-arm_16.9.6.LTS\lib\</path>
         <kind>archive</kind>
         <file>rtsv7M4_T_le_v4SPD16_eabi.lib</file>
         <name>exit.obj</name>
      </input_file>
      <input_file id="fl-fc">
         <path>C:\ti\ccsv7\tools\compiler\ti-cgt-arm_16.9.6.LTS\lib\</path>
         <kind>archive</kind>
         <file>rtsv7M4_T_le_v4SPD16_eabi.lib</file>
         <name>fd_div_t2.obj</name>
      </input_file>
      <input_file id="fl-fd">
         <path>C:\ti\ccsv7\tools\compiler\ti-cgt-arm_16.9.6.LTS\lib\</path>
         <kind>archive</kind>
         <file>rtsv7M4_T_le_v4SPD16_eabi.lib</file>
         <name>fd_tou_t2.obj</name>
      </input_file>
      <input_file id="fl-fe">
         <path>C:\ti\ccsv7\tools\compiler\ti-cgt-arm_16.9.6.LTS\lib\</path>
         <kind>archive</kind>
         <file>rtsv7M4_T_le_v4SPD16_eabi.lib</file>
         <name>fs_tod_t2.obj</name>
      </input_file>
      <input_file id="fl-ff">
         <path>C:\ti\ccsv7\tools\compiler\ti-cgt-arm_16.9.6.LTS\lib\</path>
         <kind>archive</kind>
         <file>rtsv7M4_T_le_v4SPD16_eabi.lib</file>
         <name>memcpy_t2.obj</name>
      </input_file>
      <input_file id="fl-100">
         <path>C:\ti\ccsv7\tools\compiler\ti-cgt-arm_16.9.6.LTS\lib\</path>
         <kind>archive</kind>
         <file>rtsv7M4_T_le_v4SPD16_eabi.lib</file>
         <name>memset_t2.obj</name>
      </input_file>
      <input_file id="fl-101">
         <path>C:\ti\ccsv7\tools\compiler\ti-cgt-arm_16.9.6.LTS\lib\</path>
         <kind>archive</kind>
         <file>rtsv7M4_T_le_v4SPD16_eabi.lib</file>
         <name>mpu_init.obj</name>
      </input_file>
      <input_file id="fl-102">
         <path>C:\ti\ccsv7\tools\compiler\ti-cgt-arm_16.9.6.LTS\lib\</path>
         <kind>archive</kind>
         <file>rtsv7M4_T_le_v4SPD16_eabi.lib</file>
         <name>pre_init.obj</name>
      </input_file>
      <input_file id="fl-103">
         <path>C:\ti\ccsv7\tools\compiler\ti-cgt-arm_16.9.6.LTS\lib\</path>
         <kind>archive</kind>
         <file>rtsv7M4_T_le_v4SPD16_eabi.lib</file>
         <name>s_round.obj</name>
      </input_file>
      <input_file id="fl-104">
         <path>C:\ti\ccsv7\tools\compiler\ti-cgt-arm_16.9.6.LTS\lib\</path>
         <kind>archive</kind>
         <file>rtsv7M4_T_le_v4SPD16_eabi.lib</file>
         <name>stkdepth_vars.obj</name>
      </input_file>
      <input_file id="fl-105">
         <path>C:\ti\ccsv7\tools\compiler\ti-cgt-arm_16.9.6.LTS\lib\</path>
         <kind>archive</kind>
         <file>rtsv7M4_T_le_v4SPD16_eabi.lib</file>
         <name>_lock.obj</name>
      </input_file>
      <input_file id="fl-106">
         <path>C:\ti\ccsv7\tools\compiler\ti-cgt-arm_16.9.6.LTS\lib\</path>
         <kind>archive</kind>
         <file>rtsv7M4_T_le_v4SPD16_eabi.lib</file>
         <name>args_main.obj</name>
      </input_file>
      <input_file id="fl-107">
         <path>C:\ti\ccsv7\tools\compiler\ti-cgt-arm_16.9.6.LTS\lib\</path>
         <kind>archive</kind>
         <file>rtsv7M4_T_le_v4SPD16_eabi.lib</file>
         <name>autoinit.obj</name>
      </input_file>
      <input_file id="fl-108">
         <path>C:\ti\ccsv7\tools\compiler\ti-cgt-arm_16.9.6.LTS\lib\</path>
         <kind>archive</kind>
         <file>rtsv7M4_T_le_v4SPD16_eabi.lib</file>
         <name>cpy_tbl.obj</name>
      </input_file>
      <input_file id="fl-109">
         <path>C:\ti\ccsv7\tools\compiler\ti-cgt-arm_16.9.6.LTS\lib\</path>
         <kind>archive</kind>
         <file>rtsv7M4_T_le_v4SPD16_eabi.lib</file>
         <name>fd_add_t2.obj</name>
      </input_file>
      <input_file id="fl-10a">
         <path>C:\ti\ccsv7\tools\compiler\ti-cgt-arm_16.9.6.LTS\lib\</path>
         <kind>archive</kind>
         <file>rtsv7M4_T_le_v4SPD16_eabi.lib</file>
         <name>fd_cmp_t2.obj</name>
      </input_file>
      <input_file id="fl-10b">
         <path>C:\ti\ccsv7\tools\compiler\ti-cgt-arm_16.9.6.LTS\lib\</path>
         <kind>archive</kind>
         <file>rtsv7M4_T_le_v4SPD16_eabi.lib</file>
         <name>s_floor.obj</name>
      </input_file>
      <input_file id="fl-10c">
         <path>C:\ti\ccsv7\tools\compiler\ti-cgt-arm_16.9.6.LTS\lib\</path>
         <kind>archive</kind>
         <file>rtsv7M4_T_le_v4SPD16_eabi.lib</file>
         <name>startup.obj</name>
      </input_file>
   </input_file_list>
   <object_component_list>
      <object_component id="oc-10">
         <name>.intvecs</name>
         <load_address>0x0</load_address>
         <run_address>0x0</run_address>
         <size>0x144</size>
         <input_file_ref idref="fl-6"/>
      </object_component>
      <object_component id="oc-ed">
         <name>.text:main</name>
         <load_address>0x144</load_address>
         <run_address>0x144</run_address>
         <size>0x3cc</size>
         <input_file_ref idref="fl-3"/>
      </object_component>
      <object_component id="oc-28d">
         <name>.text:arm_fir_f32</name>
         <load_address>0x510</load_address>
         <run_address>0x510</run_address>
         <size>0x344</size>
         <input_file_ref idref="fl-3b"/>
      </object_component>
      <object_component id="oc-257">
         <name>.text</name>
         <load_address>0x854</load_address>
         <run_address>0x854</run_address>
         <size>0x1b6</size>
         <input_file_ref idref="fl-109"/>
      </object_component>
      <object_component id="oc-3e">
         <name>.text:defaultISR</name>
         <load_address>0xa0a</load_address>
         <run_address>0xa0a</run_address>
         <size>0x2</size>
         <input_file_ref idref="fl-6"/>
      </object_component>
      <object_component id="oc-221">
         <name>.text:_getIndexForMemRegister</name>
         <load_address>0xa0c</load_address>
         <run_address>0xa0c</run_address>
         <size>0x154</size>
         <input_file_ref idref="fl-15"/>
      </object_component>
      <object_component id="oc-1ba">
         <name>.text:decode_bits</name>
         <load_address>0xb60</load_address>
         <run_address>0xb60</run_address>
         <size>0x154</size>
         <input_file_ref idref="fl-2"/>
      </object_component>
      <object_component id="oc-2f7">
         <name>.text</name>
         <load_address>0xcb4</load_address>
         <run_address>0xcb4</run_address>
         <size>0x136</size>
         <input_file_ref idref="fl-fc"/>
      </object_component>
      <object_component id="oc-38">
         <name>.text:faultISR</name>
         <load_address>0xdea</load_address>
         <run_address>0xdea</run_address>
         <size>0x2</size>
         <input_file_ref idref="fl-6"/>
      </object_component>
      <object_component id="oc-25c">
         <name>.text</name>
         <load_address>0xdec</load_address>
         <run_address>0xdec</run_address>
         <size>0xf8</size>
         <input_file_ref idref="fl-10b"/>
      </object_component>
      <object_component id="oc-13e">
         <name>.text:CS_initClockSignal</name>
         <load_address>0xee4</load_address>
         <run_address>0xee4</run_address>
         <size>0xe0</size>
         <input_file_ref idref="fl-1a"/>
      </object_component>
      <object_component id="oc-19d">
         <name>.text</name>
         <load_address>0xfc4</load_address>
         <run_address>0xfc4</run_address>
         <size>0xc0</size>
         <input_file_ref idref="fl-103"/>
      </object_component>
      <object_component id="oc-20e">
         <name>.text:privateTimer_AProcessClockSourceDivider</name>
         <load_address>0x1084</load_address>
         <run_address>0x1084</run_address>
         <size>0xb2</size>
         <input_file_ref idref="fl-2c"/>
      </object_component>
      <object_component id="oc-32">
         <name>.text:nmiISR</name>
         <load_address>0x1136</load_address>
         <run_address>0x1136</run_address>
         <size>0x2</size>
         <input_file_ref idref="fl-6"/>
      </object_component>
      <object_component id="oc-204">
         <name>.text:CS_startHFXTWithTimeout</name>
         <load_address>0x1138</load_address>
         <run_address>0x1138</run_address>
         <size>0xa4</size>
         <input_file_ref idref="fl-1a"/>
      </object_component>
      <object_component id="oc-58">
         <name>.text</name>
         <load_address>0x11dc</load_address>
         <run_address>0x11dc</run_address>
         <size>0x9c</size>
         <input_file_ref idref="fl-ff"/>
      </object_component>
      <object_component id="oc-2d4">
         <name>.text:SPI_initMaster</name>
         <load_address>0x1278</load_address>
         <run_address>0x1278</run_address>
         <size>0x94</size>
         <input_file_ref idref="fl-28"/>
      </object_component>
      <object_component id="oc-27b">
         <name>.text:arm_mult_f32</name>
         <load_address>0x130c</load_address>
         <run_address>0x130c</run_address>
         <size>0x88</size>
         <input_file_ref idref="fl-3d"/>
      </object_component>
      <object_component id="oc-262">
         <name>.text:__aeabi_cdcmple</name>
         <load_address>0x1394</load_address>
         <run_address>0x1394</run_address>
         <size>0x86</size>
         <input_file_ref idref="fl-10a"/>
      </object_component>
      <object_component id="oc-305">
         <name>.text:__aeabi_cdrcmple</name>
         <load_address>0x141a</load_address>
         <run_address>0x141a</run_address>
         <size>0x86</size>
         <input_file_ref idref="fl-10a"/>
      </object_component>
      <object_component id="oc-a8">
         <name>.text:DMA_setChannelTransfer</name>
         <load_address>0x14a0</load_address>
         <run_address>0x14a0</run_address>
         <size>0x7c</size>
         <input_file_ref idref="fl-1b"/>
      </object_component>
      <object_component id="oc-64">
         <name>.text</name>
         <load_address>0x151c</load_address>
         <run_address>0x151c</run_address>
         <size>0x7a</size>
         <input_file_ref idref="fl-100"/>
      </object_component>
      <object_component id="oc-70">
         <name>.text</name>
         <load_address>0x1596</load_address>
         <run_address>0x1596</run_address>
         <size>0x2</size>
         <input_file_ref idref="fl-101"/>
      </object_component>
      <object_component id="oc-174">
         <name>.text:ADC14_configureConversionMemory</name>
         <load_address>0x1598</load_address>
         <run_address>0x1598</run_address>
         <size>0x70</size>
         <input_file_ref idref="fl-15"/>
      </object_component>
      <object_component id="oc-7c">
         <name>.text</name>
         <load_address>0x1608</load_address>
         <run_address>0x1608</run_address>
         <size>0x70</size>
         <input_file_ref idref="fl-107"/>
      </object_component>
      <object_component id="oc-275">
         <name>.text:arm_offset_f32</name>
         <load_address>0x1678</load_address>
         <run_address>0x1678</run_address>
         <size>0x6c</size>
         <input_file_ref idref="fl-3e"/>
      </object_component>
      <object_component id="oc-281">
         <name>.text:arm_scale_f32</name>
         <load_address>0x16e4</load_address>
         <run_address>0x16e4</run_address>
         <size>0x6c</size>
         <input_file_ref idref="fl-3f"/>
      </object_component>
      <object_component id="oc-26f">
         <name>.text:arm_mean_f32</name>
         <load_address>0x1750</load_address>
         <run_address>0x1750</run_address>
         <size>0x68</size>
         <input_file_ref idref="fl-3a"/>
      </object_component>
      <object_component id="oc-13">
         <name>.text:decompress:lzss</name>
         <load_address>0x17b8</load_address>
         <run_address>0x17b8</run_address>
         <size>0x68</size>
         <input_file_ref idref="fl-f6"/>
      </object_component>
      <object_component id="oc-44">
         <name>.text:DMA_INT1_IRQHandler</name>
         <load_address>0x1820</load_address>
         <run_address>0x1820</run_address>
         <size>0x64</size>
         <input_file_ref idref="fl-3"/>
      </object_component>
      <object_component id="oc-2be">
         <name>.text:_CSGetHFXTFrequency</name>
         <load_address>0x1884</load_address>
         <run_address>0x1884</run_address>
         <size>0x60</size>
         <input_file_ref idref="fl-1a"/>
      </object_component>
      <object_component id="oc-25">
         <name>.text</name>
         <load_address>0x18e4</load_address>
         <run_address>0x18e4</run_address>
         <size>0x54</size>
         <input_file_ref idref="fl-f5"/>
      </object_component>
      <object_component id="oc-88">
         <name>.text</name>
         <load_address>0x1938</load_address>
         <run_address>0x1938</run_address>
         <size>0x54</size>
         <input_file_ref idref="fl-fb"/>
      </object_component>
      <object_component id="oc-168">
         <name>.text:GPIO_setAsPeripheralModuleFunctionInputPin</name>
         <load_address>0x198c</load_address>
         <run_address>0x198c</run_address>
         <size>0x50</size>
         <input_file_ref idref="fl-1e"/>
      </object_component>
      <object_component id="oc-1b4">
         <name>.text:arm_copy_q15</name>
         <load_address>0x19dc</load_address>
         <run_address>0x19dc</run_address>
         <size>0x4c</size>
         <input_file_ref idref="fl-38"/>
      </object_component>
      <object_component id="oc-df">
         <name>.text</name>
         <load_address>0x1a28</load_address>
         <run_address>0x1a28</run_address>
         <size>0x4c</size>
         <input_file_ref idref="fl-108"/>
      </object_component>
      <object_component id="oc-16e">
         <name>.text:ADC14_configureSingleSampleMode</name>
         <load_address>0x1a74</load_address>
         <run_address>0x1a74</run_address>
         <size>0x48</size>
         <input_file_ref idref="fl-15"/>
      </object_component>
      <object_component id="oc-150">
         <name>.text:Timer_A_generatePWM</name>
         <load_address>0x1abc</load_address>
         <run_address>0x1abc</run_address>
         <size>0x46</size>
         <input_file_ref idref="fl-2c"/>
      </object_component>
      <object_component id="oc-1a8">
         <name>.text:arm_copy_q7</name>
         <load_address>0x1b02</load_address>
         <run_address>0x1b02</run_address>
         <size>0x46</size>
         <input_file_ref idref="fl-39"/>
      </object_component>
      <object_component id="oc-186">
         <name>.text:DMA_disableChannelAttribute</name>
         <load_address>0x1b48</load_address>
         <run_address>0x1b48</run_address>
         <size>0x44</size>
         <input_file_ref idref="fl-1b"/>
      </object_component>
      <object_component id="oc-1a3">
         <name>.text</name>
         <load_address>0x1b8c</load_address>
         <run_address>0x1b8c</run_address>
         <size>0x44</size>
         <input_file_ref idref="fl-fd"/>
      </object_component>
      <object_component id="oc-15c">
         <name>.text:ADC14_initModule</name>
         <load_address>0x1bd0</load_address>
         <run_address>0x1bd0</run_address>
         <size>0x40</size>
         <input_file_ref idref="fl-15"/>
      </object_component>
      <object_component id="oc-162">
         <name>.text:ADC14_setSampleHoldTrigger</name>
         <load_address>0x1c10</load_address>
         <run_address>0x1c10</run_address>
         <size>0x40</size>
         <input_file_ref idref="fl-15"/>
      </object_component>
      <object_component id="oc-9c">
         <name>.text:DMA_getChannelAttribute</name>
         <load_address>0x1c50</load_address>
         <run_address>0x1c50</run_address>
         <size>0x40</size>
         <input_file_ref idref="fl-1b"/>
      </object_component>
      <object_component id="oc-2e4">
         <name>.text:SpiWrite</name>
         <load_address>0x1c90</load_address>
         <run_address>0x1c90</run_address>
         <size>0x3c</size>
         <input_file_ref idref="fl-5"/>
      </object_component>
      <object_component id="oc-24f">
         <name>.text:minigen_adjustFreq</name>
         <load_address>0x1ccc</load_address>
         <run_address>0x1ccc</run_address>
         <size>0x3a</size>
         <input_file_ref idref="fl-4"/>
      </object_component>
      <object_component id="oc-e5">
         <name>.text</name>
         <load_address>0x1d06</load_address>
         <run_address>0x1d06</run_address>
         <size>0x2</size>
         <input_file_ref idref="fl-10c"/>
      </object_component>
      <object_component id="oc-231">
         <name>.text:configSpi</name>
         <load_address>0x1d08</load_address>
         <run_address>0x1d08</run_address>
         <size>0x38</size>
         <input_file_ref idref="fl-5"/>
      </object_component>
      <object_component id="oc-237">
         <name>.text:minigen_reset</name>
         <load_address>0x1d40</load_address>
         <run_address>0x1d40</run_address>
         <size>0x38</size>
         <input_file_ref idref="fl-4"/>
      </object_component>
      <object_component id="oc-198">
         <name>.text</name>
         <load_address>0x1d78</load_address>
         <run_address>0x1d78</run_address>
         <size>0x38</size>
         <input_file_ref idref="fl-fe"/>
      </object_component>
      <object_component id="oc-332">
         <name>.text:is_A_Module</name>
         <load_address>0x1db0</load_address>
         <run_address>0x1db0</run_address>
         <size>0x30</size>
         <input_file_ref idref="fl-28"/>
      </object_component>
      <object_component id="oc-23d">
         <name>.text:minigen_setMode</name>
         <load_address>0x1de0</load_address>
         <run_address>0x1de0</run_address>
         <size>0x30</size>
         <input_file_ref idref="fl-4"/>
      </object_component>
      <object_component id="oc-192">
         <name>.text:setup_local_oscillator</name>
         <load_address>0x1e10</load_address>
         <run_address>0x1e10</run_address>
         <size>0x30</size>
         <input_file_ref idref="fl-5"/>
      </object_component>
      <object_component id="oc-293">
         <name>.text</name>
         <load_address>0x1e40</load_address>
         <run_address>0x1e40</run_address>
         <size>0x28</size>
         <input_file_ref idref="fl-f9"/>
      </object_component>
      <object_component id="oc-144">
         <name>.text:GPIO_setAsOutputPin</name>
         <load_address>0x1e68</load_address>
         <run_address>0x1e68</run_address>
         <size>0x24</size>
         <input_file_ref idref="fl-1e"/>
      </object_component>
      <object_component id="oc-2fd">
         <name>.text:minigen_setFreqAdjustMode</name>
         <load_address>0x1e8c</load_address>
         <run_address>0x1e8c</run_address>
         <size>0x24</size>
         <input_file_ref idref="fl-4"/>
      </object_component>
      <object_component id="oc-a2">
         <name>.text:DMA_setChannelControl</name>
         <load_address>0x1eb0</load_address>
         <run_address>0x1eb0</run_address>
         <size>0x20</size>
         <input_file_ref idref="fl-1b"/>
      </object_component>
      <object_component id="oc-349">
         <name>.text:SPI_transmitData</name>
         <load_address>0x1ed0</load_address>
         <run_address>0x1ed0</run_address>
         <size>0x20</size>
         <input_file_ref idref="fl-28"/>
      </object_component>
      <object_component id="oc-249">
         <name>.text:minigen_freqCalc</name>
         <load_address>0x1ef0</load_address>
         <run_address>0x1ef0</run_address>
         <size>0x20</size>
         <input_file_ref idref="fl-4"/>
      </object_component>
      <object_component id="oc-287">
         <name>.text:arm_fir_init_f32</name>
         <load_address>0x1f10</load_address>
         <run_address>0x1f10</run_address>
         <size>0x1e</size>
         <input_file_ref idref="fl-3c"/>
      </object_component>
      <object_component id="oc-18c">
         <name>.text:generate_code_sent</name>
         <load_address>0x1f30</load_address>
         <run_address>0x1f30</run_address>
         <size>0x1c</size>
         <input_file_ref idref="fl-2"/>
      </object_component>
      <object_component id="oc-243">
         <name>.text:minigen_selectFreqReg</name>
         <load_address>0x1f4c</load_address>
         <run_address>0x1f4c</run_address>
         <size>0x1c</size>
         <input_file_ref idref="fl-4"/>
      </object_component>
      <object_component id="oc-2da">
         <name>.text:SPI_enableModule</name>
         <load_address>0x1f68</load_address>
         <run_address>0x1f68</run_address>
         <size>0x1a</size>
         <input_file_ref idref="fl-28"/>
      </object_component>
      <object_component id="oc-14a">
         <name>.text:GPIO_setOutputLowOnPin</name>
         <load_address>0x1f84</load_address>
         <run_address>0x1f84</run_address>
         <size>0x18</size>
         <input_file_ref idref="fl-1e"/>
      </object_component>
      <object_component id="oc-82">
         <name>.text</name>
         <load_address>0x1f9c</load_address>
         <run_address>0x1f9c</run_address>
         <size>0x18</size>
         <input_file_ref idref="fl-106"/>
      </object_component>
      <object_component id="oc-217">
         <name>.text:ADCIsConversionRunning</name>
         <load_address>0x1fb4</load_address>
         <run_address>0x1fb4</run_address>
         <size>0x14</size>
         <input_file_ref idref="fl-15"/>
      </object_component>
      <object_component id="oc-132">
         <name>.text:CS_setExternalClockSourceFrequency</name>
         <load_address>0x1fc8</load_address>
         <run_address>0x1fc8</run_address>
         <size>0x14</size>
         <input_file_ref idref="fl-1a"/>
      </object_component>
      <object_component id="oc-1ae">
         <name>.text:GPIO_setOutputHighOnPin</name>
         <load_address>0x1fdc</load_address>
         <run_address>0x1fdc</run_address>
         <size>0x14</size>
         <input_file_ref idref="fl-1e"/>
      </object_component>
      <object_component id="oc-96">
         <name>.text:GPIO_toggleOutputOnPin</name>
         <load_address>0x1ff0</load_address>
         <run_address>0x1ff0</run_address>
         <size>0x14</size>
         <input_file_ref idref="fl-1e"/>
      </object_component>
      <object_component id="oc-2c">
         <name>.text:resetISR</name>
         <load_address>0x2004</load_address>
         <run_address>0x2004</run_address>
         <size>0x14</size>
         <input_file_ref idref="fl-6"/>
      </object_component>
      <object_component id="oc-1da">
         <name>.text</name>
         <load_address>0x2018</load_address>
         <run_address>0x2018</run_address>
         <size>0x14</size>
         <input_file_ref idref="fl-105"/>
      </object_component>
      <object_component id="oc-156">
         <name>.text:ADC14_enableModule</name>
         <load_address>0x202c</load_address>
         <run_address>0x202c</run_address>
         <size>0x10</size>
         <input_file_ref idref="fl-15"/>
      </object_component>
      <object_component id="oc-17a">
         <name>.text:DMA_enableModule</name>
         <load_address>0x203c</load_address>
         <run_address>0x203c</run_address>
         <size>0x10</size>
         <input_file_ref idref="fl-1b"/>
      </object_component>
      <object_component id="oc-2b8">
         <name>.text:SysCtl_disableNMISource</name>
         <load_address>0x204c</load_address>
         <run_address>0x204c</run_address>
         <size>0x10</size>
         <input_file_ref idref="fl-29"/>
      </object_component>
      <object_component id="oc-2c4">
         <name>.text:SysCtl_enableNMISource</name>
         <load_address>0x205c</load_address>
         <run_address>0x205c</run_address>
         <size>0x10</size>
         <input_file_ref idref="fl-29"/>
      </object_component>
      <object_component id="oc-19">
         <name>.text:decompress:none</name>
         <load_address>0x206c</load_address>
         <run_address>0x206c</run_address>
         <size>0xe</size>
         <input_file_ref idref="fl-f7"/>
      </object_component>
      <object_component id="oc-180">
         <name>.text:DMA_setControlBase</name>
         <load_address>0x207c</load_address>
         <run_address>0x207c</run_address>
         <size>0xc</size>
         <input_file_ref idref="fl-1b"/>
      </object_component>
      <object_component id="oc-340">
         <name>.text:EUSCI_A_SPI_enable</name>
         <load_address>0x2088</load_address>
         <run_address>0x2088</run_address>
         <size>0xc</size>
         <input_file_ref idref="fl-28"/>
      </object_component>
      <object_component id="oc-33a">
         <name>.text:EUSCI_B_SPI_enable</name>
         <load_address>0x2094</load_address>
         <run_address>0x2094</run_address>
         <size>0xc</size>
         <input_file_ref idref="fl-28"/>
      </object_component>
      <object_component id="oc-2b2">
         <name>.text:SysCtl_getNMISourceStatus</name>
         <load_address>0x20a0</load_address>
         <run_address>0x20a0</run_address>
         <size>0xc</size>
         <input_file_ref idref="fl-29"/>
      </object_component>
      <object_component id="oc-1f">
         <name>.text:decompress:ZI</name>
         <load_address>0x20ac</load_address>
         <run_address>0x20ac</run_address>
         <size>0xc</size>
         <input_file_ref idref="fl-f8"/>
      </object_component>
      <object_component id="oc-138">
         <name>.text:CS_startHFXT</name>
         <load_address>0x20b8</load_address>
         <run_address>0x20b8</run_address>
         <size>0x6</size>
         <input_file_ref idref="fl-1a"/>
      </object_component>
      <object_component id="oc-380">
         <name>.text:EUSCI_A_SPI_transmitData</name>
         <load_address>0x20be</load_address>
         <run_address>0x20be</run_address>
         <size>0x4</size>
         <input_file_ref idref="fl-28"/>
      </object_component>
      <object_component id="oc-37a">
         <name>.text:EUSCI_B_SPI_transmitData</name>
         <load_address>0x20c2</load_address>
         <run_address>0x20c2</run_address>
         <size>0x4</size>
         <input_file_ref idref="fl-28"/>
      </object_component>
      <object_component id="oc-76">
         <name>.text</name>
         <load_address>0x20c6</load_address>
         <run_address>0x20c6</run_address>
         <size>0x4</size>
         <input_file_ref idref="fl-102"/>
      </object_component>
      <object_component id="oc-228">
         <name>.const:_ctlRegs</name>
         <load_address>0x20cc</load_address>
         <run_address>0x20cc</run_address>
         <size>0x80</size>
         <input_file_ref idref="fl-15"/>
      </object_component>
      <object_component id="oc-2e0">
         <name>.const:spiMasterConfig</name>
         <load_address>0x214c</load_address>
         <run_address>0x214c</run_address>
         <size>0x1c</size>
         <input_file_ref idref="fl-5"/>
      </object_component>
      <object_component id="oc-299">
         <name>.const:firCoeffs32</name>
         <load_address>0x2168</load_address>
         <run_address>0x2168</run_address>
         <size>0x10</size>
         <input_file_ref idref="fl-2"/>
      </object_component>
      <object_component id="oc-3aa">
         <name>.cinit..data.load</name>
         <load_address>0x2178</load_address>
         <run_address>0x2178</run_address>
         <size>0x5b</size>
      </object_component>
      <object_component id="oc-3a8">
         <name>__TI_handler_table</name>
         <load_address>0x21d4</load_address>
         <run_address>0x21d4</run_address>
         <size>0xc</size>
      </object_component>
      <object_component id="oc-3ab">
         <name>.cinit..bss.load</name>
         <load_address>0x21e0</load_address>
         <run_address>0x21e0</run_address>
         <size>0x8</size>
      </object_component>
      <object_component id="oc-3a9">
         <name>__TI_cinit_table</name>
         <load_address>0x21e8</load_address>
         <run_address>0x21e8</run_address>
         <size>0x10</size>
      </object_component>
      <object_component id="oc-29c">
         <name>.data</name>
         <load_address>0x20002d80</load_address>
         <run_address>0x20002d80</run_address>
         <size>0xc</size>
         <input_file_ref idref="fl-2"/>
      </object_component>
      <object_component id="oc-b1">
         <name>.data</name>
         <load_address>0x20002d8c</load_address>
         <run_address>0x20002d8c</run_address>
         <size>0x9</size>
         <input_file_ref idref="fl-3"/>
      </object_component>
      <object_component id="oc-1cb">
         <name>.data:preamble</name>
         <load_address>0x20002d64</load_address>
         <run_address>0x20002d64</run_address>
         <size>0x10</size>
         <input_file_ref idref="fl-3"/>
      </object_component>
      <object_component id="oc-1c0">
         <name>.data:pwmConfig</name>
         <load_address>0x20002d4c</load_address>
         <run_address>0x20002d4c</run_address>
         <size>0x18</size>
         <input_file_ref idref="fl-3"/>
      </object_component>
      <object_component id="oc-100">
         <name>.data:GPIO_PORT_TO_BASE</name>
         <load_address>0x20002d1c</load_address>
         <run_address>0x20002d1c</run_address>
         <size>0x30</size>
         <input_file_ref idref="fl-1e"/>
      </object_component>
      <object_component id="oc-324">
         <name>.data</name>
         <load_address>0x20002da0</load_address>
         <run_address>0x20002da0</run_address>
         <size>0x4</size>
         <input_file_ref idref="fl-fa"/>
      </object_component>
      <object_component id="oc-f5">
         <name>.data:$O1$$</name>
         <load_address>0x20002d74</load_address>
         <run_address>0x20002d74</run_address>
         <size>0xc</size>
         <input_file_ref idref="fl-fb"/>
      </object_component>
      <object_component id="oc-8e">
         <name>.data</name>
         <load_address>0x20002da4</load_address>
         <run_address>0x20002da4</run_address>
         <size>0x4</size>
         <input_file_ref idref="fl-104"/>
      </object_component>
      <object_component id="oc-f8">
         <name>.data:$O1$$</name>
         <load_address>0x20002d98</load_address>
         <run_address>0x20002d98</run_address>
         <size>0x8</size>
         <input_file_ref idref="fl-105"/>
      </object_component>
      <object_component id="oc-1ff">
         <name>.bss</name>
         <uninitialized>true</uninitialized>
         <run_address>0x20002af8</run_address>
         <size>0x8</size>
         <input_file_ref idref="fl-1a"/>
      </object_component>
      <object_component id="oc-22f">
         <name>.common:code_sent</name>
         <uninitialized>true</uninitialized>
         <run_address>0x20002c00</run_address>
         <size>0x80</size>
      </object_component>
      <object_component id="oc-1c3">
         <name>.common:controlTable</name>
         <uninitialized>true</uninitialized>
         <run_address>0x20002b00</run_address>
         <size>0x100</size>
      </object_component>
      <object_component id="oc-b4">
         <name>.common:data_array1</name>
         <uninitialized>true</uninitialized>
         <run_address>0x20001770</run_address>
         <size>0x7d0</size>
      </object_component>
      <object_component id="oc-ae">
         <name>.common:data_array2</name>
         <uninitialized>true</uninitialized>
         <run_address>0x20001f40</run_address>
         <size>0x7d0</size>
      </object_component>
      <object_component id="oc-1cf">
         <name>.common:intermediate_bit_sequence</name>
         <uninitialized>true</uninitialized>
         <run_address>0x20002710</run_address>
         <size>0x3e8</size>
      </object_component>
      <object_component id="oc-1c7">
         <name>.common:merged_bit_sequence</name>
         <uninitialized>true</uninitialized>
         <run_address>0x20000000</run_address>
         <size>0x1770</size>
      </object_component>
      <object_component id="oc-1ce">
         <name>.common:received_code</name>
         <uninitialized>true</uninitialized>
         <run_address>0x20002c80</run_address>
         <size>0x80</size>
      </object_component>
      <object_component id="oc-1c6">
         <name>.common:idx</name>
         <uninitialized>true</uninitialized>
         <run_address>0x20002d04</run_address>
         <size>0x4</size>
      </object_component>
      <object_component id="oc-1c9">
         <name>.common:symbol_sequence_idx</name>
         <uninitialized>true</uninitialized>
         <run_address>0x20002d14</run_address>
         <size>0x4</size>
      </object_component>
      <object_component id="oc-1c8">
         <name>.common:last_idx</name>
         <uninitialized>true</uninitialized>
         <run_address>0x20002d0c</run_address>
         <size>0x4</size>
      </object_component>
      <object_component id="oc-1c5">
         <name>.common:i</name>
         <uninitialized>true</uninitialized>
         <run_address>0x20002d00</run_address>
         <size>0x4</size>
      </object_component>
      <object_component id="oc-1c4">
         <name>.common:idx2</name>
         <uninitialized>true</uninitialized>
         <run_address>0x20002d08</run_address>
         <size>0x4</size>
      </object_component>
      <object_component id="oc-1ca">
         <name>.common:nbits</name>
         <uninitialized>true</uninitialized>
         <run_address>0x20002d10</run_address>
         <size>0x4</size>
      </object_component>
      <object_component id="oc-2eb">
         <name>.common:configReg</name>
         <uninitialized>true</uninitialized>
         <run_address>0x20002d18</run_address>
         <size>0x2</size>
      </object_component>
      <object_component id="oc-2b">
         <name>.stack</name>
         <uninitialized>true</uninitialized>
         <run_address>0x2000fe00</run_address>
         <size>0x0</size>
         <input_file_ref idref="fl-f5"/>
      </object_component>
      <object_component id="oc-3ac">
         <name>.stack</name>
         <uninitialized>true</uninitialized>
         <run_address>0x2000fe00</run_address>
         <size>0x0</size>
      </object_component>
      <object_component id="oc-1f1">
         <name>.debug_info</name>
         <load_address>0x0</load_address>
         <run_address>0x0</run_address>
         <size>0x5f9</size>
         <input_file_ref idref="fl-2"/>
      </object_component>
      <object_component id="oc-29a">
         <name>.debug_info</name>
         <load_address>0x5f9</load_address>
         <run_address>0x5f9</run_address>
         <size>0xf3</size>
         <input_file_ref idref="fl-2"/>
      </object_component>
      <object_component id="oc-29d">
         <name>.debug_info</name>
         <load_address>0x6ec</load_address>
         <run_address>0x6ec</run_address>
         <size>0x135</size>
         <input_file_ref idref="fl-2"/>
      </object_component>
      <object_component id="oc-18d">
         <name>.debug_info</name>
         <load_address>0x821</load_address>
         <run_address>0x821</run_address>
         <size>0x140</size>
         <input_file_ref idref="fl-2"/>
      </object_component>
      <object_component id="oc-1bb">
         <name>.debug_info</name>
         <load_address>0x961</load_address>
         <run_address>0x961</run_address>
         <size>0x2f7</size>
         <input_file_ref idref="fl-2"/>
      </object_component>
      <object_component id="oc-110">
         <name>.debug_info</name>
         <load_address>0xc58</load_address>
         <run_address>0xc58</run_address>
         <size>0x1ea6</size>
         <input_file_ref idref="fl-2"/>
      </object_component>
      <object_component id="oc-53">
         <name>.debug_info</name>
         <load_address>0x2afe</load_address>
         <run_address>0x2afe</run_address>
         <size>0x84</size>
         <input_file_ref idref="fl-2"/>
      </object_component>
      <object_component id="oc-c2">
         <name>.debug_info</name>
         <load_address>0x2b82</load_address>
         <run_address>0x2b82</run_address>
         <size>0x18b</size>
         <input_file_ref idref="fl-2"/>
      </object_component>
      <object_component id="oc-d6">
         <name>.debug_info</name>
         <load_address>0x2d0d</load_address>
         <run_address>0x2d0d</run_address>
         <size>0x2c</size>
         <input_file_ref idref="fl-2"/>
      </object_component>
      <object_component id="oc-af">
         <name>.debug_info</name>
         <load_address>0x2d39</load_address>
         <run_address>0x2d39</run_address>
         <size>0x10b8</size>
         <input_file_ref idref="fl-3"/>
      </object_component>
      <object_component id="oc-b2">
         <name>.debug_info</name>
         <load_address>0x3df1</load_address>
         <run_address>0x3df1</run_address>
         <size>0x13e</size>
         <input_file_ref idref="fl-3"/>
      </object_component>
      <object_component id="oc-1cc">
         <name>.debug_info</name>
         <load_address>0x3f2f</load_address>
         <run_address>0x3f2f</run_address>
         <size>0xea</size>
         <input_file_ref idref="fl-3"/>
      </object_component>
      <object_component id="oc-1c1">
         <name>.debug_info</name>
         <load_address>0x4019</load_address>
         <run_address>0x4019</run_address>
         <size>0xec</size>
         <input_file_ref idref="fl-3"/>
      </object_component>
      <object_component id="oc-f0">
         <name>.debug_info</name>
         <load_address>0x4105</load_address>
         <run_address>0x4105</run_address>
         <size>0x615</size>
         <input_file_ref idref="fl-3"/>
      </object_component>
      <object_component id="oc-46">
         <name>.debug_info</name>
         <load_address>0x471a</load_address>
         <run_address>0x471a</run_address>
         <size>0x1bd</size>
         <input_file_ref idref="fl-3"/>
      </object_component>
      <object_component id="oc-b8">
         <name>.debug_info</name>
         <load_address>0x48d7</load_address>
         <run_address>0x48d7</run_address>
         <size>0x37cd</size>
         <input_file_ref idref="fl-3"/>
      </object_component>
      <object_component id="oc-bd">
         <name>.debug_info</name>
         <load_address>0x80a4</load_address>
         <run_address>0x80a4</run_address>
         <size>0x103e</size>
         <input_file_ref idref="fl-3"/>
      </object_component>
      <object_component id="oc-2ad">
         <name>.debug_info</name>
         <load_address>0x90e2</load_address>
         <run_address>0x90e2</run_address>
         <size>0x1b5</size>
         <input_file_ref idref="fl-3"/>
      </object_component>
      <object_component id="oc-115">
         <name>.debug_info</name>
         <load_address>0x9297</load_address>
         <run_address>0x9297</run_address>
         <size>0x40a</size>
         <input_file_ref idref="fl-3"/>
      </object_component>
      <object_component id="oc-1ec">
         <name>.debug_info</name>
         <load_address>0x96a1</load_address>
         <run_address>0x96a1</run_address>
         <size>0x8a</size>
         <input_file_ref idref="fl-3"/>
      </object_component>
      <object_component id="oc-11a">
         <name>.debug_info</name>
         <load_address>0x972b</load_address>
         <run_address>0x972b</run_address>
         <size>0x341</size>
         <input_file_ref idref="fl-3"/>
      </object_component>
      <object_component id="oc-10b">
         <name>.debug_info</name>
         <load_address>0x9a6c</load_address>
         <run_address>0x9a6c</run_address>
         <size>0x8b</size>
         <input_file_ref idref="fl-3"/>
      </object_component>
      <object_component id="oc-354">
         <name>.debug_info</name>
         <load_address>0x9af7</load_address>
         <run_address>0x9af7</run_address>
         <size>0x131</size>
         <input_file_ref idref="fl-3"/>
      </object_component>
      <object_component id="oc-2ec">
         <name>.debug_info</name>
         <load_address>0x9c28</load_address>
         <run_address>0x9c28</run_address>
         <size>0x5d9</size>
         <input_file_ref idref="fl-4"/>
      </object_component>
      <object_component id="oc-23e">
         <name>.debug_info</name>
         <load_address>0xa201</load_address>
         <run_address>0xa201</run_address>
         <size>0x14c</size>
         <input_file_ref idref="fl-4"/>
      </object_component>
      <object_component id="oc-2fe">
         <name>.debug_info</name>
         <load_address>0xa34d</load_address>
         <run_address>0xa34d</run_address>
         <size>0x177</size>
         <input_file_ref idref="fl-4"/>
      </object_component>
      <object_component id="oc-244">
         <name>.debug_info</name>
         <load_address>0xa4c4</load_address>
         <run_address>0xa4c4</run_address>
         <size>0x15f</size>
         <input_file_ref idref="fl-4"/>
      </object_component>
      <object_component id="oc-24a">
         <name>.debug_info</name>
         <load_address>0xa623</load_address>
         <run_address>0xa623</run_address>
         <size>0x1be</size>
         <input_file_ref idref="fl-4"/>
      </object_component>
      <object_component id="oc-250">
         <name>.debug_info</name>
         <load_address>0xa7e1</load_address>
         <run_address>0xa7e1</run_address>
         <size>0x1ff</size>
         <input_file_ref idref="fl-4"/>
      </object_component>
      <object_component id="oc-238">
         <name>.debug_info</name>
         <load_address>0xa9e0</load_address>
         <run_address>0xa9e0</run_address>
         <size>0x1ad</size>
         <input_file_ref idref="fl-4"/>
      </object_component>
      <object_component id="oc-2f1">
         <name>.debug_info</name>
         <load_address>0xab8d</load_address>
         <run_address>0xab8d</run_address>
         <size>0xde</size>
         <input_file_ref idref="fl-4"/>
      </object_component>
      <object_component id="oc-2ee">
         <name>.debug_info</name>
         <load_address>0xac6b</load_address>
         <run_address>0xac6b</run_address>
         <size>0x8b3</size>
         <input_file_ref idref="fl-5"/>
      </object_component>
      <object_component id="oc-2e1">
         <name>.debug_info</name>
         <load_address>0xb51e</load_address>
         <run_address>0xb51e</run_address>
         <size>0x106</size>
         <input_file_ref idref="fl-5"/>
      </object_component>
      <object_component id="oc-232">
         <name>.debug_info</name>
         <load_address>0xb624</load_address>
         <run_address>0xb624</run_address>
         <size>0x1d5</size>
         <input_file_ref idref="fl-5"/>
      </object_component>
      <object_component id="oc-193">
         <name>.debug_info</name>
         <load_address>0xb7f9</load_address>
         <run_address>0xb7f9</run_address>
         <size>0x1f7</size>
         <input_file_ref idref="fl-5"/>
      </object_component>
      <object_component id="oc-2e5">
         <name>.debug_info</name>
         <load_address>0xb9f0</load_address>
         <run_address>0xb9f0</run_address>
         <size>0x1c9</size>
         <input_file_ref idref="fl-5"/>
      </object_component>
      <object_component id="oc-4c">
         <name>.debug_info</name>
         <load_address>0xbbb9</load_address>
         <run_address>0xbbb9</run_address>
         <size>0x5a9</size>
         <input_file_ref idref="fl-6"/>
      </object_component>
      <object_component id="oc-11">
         <name>.debug_info</name>
         <load_address>0xc162</load_address>
         <run_address>0xc162</run_address>
         <size>0x108</size>
         <input_file_ref idref="fl-6"/>
      </object_component>
      <object_component id="oc-2d">
         <name>.debug_info</name>
         <load_address>0xc26a</load_address>
         <run_address>0xc26a</run_address>
         <size>0x13d</size>
         <input_file_ref idref="fl-6"/>
      </object_component>
      <object_component id="oc-33">
         <name>.debug_info</name>
         <load_address>0xc3a7</load_address>
         <run_address>0xc3a7</run_address>
         <size>0x12e</size>
         <input_file_ref idref="fl-6"/>
      </object_component>
      <object_component id="oc-39">
         <name>.debug_info</name>
         <load_address>0xc4d5</load_address>
         <run_address>0xc4d5</run_address>
         <size>0x132</size>
         <input_file_ref idref="fl-6"/>
      </object_component>
      <object_component id="oc-40">
         <name>.debug_info</name>
         <load_address>0xc607</load_address>
         <run_address>0xc607</run_address>
         <size>0x136</size>
         <input_file_ref idref="fl-6"/>
      </object_component>
      <object_component id="oc-21e">
         <name>.debug_info</name>
         <load_address>0xc73d</load_address>
         <run_address>0xc73d</run_address>
         <size>0x6ab</size>
         <input_file_ref idref="fl-15"/>
      </object_component>
      <object_component id="oc-229">
         <name>.debug_info</name>
         <load_address>0xcde8</load_address>
         <run_address>0xcde8</run_address>
         <size>0xff</size>
         <input_file_ref idref="fl-15"/>
      </object_component>
      <object_component id="oc-218">
         <name>.debug_info</name>
         <load_address>0xcee7</load_address>
         <run_address>0xcee7</run_address>
         <size>0x175</size>
         <input_file_ref idref="fl-15"/>
      </object_component>
      <object_component id="oc-163">
         <name>.debug_info</name>
         <load_address>0xd05c</load_address>
         <run_address>0xd05c</run_address>
         <size>0x208</size>
         <input_file_ref idref="fl-15"/>
      </object_component>
      <object_component id="oc-15d">
         <name>.debug_info</name>
         <load_address>0xd264</load_address>
         <run_address>0xd264</run_address>
         <size>0x2b3</size>
         <input_file_ref idref="fl-15"/>
      </object_component>
      <object_component id="oc-222">
         <name>.debug_info</name>
         <load_address>0xd517</load_address>
         <run_address>0xd517</run_address>
         <size>0x246</size>
         <input_file_ref idref="fl-15"/>
      </object_component>
      <object_component id="oc-157">
         <name>.debug_info</name>
         <load_address>0xd75d</load_address>
         <run_address>0xd75d</run_address>
         <size>0x16a</size>
         <input_file_ref idref="fl-15"/>
      </object_component>
      <object_component id="oc-16f">
         <name>.debug_info</name>
         <load_address>0xd8c7</load_address>
         <run_address>0xd8c7</run_address>
         <size>0x256</size>
         <input_file_ref idref="fl-15"/>
      </object_component>
      <object_component id="oc-175">
         <name>.debug_info</name>
         <load_address>0xdb1d</load_address>
         <run_address>0xdb1d</run_address>
         <size>0x2f4</size>
         <input_file_ref idref="fl-15"/>
      </object_component>
      <object_component id="oc-203">
         <name>.debug_info</name>
         <load_address>0xde11</load_address>
         <run_address>0xde11</run_address>
         <size>0x7a7</size>
         <input_file_ref idref="fl-1a"/>
      </object_component>
      <object_component id="oc-200">
         <name>.debug_info</name>
         <load_address>0xe5b8</load_address>
         <run_address>0xe5b8</run_address>
         <size>0x11c</size>
         <input_file_ref idref="fl-1a"/>
      </object_component>
      <object_component id="oc-2bf">
         <name>.debug_info</name>
         <load_address>0xe6d4</load_address>
         <run_address>0xe6d4</run_address>
         <size>0x16c</size>
         <input_file_ref idref="fl-1a"/>
      </object_component>
      <object_component id="oc-205">
         <name>.debug_info</name>
         <load_address>0xe840</load_address>
         <run_address>0xe840</run_address>
         <size>0x2ac</size>
         <input_file_ref idref="fl-1a"/>
      </object_component>
      <object_component id="oc-139">
         <name>.debug_info</name>
         <load_address>0xeaec</load_address>
         <run_address>0xeaec</run_address>
         <size>0x192</size>
         <input_file_ref idref="fl-1a"/>
      </object_component>
      <object_component id="oc-133">
         <name>.debug_info</name>
         <load_address>0xec7e</load_address>
         <run_address>0xec7e</run_address>
         <size>0x24d</size>
         <input_file_ref idref="fl-1a"/>
      </object_component>
      <object_component id="oc-13f">
         <name>.debug_info</name>
         <load_address>0xeecb</load_address>
         <run_address>0xeecb</run_address>
         <size>0x229</size>
         <input_file_ref idref="fl-1a"/>
      </object_component>
      <object_component id="oc-107">
         <name>.debug_info</name>
         <load_address>0xf0f4</load_address>
         <run_address>0xf0f4</run_address>
         <size>0x691</size>
         <input_file_ref idref="fl-1b"/>
      </object_component>
      <object_component id="oc-182">
         <name>.debug_info</name>
         <load_address>0xf785</load_address>
         <run_address>0xf785</run_address>
         <size>0x1a6</size>
         <input_file_ref idref="fl-1b"/>
      </object_component>
      <object_component id="oc-aa">
         <name>.debug_info</name>
         <load_address>0xf92b</load_address>
         <run_address>0xf92b</run_address>
         <size>0x2f8</size>
         <input_file_ref idref="fl-1b"/>
      </object_component>
      <object_component id="oc-a4">
         <name>.debug_info</name>
         <load_address>0xfc23</load_address>
         <run_address>0xfc23</run_address>
         <size>0x206</size>
         <input_file_ref idref="fl-1b"/>
      </object_component>
      <object_component id="oc-9e">
         <name>.debug_info</name>
         <load_address>0xfe29</load_address>
         <run_address>0xfe29</run_address>
         <size>0x1c0</size>
         <input_file_ref idref="fl-1b"/>
      </object_component>
      <object_component id="oc-17c">
         <name>.debug_info</name>
         <load_address>0xffe9</load_address>
         <run_address>0xffe9</run_address>
         <size>0x160</size>
         <input_file_ref idref="fl-1b"/>
      </object_component>
      <object_component id="oc-188">
         <name>.debug_info</name>
         <load_address>0x10149</load_address>
         <run_address>0x10149</run_address>
         <size>0x1d3</size>
         <input_file_ref idref="fl-1b"/>
      </object_component>
      <object_component id="oc-104">
         <name>.debug_info</name>
         <load_address>0x1031c</load_address>
         <run_address>0x1031c</run_address>
         <size>0x69c</size>
         <input_file_ref idref="fl-1e"/>
      </object_component>
      <object_component id="oc-101">
         <name>.debug_info</name>
         <load_address>0x109b8</load_address>
         <run_address>0x109b8</run_address>
         <size>0x110</size>
         <input_file_ref idref="fl-1e"/>
      </object_component>
      <object_component id="oc-97">
         <name>.debug_info</name>
         <load_address>0x10ac8</load_address>
         <run_address>0x10ac8</run_address>
         <size>0x1f3</size>
         <input_file_ref idref="fl-1e"/>
      </object_component>
      <object_component id="oc-14b">
         <name>.debug_info</name>
         <load_address>0x10cbb</load_address>
         <run_address>0x10cbb</run_address>
         <size>0x1f3</size>
         <input_file_ref idref="fl-1e"/>
      </object_component>
      <object_component id="oc-1af">
         <name>.debug_info</name>
         <load_address>0x10eae</load_address>
         <run_address>0x10eae</run_address>
         <size>0x1f5</size>
         <input_file_ref idref="fl-1e"/>
      </object_component>
      <object_component id="oc-169">
         <name>.debug_info</name>
         <load_address>0x110a3</load_address>
         <run_address>0x110a3</run_address>
         <size>0x24b</size>
         <input_file_ref idref="fl-1e"/>
      </object_component>
      <object_component id="oc-145">
         <name>.debug_info</name>
         <load_address>0x112ee</load_address>
         <run_address>0x112ee</run_address>
         <size>0x20c</size>
         <input_file_ref idref="fl-1e"/>
      </object_component>
      <object_component id="oc-339">
         <name>.debug_info</name>
         <load_address>0x114fa</load_address>
         <run_address>0x114fa</run_address>
         <size>0x6a9</size>
         <input_file_ref idref="fl-28"/>
      </object_component>
      <object_component id="oc-333">
         <name>.debug_info</name>
         <load_address>0x11ba3</load_address>
         <run_address>0x11ba3</run_address>
         <size>0x183</size>
         <input_file_ref idref="fl-28"/>
      </object_component>
      <object_component id="oc-37b">
         <name>.debug_info</name>
         <load_address>0x11d26</load_address>
         <run_address>0x11d26</run_address>
         <size>0x1f3</size>
         <input_file_ref idref="fl-28"/>
      </object_component>
      <object_component id="oc-381">
         <name>.debug_info</name>
         <load_address>0x11f19</load_address>
         <run_address>0x11f19</run_address>
         <size>0x1f3</size>
         <input_file_ref idref="fl-28"/>
      </object_component>
      <object_component id="oc-34a">
         <name>.debug_info</name>
         <load_address>0x1210c</load_address>
         <run_address>0x1210c</run_address>
         <size>0x245</size>
         <input_file_ref idref="fl-28"/>
      </object_component>
      <object_component id="oc-2d5">
         <name>.debug_info</name>
         <load_address>0x12351</load_address>
         <run_address>0x12351</run_address>
         <size>0x1ec</size>
         <input_file_ref idref="fl-28"/>
      </object_component>
      <object_component id="oc-33b">
         <name>.debug_info</name>
         <load_address>0x1253d</load_address>
         <run_address>0x1253d</run_address>
         <size>0x1a5</size>
         <input_file_ref idref="fl-28"/>
      </object_component>
      <object_component id="oc-341">
         <name>.debug_info</name>
         <load_address>0x126e2</load_address>
         <run_address>0x126e2</run_address>
         <size>0x1a5</size>
         <input_file_ref idref="fl-28"/>
      </object_component>
      <object_component id="oc-2db">
         <name>.debug_info</name>
         <load_address>0x12887</load_address>
         <run_address>0x12887</run_address>
         <size>0x1f7</size>
         <input_file_ref idref="fl-28"/>
      </object_component>
      <object_component id="oc-32f">
         <name>.debug_info</name>
         <load_address>0x12a7e</load_address>
         <run_address>0x12a7e</run_address>
         <size>0x571</size>
         <input_file_ref idref="fl-29"/>
      </object_component>
      <object_component id="oc-2b3">
         <name>.debug_info</name>
         <load_address>0x12fef</load_address>
         <run_address>0x12fef</run_address>
         <size>0x17f</size>
         <input_file_ref idref="fl-29"/>
      </object_component>
      <object_component id="oc-2c5">
         <name>.debug_info</name>
         <load_address>0x1316e</load_address>
         <run_address>0x1316e</run_address>
         <size>0x19b</size>
         <input_file_ref idref="fl-29"/>
      </object_component>
      <object_component id="oc-2b9">
         <name>.debug_info</name>
         <load_address>0x13309</load_address>
         <run_address>0x13309</run_address>
         <size>0x19d</size>
         <input_file_ref idref="fl-29"/>
      </object_component>
      <object_component id="oc-215">
         <name>.debug_info</name>
         <load_address>0x134a6</load_address>
         <run_address>0x134a6</run_address>
         <size>0x6e8</size>
         <input_file_ref idref="fl-2c"/>
      </object_component>
      <object_component id="oc-20f">
         <name>.debug_info</name>
         <load_address>0x13b8e</load_address>
         <run_address>0x13b8e</run_address>
         <size>0x21f</size>
         <input_file_ref idref="fl-2c"/>
      </object_component>
      <object_component id="oc-151">
         <name>.debug_info</name>
         <load_address>0x13dad</load_address>
         <run_address>0x13dad</run_address>
         <size>0x202</size>
         <input_file_ref idref="fl-2c"/>
      </object_component>
      <object_component id="oc-26e">
         <name>.debug_info</name>
         <load_address>0x13faf</load_address>
         <run_address>0x13faf</run_address>
         <size>0x1c0</size>
         <input_file_ref idref="fl-38"/>
      </object_component>
      <object_component id="oc-1b5">
         <name>.debug_info</name>
         <load_address>0x1416f</load_address>
         <run_address>0x1416f</run_address>
         <size>0x236</size>
         <input_file_ref idref="fl-38"/>
      </object_component>
      <object_component id="oc-368">
         <name>.debug_info</name>
         <load_address>0x143a5</load_address>
         <run_address>0x143a5</run_address>
         <size>0x2c</size>
         <input_file_ref idref="fl-38"/>
      </object_component>
      <object_component id="oc-26b">
         <name>.debug_info</name>
         <load_address>0x143d1</load_address>
         <run_address>0x143d1</run_address>
         <size>0x1bf</size>
         <input_file_ref idref="fl-39"/>
      </object_component>
      <object_component id="oc-1a9">
         <name>.debug_info</name>
         <load_address>0x14590</load_address>
         <run_address>0x14590</run_address>
         <size>0x231</size>
         <input_file_ref idref="fl-39"/>
      </object_component>
      <object_component id="oc-319">
         <name>.debug_info</name>
         <load_address>0x147c1</load_address>
         <run_address>0x147c1</run_address>
         <size>0x1c8</size>
         <input_file_ref idref="fl-3a"/>
      </object_component>
      <object_component id="oc-270">
         <name>.debug_info</name>
         <load_address>0x14989</load_address>
         <run_address>0x14989</run_address>
         <size>0x259</size>
         <input_file_ref idref="fl-3a"/>
      </object_component>
      <object_component id="oc-323">
         <name>.debug_info</name>
         <load_address>0x14be2</load_address>
         <run_address>0x14be2</run_address>
         <size>0x1d1</size>
         <input_file_ref idref="fl-3b"/>
      </object_component>
      <object_component id="oc-290">
         <name>.debug_info</name>
         <load_address>0x14db3</load_address>
         <run_address>0x14db3</run_address>
         <size>0x467</size>
         <input_file_ref idref="fl-3b"/>
      </object_component>
      <object_component id="oc-321">
         <name>.debug_info</name>
         <load_address>0x1521a</load_address>
         <run_address>0x1521a</run_address>
         <size>0x1fd</size>
         <input_file_ref idref="fl-3c"/>
      </object_component>
      <object_component id="oc-28b">
         <name>.debug_info</name>
         <load_address>0x15417</load_address>
         <run_address>0x15417</run_address>
         <size>0x26f</size>
         <input_file_ref idref="fl-3c"/>
      </object_component>
      <object_component id="oc-31d">
         <name>.debug_info</name>
         <load_address>0x15686</load_address>
         <run_address>0x15686</run_address>
         <size>0x1c2</size>
         <input_file_ref idref="fl-3d"/>
      </object_component>
      <object_component id="oc-27c">
         <name>.debug_info</name>
         <load_address>0x15848</load_address>
         <run_address>0x15848</run_address>
         <size>0x2be</size>
         <input_file_ref idref="fl-3d"/>
      </object_component>
      <object_component id="oc-31b">
         <name>.debug_info</name>
         <load_address>0x15b06</load_address>
         <run_address>0x15b06</run_address>
         <size>0x1c4</size>
         <input_file_ref idref="fl-3e"/>
      </object_component>
      <object_component id="oc-276">
         <name>.debug_info</name>
         <load_address>0x15cca</load_address>
         <run_address>0x15cca</run_address>
         <size>0x280</size>
         <input_file_ref idref="fl-3e"/>
      </object_component>
      <object_component id="oc-31f">
         <name>.debug_info</name>
         <load_address>0x15f4a</load_address>
         <run_address>0x15f4a</run_address>
         <size>0x1c3</size>
         <input_file_ref idref="fl-3f"/>
      </object_component>
      <object_component id="oc-282">
         <name>.debug_info</name>
         <load_address>0x1610d</load_address>
         <run_address>0x1610d</run_address>
         <size>0x267</size>
         <input_file_ref idref="fl-3f"/>
      </object_component>
      <object_component id="oc-28">
         <name>.debug_info</name>
         <load_address>0x16374</load_address>
         <run_address>0x16374</run_address>
         <size>0x160</size>
         <input_file_ref idref="fl-f5"/>
      </object_component>
      <object_component id="oc-cc">
         <name>.debug_info</name>
         <load_address>0x164d4</load_address>
         <run_address>0x164d4</run_address>
         <size>0x293</size>
         <input_file_ref idref="fl-f6"/>
      </object_component>
      <object_component id="oc-14">
         <name>.debug_info</name>
         <load_address>0x16767</load_address>
         <run_address>0x16767</run_address>
         <size>0x245</size>
         <input_file_ref idref="fl-f6"/>
      </object_component>
      <object_component id="oc-4e">
         <name>.debug_info</name>
         <load_address>0x169ac</load_address>
         <run_address>0x169ac</run_address>
         <size>0x60</size>
         <input_file_ref idref="fl-f6"/>
      </object_component>
      <object_component id="oc-c7">
         <name>.debug_info</name>
         <load_address>0x16a0c</load_address>
         <run_address>0x16a0c</run_address>
         <size>0x46</size>
         <input_file_ref idref="fl-f6"/>
      </object_component>
      <object_component id="oc-63">
         <name>.debug_info</name>
         <load_address>0x16a52</load_address>
         <run_address>0x16a52</run_address>
         <size>0x2da</size>
         <input_file_ref idref="fl-f7"/>
      </object_component>
      <object_component id="oc-1b">
         <name>.debug_info</name>
         <load_address>0x16d2c</load_address>
         <run_address>0x16d2c</run_address>
         <size>0x1df</size>
         <input_file_ref idref="fl-f7"/>
      </object_component>
      <object_component id="oc-5e">
         <name>.debug_info</name>
         <load_address>0x16f0b</load_address>
         <run_address>0x16f0b</run_address>
         <size>0x46</size>
         <input_file_ref idref="fl-f7"/>
      </object_component>
      <object_component id="oc-ce">
         <name>.debug_info</name>
         <load_address>0x16f51</load_address>
         <run_address>0x16f51</run_address>
         <size>0x2c</size>
         <input_file_ref idref="fl-f7"/>
      </object_component>
      <object_component id="oc-6f">
         <name>.debug_info</name>
         <load_address>0x16f7d</load_address>
         <run_address>0x16f7d</run_address>
         <size>0x2c9</size>
         <input_file_ref idref="fl-f8"/>
      </object_component>
      <object_component id="oc-20">
         <name>.debug_info</name>
         <load_address>0x17246</load_address>
         <run_address>0x17246</run_address>
         <size>0x1aa</size>
         <input_file_ref idref="fl-f8"/>
      </object_component>
      <object_component id="oc-6a">
         <name>.debug_info</name>
         <load_address>0x173f0</load_address>
         <run_address>0x173f0</run_address>
         <size>0x46</size>
         <input_file_ref idref="fl-f8"/>
      </object_component>
      <object_component id="oc-328">
         <name>.debug_info</name>
         <load_address>0x17436</load_address>
         <run_address>0x17436</run_address>
         <size>0x2b1</size>
         <input_file_ref idref="fl-f9"/>
      </object_component>
      <object_component id="oc-295">
         <name>.debug_info</name>
         <load_address>0x176e7</load_address>
         <run_address>0x176e7</run_address>
         <size>0x14d</size>
         <input_file_ref idref="fl-f9"/>
      </object_component>
      <object_component id="oc-325">
         <name>.debug_info</name>
         <load_address>0x17834</load_address>
         <run_address>0x17834</run_address>
         <size>0xf3</size>
         <input_file_ref idref="fl-fa"/>
      </object_component>
      <object_component id="oc-fc">
         <name>.debug_info</name>
         <load_address>0x17927</load_address>
         <run_address>0x17927</run_address>
         <size>0x3ce</size>
         <input_file_ref idref="fl-fb"/>
      </object_component>
      <object_component id="oc-f6">
         <name>.debug_info</name>
         <load_address>0x17cf5</load_address>
         <run_address>0x17cf5</run_address>
         <size>0x185</size>
         <input_file_ref idref="fl-fb"/>
      </object_component>
      <object_component id="oc-8c">
         <name>.debug_info</name>
         <load_address>0x17e7a</load_address>
         <run_address>0x17e7a</run_address>
         <size>0x214</size>
         <input_file_ref idref="fl-fb"/>
      </object_component>
      <object_component id="oc-2f8">
         <name>.debug_info</name>
         <load_address>0x1808e</load_address>
         <run_address>0x1808e</run_address>
         <size>0x132</size>
         <input_file_ref idref="fl-fc"/>
      </object_component>
      <object_component id="oc-1a5">
         <name>.debug_info</name>
         <load_address>0x181c0</load_address>
         <run_address>0x181c0</run_address>
         <size>0x131</size>
         <input_file_ref idref="fl-fd"/>
      </object_component>
      <object_component id="oc-199">
         <name>.debug_info</name>
         <load_address>0x182f1</load_address>
         <run_address>0x182f1</run_address>
         <size>0x124</size>
         <input_file_ref idref="fl-fe"/>
      </object_component>
      <object_component id="oc-59">
         <name>.debug_info</name>
         <load_address>0x18415</load_address>
         <run_address>0x18415</run_address>
         <size>0x111</size>
         <input_file_ref idref="fl-ff"/>
      </object_component>
      <object_component id="oc-66">
         <name>.debug_info</name>
         <load_address>0x18526</load_address>
         <run_address>0x18526</run_address>
         <size>0x13f</size>
         <input_file_ref idref="fl-100"/>
      </object_component>
      <object_component id="oc-71">
         <name>.debug_info</name>
         <load_address>0x18665</load_address>
         <run_address>0x18665</run_address>
         <size>0x138</size>
         <input_file_ref idref="fl-101"/>
      </object_component>
      <object_component id="oc-77">
         <name>.debug_info</name>
         <load_address>0x1879d</load_address>
         <run_address>0x1879d</run_address>
         <size>0x148</size>
         <input_file_ref idref="fl-102"/>
      </object_component>
      <object_component id="oc-268">
         <name>.debug_info</name>
         <load_address>0x188e5</load_address>
         <run_address>0x188e5</run_address>
         <size>0x2b4</size>
         <input_file_ref idref="fl-103"/>
      </object_component>
      <object_component id="oc-19f">
         <name>.debug_info</name>
         <load_address>0x18b99</load_address>
         <run_address>0x18b99</run_address>
         <size>0x20e</size>
[...]
      </symbol>
      <symbol id="sm-c">
         <name>__TI_prof_data_start</name>
         <value>0xffffffff</value>
      </symbol>
      <symbol id="sm-d">
         <name>__TI_prof_data_size</name>
         <value>0xffffffff</value>
      </symbol>
      <symbol id="sm-68">
         <name>code_sent</name>
         <value>0x20002c00</value>
      </symbol>
      <symbol id="sm-69">
         <name>blockSize</name>
         <value>0x20002d80</value>
         <object_component_ref idref="oc-29c"/>
      </symbol>
      <symbol id="sm-6a">
         <name>bitLength</name>
         <value>0x20002d84</value>
         <object_component_ref idref="oc-29c"/>
      </symbol>
      <symbol id="sm-6b">
         <name>decode_bits</name>
         <value>0xb61</value>
         <object_component_ref idref="oc-1ba"/>
      </symbol>
      <symbol id="sm-6c">
         <name>generate_code_sent</name>
         <value>0x1f31</value>
         <object_component_ref idref="oc-18c"/>
      </symbol>
      <symbol id="sm-6d">
         <name>threshold</name>
         <value>0x20002d88</value>
         <object_component_ref idref="oc-29c"/>
      </symbol>
      <symbol id="sm-6e">
         <name>firCoeffs32</name>
         <value>0x2168</value>
         <object_component_ref idref="oc-299"/>
      </symbol>
      <symbol id="sm-ed">
         <name>controlTable</name>
         <value>0x20002b00</value>
      </symbol>
      <symbol id="sm-ee">
         <name>data_array1</name>
         <value>0x20001770</value>
      </symbol>
      <symbol id="sm-ef">
         <name>data_array2</name>
         <value>0x20001f40</value>
      </symbol>
      <symbol id="sm-f0">
         <name>intermediate_bit_sequence</name>
         <value>0x20002710</value>
      </symbol>
      <symbol id="sm-f1">
         <name>merged_bit_sequence</name>
         <value>0x20000000</value>
      </symbol>
      <symbol id="sm-f2">
         <name>received_code</name>
         <value>0x20002c80</value>
      </symbol>
      <symbol id="sm-f3">
         <name>idx</name>
         <value>0x20002d04</value>
      </symbol>
      <symbol id="sm-f4">
         <name>symbol_sequence_idx</name>
         <value>0x20002d14</value>
      </symbol>
      <symbol id="sm-f5">
         <name>last_idx</name>
         <value>0x20002d0c</value>
      </symbol>
      <symbol id="sm-f6">
         <name>i</name>
         <value>0x20002d00</value>
      </symbol>
      <symbol id="sm-f7">
         <name>idx2</name>
         <value>0x20002d08</value>
      </symbol>
      <symbol id="sm-f8">
         <name>nbits</name>
         <value>0x20002d10</value>
      </symbol>
      <symbol id="sm-f9">
         <name>pwmConfig</name>
         <value>0x20002d4c</value>
         <object_component_ref idref="oc-1c0"/>
      </symbol>
      <symbol id="sm-fa">
         <name>switch_data</name>
         <value>0x20002d90</value>
         <object_component_ref idref="oc-b1"/>
      </symbol>
      <symbol id="sm-fb">
         <name>main</name>
         <value>0x145</value>
         <object_component_ref idref="oc-ed"/>
      </symbol>
      <symbol id="sm-fc">
         <name>DMA_INT1_IRQHandler</name>
         <value>0x1821</value>
         <object_component_ref idref="oc-44"/>
      </symbol>
      <symbol id="sm-fd">
         <name>code_found</name>
         <value>0x20002d94</value>
         <object_component_ref idref="oc-b1"/>
      </symbol>
      <symbol id="sm-fe">
         <name>preamble</name>
         <value>0x20002d64</value>
         <object_component_ref idref="oc-1cb"/>
      </symbol>
      <symbol id="sm-ff">
         <name>doBitReverse</name>
         <value>0x20002d8c</value>
         <object_component_ref idref="oc-b1"/>
      </symbol>
      <symbol id="sm-149">
         <name>configReg</name>
         <value>0x20002d18</value>
      </symbol>
      <symbol id="sm-14a">
         <name>minigen_freqCalc</name>
         <value>0x1ef1</value>
         <object_component_ref idref="oc-249"/>
      </symbol>
      <symbol id="sm-14b">
         <name>minigen_selectFreqReg</name>
         <value>0x1f4d</value>
         <object_component_ref idref="oc-243"/>
      </symbol>
      <symbol id="sm-14c">
         <name>minigen_reset</name>
         <value>0x1d41</value>
         <object_component_ref idref="oc-237"/>
      </symbol>
      <symbol id="sm-14d">
         <name>minigen_adjustFreq</name>
         <value>0x1ccd</value>
         <object_component_ref idref="oc-24f"/>
      </symbol>
      <symbol id="sm-14e">
         <name>minigen_setFreqAdjustMode</name>
         <value>0x1e8d</value>
         <object_component_ref idref="oc-2fd"/>
      </symbol>
      <symbol id="sm-14f">
         <name>minigen_setMode</name>
         <value>0x1de1</value>
         <object_component_ref idref="oc-23d"/>
      </symbol>
      <symbol id="sm-17b">
         <name>setup_local_oscillator</name>
         <value>0x1e11</value>
         <object_component_ref idref="oc-192"/>
      </symbol>
      <symbol id="sm-17c">
         <name>SpiWrite</name>
         <value>0x1c91</value>
         <object_component_ref idref="oc-2e4"/>
      </symbol>
      <symbol id="sm-17d">
         <name>configSpi</name>
         <value>0x1d09</value>
         <object_component_ref idref="oc-231"/>
      </symbol>
      <symbol id="sm-17e">
         <name>spiMasterConfig</name>
         <value>0x214c</value>
         <object_component_ref idref="oc-2e0"/>
      </symbol>
      <symbol id="sm-1b2">
         <name>interruptVectors</name>
         <value>0x0</value>
         <object_component_ref idref="oc-10"/>
      </symbol>
      <symbol id="sm-24a">
         <name>ADC14_configureSingleSampleMode</name>
         <value>0x1a75</value>
         <object_component_ref idref="oc-16e"/>
      </symbol>
      <symbol id="sm-24b">
         <name>ADC14_initModule</name>
         <value>0x1bd1</value>
         <object_component_ref idref="oc-15c"/>
      </symbol>
      <symbol id="sm-24c">
         <name>ADC14_setSampleHoldTrigger</name>
         <value>0x1c11</value>
         <object_component_ref idref="oc-162"/>
      </symbol>
      <symbol id="sm-24d">
         <name>ADC14_configureConversionMemory</name>
         <value>0x1599</value>
         <object_component_ref idref="oc-174"/>
      </symbol>
      <symbol id="sm-24e">
         <name>ADC14_enableModule</name>
         <value>0x202d</value>
         <object_component_ref idref="oc-156"/>
      </symbol>
      <symbol id="sm-2b1">
         <name>CS_startHFXT</name>
         <value>0x20b9</value>
         <object_component_ref idref="oc-138"/>
      </symbol>
      <symbol id="sm-2b2">
         <name>CS_setExternalClockSourceFrequency</name>
         <value>0x1fc9</value>
         <object_component_ref idref="oc-132"/>
      </symbol>
      <symbol id="sm-2b3">
         <name>CS_startHFXTWithTimeout</name>
         <value>0x1139</value>
         <object_component_ref idref="oc-204"/>
      </symbol>
      <symbol id="sm-2b4">
         <name>CS_initClockSignal</name>
         <value>0xee5</value>
         <object_component_ref idref="oc-13e"/>
      </symbol>
      <symbol id="sm-300">
         <name>DMA_getChannelAttribute</name>
         <value>0x1c51</value>
         <object_component_ref idref="oc-9c"/>
      </symbol>
      <symbol id="sm-301">
         <name>DMA_enableModule</name>
         <value>0x203d</value>
         <object_component_ref idref="oc-17a"/>
      </symbol>
      <symbol id="sm-302">
         <name>DMA_setChannelTransfer</name>
         <value>0x14a1</value>
         <object_component_ref idref="oc-a8"/>
      </symbol>
      <symbol id="sm-303">
         <name>DMA_setChannelControl</name>
         <value>0x1eb1</value>
         <object_component_ref idref="oc-a2"/>
      </symbol>
      <symbol id="sm-304">
         <name>DMA_setControlBase</name>
         <value>0x207d</value>
         <object_component_ref idref="oc-180"/>
      </symbol>
      <symbol id="sm-305">
         <name>DMA_disableChannelAttribute</name>
         <value>0x1b49</value>
         <object_component_ref idref="oc-186"/>
      </symbol>
      <symbol id="sm-34a">
         <name>GPIO_setOutputHighOnPin</name>
         <value>0x1fdd</value>
         <object_component_ref idref="oc-1ae"/>
      </symbol>
      <symbol id="sm-34b">
         <name>GPIO_setAsOutputPin</name>
         <value>0x1e69</value>
         <object_component_ref idref="oc-144"/>
      </symbol>
      <symbol id="sm-34c">
         <name>GPIO_setOutputLowOnPin</name>
         <value>0x1f85</value>
         <object_component_ref idref="oc-14a"/>
      </symbol>
      <symbol id="sm-34d">
         <name>GPIO_toggleOutputOnPin</name>
         <value>0x1ff1</value>
         <object_component_ref idref="oc-96"/>
      </symbol>
      <symbol id="sm-34e">
         <name>GPIO_setAsPeripheralModuleFunctionInputPin</name>
         <value>0x198d</value>
         <object_component_ref idref="oc-168"/>
      </symbol>
      <symbol id="sm-3a7">
         <name>EUSCI_B_SPI_enable</name>
         <value>0x2095</value>
         <object_component_ref idref="oc-33a"/>
      </symbol>
      <symbol id="sm-3a8">
         <name>SPI_enableModule</name>
         <value>0x1f69</value>
         <object_component_ref idref="oc-2da"/>
      </symbol>
      <symbol id="sm-3a9">
         <name>EUSCI_A_SPI_transmitData</name>
         <value>0x20bf</value>
         <object_component_ref idref="oc-380"/>
      </symbol>
      <symbol id="sm-3aa">
         <name>EUSCI_B_SPI_transmitData</name>
         <value>0x20c3</value>
         <object_component_ref idref="oc-37a"/>
      </symbol>
      <symbol id="sm-3ab">
         <name>SPI_transmitData</name>
         <value>0x1ed1</value>
         <object_component_ref idref="oc-349"/>
      </symbol>
      <symbol id="sm-3ac">
         <name>EUSCI_A_SPI_enable</name>
         <value>0x2089</value>
         <object_component_ref idref="oc-340"/>
      </symbol>
      <symbol id="sm-3ad">
         <name>SPI_initMaster</name>
         <value>0x1279</value>
         <object_component_ref idref="oc-2d4"/>
      </symbol>
      <symbol id="sm-3d0">
         <name>SysCtl_getNMISourceStatus</name>
         <value>0x20a1</value>
         <object_component_ref idref="oc-2b2"/>
      </symbol>
      <symbol id="sm-3d1">
         <name>SysCtl_enableNMISource</name>
         <value>0x205d</value>
         <object_component_ref idref="oc-2c4"/>
      </symbol>
      <symbol id="sm-3d2">
         <name>SysCtl_disableNMISource</name>
         <value>0x204d</value>
         <object_component_ref idref="oc-2b8"/>
      </symbol>
      <symbol id="sm-3f6">
         <name>Timer_A_generatePWM</name>
         <value>0x1abd</value>
         <object_component_ref idref="oc-150"/>
      </symbol>
      <symbol id="sm-40e">
         <name>arm_copy_q15</name>
         <value>0x19dd</value>
         <object_component_ref idref="oc-1b4"/>
      </symbol>
      <symbol id="sm-41f">
         <name>arm_copy_q7</name>
         <value>0x1b03</value>
         <object_component_ref idref="oc-1a8"/>
      </symbol>
      <symbol id="sm-432">
         <name>arm_mean_f32</name>
         <value>0x1751</value>
         <object_component_ref idref="oc-26f"/>
      </symbol>
      <symbol id="sm-44e">
         <name>arm_fir_f32</name>
         <value>0x511</value>
         <object_component_ref idref="oc-28d"/>
      </symbol>
      <symbol id="sm-45b">
         <name>arm_fir_init_f32</name>
         <value>0x1f11</value>
         <object_component_ref idref="oc-287"/>
      </symbol>
      <symbol id="sm-46c">
         <name>arm_mult_f32</name>
         <value>0x130d</value>
         <object_component_ref idref="oc-27b"/>
      </symbol>
      <symbol id="sm-47d">
         <name>arm_offset_f32</name>
         <value>0x1679</value>
         <object_component_ref idref="oc-275"/>
      </symbol>
      <symbol id="sm-48e">
         <name>arm_scale_f32</name>
         <value>0x16e5</value>
         <object_component_ref idref="oc-281"/>
      </symbol>
      <symbol id="sm-49f">
         <name>_c_int00</name>
         <value>0x18e5</value>
         <object_component_ref idref="oc-25"/>
      </symbol>
      <symbol id="sm-4a0">
         <name>__stack</name>
         <value>0x2000fe00</value>
         <object_component_ref idref="oc-2b"/>
      </symbol>
      <symbol id="sm-4be">
         <name>__TI_decompress_lzss</name>
         <value>0x17b9</value>
         <object_component_ref idref="oc-13"/>
      </symbol>
      <symbol id="sm-4d5">
         <name>__TI_decompress_none</name>
         <value>0x206d</value>
         <object_component_ref idref="oc-19"/>
      </symbol>
      <symbol id="sm-4e7">
         <name>__TI_zero_init</name>
         <value>0x20ad</value>
         <object_component_ref idref="oc-1f"/>
      </symbol>
      <symbol id="sm-4f9">
         <name>sqrtf</name>
         <value>0x1e41</value>
         <object_component_ref idref="oc-293"/>
      </symbol>
      <symbol id="sm-501">
         <name>errno</name>
         <value>0x20002da0</value>
         <object_component_ref idref="oc-324"/>
      </symbol>
      <symbol id="sm-522">
         <name>C$$EXIT</name>
         <value>0x1939</value>
         <object_component_ref idref="oc-88"/>
      </symbol>
      <symbol id="sm-523">
         <name>abort</name>
         <value>0x193d</value>
         <object_component_ref idref="oc-88"/>
      </symbol>
      <symbol id="sm-524">
         <name>exit</name>
         <value>0x1945</value>
         <object_component_ref idref="oc-88"/>
      </symbol>
      <symbol id="sm-525">
         <name>__TI_dtors_ptr</name>
         <value>0x20002d78</value>
         <object_component_ref idref="oc-f5"/>
      </symbol>
      <symbol id="sm-526">
         <name>__TI_cleanup_ptr</name>
         <value>0x20002d74</value>
         <object_component_ref idref="oc-f5"/>
      </symbol>
      <symbol id="sm-527">
         <name>__TI_enable_exit_profile_output</name>
         <value>0x20002d7c</value>
         <object_component_ref idref="oc-f5"/>
      </symbol>
      <symbol id="sm-53b">
         <name>__aeabi_ddiv</name>
         <value>0xcb5</value>
         <object_component_ref idref="oc-2f7"/>
      </symbol>
      <symbol id="sm-545">
         <name>__aeabi_d2uiz</name>
         <value>0x1b8d</value>
         <object_component_ref idref="oc-1a3"/>
      </symbol>
      <symbol id="sm-550">
         <name>__aeabi_f2d</name>
         <value>0x1d79</value>
         <object_component_ref idref="oc-198"/>
      </symbol>
      <symbol id="sm-56b">
         <name>memcpy</name>
         <value>0x11dd</value>
         <object_component_ref idref="oc-58"/>
      </symbol>
      <symbol id="sm-56c">
         <name>__aeabi_memcpy</name>
         <value>0x11dd</value>
         <object_component_ref idref="oc-58"/>
      </symbol>
      <symbol id="sm-56d">
         <name>__aeabi_memcpy8</name>
         <value>0x11dd</value>
         <object_component_ref idref="oc-58"/>
      </symbol>
      <symbol id="sm-56e">
         <name>__aeabi_memcpy4</name>
         <value>0x11dd</value>
         <object_component_ref idref="oc-58"/>
      </symbol>
      <symbol id="sm-57d">
         <name>__aeabi_memset</name>
         <value>0x151f</value>
         <object_component_ref idref="oc-64"/>
      </symbol>
      <symbol id="sm-57e">
         <name>memset</name>
         <value>0x1525</value>
         <object_component_ref idref="oc-64"/>
      </symbol>
      <symbol id="sm-57f">
         <name>__aeabi_memset8</name>
         <value>0x151f</value>
         <object_component_ref idref="oc-64"/>
      </symbol>
      <symbol id="sm-580">
         <name>__aeabi_memset4</name>
         <value>0x151f</value>
         <object_component_ref idref="oc-64"/>
      </symbol>
      <symbol id="sm-581">
         <name>__aeabi_memclr8</name>
         <value>0x151d</value>
         <object_component_ref idref="oc-64"/>
      </symbol>
      <symbol id="sm-582">
         <name>__aeabi_memclr4</name>
         <value>0x151d</value>
         <object_component_ref idref="oc-64"/>
      </symbol>
      <symbol id="sm-583">
         <name>__aeabi_memclr</name>
         <value>0x151d</value>
         <object_component_ref idref="oc-64"/>
      </symbol>
      <symbol id="sm-58d">
         <name>__mpu_init</name>
         <value>0x1597</value>
         <object_component_ref idref="oc-70"/>
      </symbol>
      <symbol id="sm-597">
         <name>_system_pre_init</name>
         <value>0x20c7</value>
         <object_component_ref idref="oc-76"/>
      </symbol>
      <symbol id="sm-5af">
         <name>roundl</name>
         <value>0xfc5</value>
         <object_component_ref idref="oc-19d"/>
      </symbol>
      <symbol id="sm-5b0">
         <name>round</name>
         <value>0xfc5</value>
         <object_component_ref idref="oc-19d"/>
      </symbol>
      <symbol id="sm-5b8">
         <name>main_func_sp</name>
         <value>0x20002da4</value>
         <object_component_ref idref="oc-8e"/>
      </symbol>
      <symbol id="sm-5d1">
         <name>_nop</name>
         <value>0x2027</value>
         <object_component_ref idref="oc-1da"/>
      </symbol>
      <symbol id="sm-5d2">
         <name>_lock</name>
         <value>0x20002d98</value>
         <object_component_ref idref="oc-f8"/>
      </symbol>
      <symbol id="sm-5d3">
         <name>_unlock</name>
         <value>0x20002d9c</value>
         <object_component_ref idref="oc-f8"/>
      </symbol>
      <symbol id="sm-5d4">
         <name>_register_lock</name>
         <value>0x201f</value>
         <object_component_ref idref="oc-1da"/>
      </symbol>
      <symbol id="sm-5d5">
         <name>_register_unlock</name>
         <value>0x2019</value>
         <object_component_ref idref="oc-1da"/>
      </symbol>
      <symbol id="sm-5e9">
         <name>_args_main</name>
         <value>0x1f9d</value>
         <object_component_ref idref="oc-82"/>
      </symbol>
      <symbol id="sm-613">
         <name>__TI_auto_init</name>
         <value>0x1609</value>
         <object_component_ref idref="oc-7c"/>
      </symbol>
      <symbol id="sm-62d">
         <name>copy_in</name>
         <value>0x1a29</value>
         <object_component_ref idref="oc-df"/>
      </symbol>
      <symbol id="sm-644">
         <name>__aeabi_dsub</name>
         <value>0x855</value>
         <object_component_ref idref="oc-257"/>
      </symbol>
      <symbol id="sm-645">
         <name>__aeabi_dadd</name>
         <value>0x85f</value>
         <object_component_ref idref="oc-257"/>
      </symbol>
      <symbol id="sm-667">
         <name>__aeabi_cdcmpeq</name>
         <value>0x1395</value>
         <object_component_ref idref="oc-262"/>
      </symbol>
      <symbol id="sm-668">
         <name>__aeabi_cdcmple</name>
         <value>0x1395</value>
         <object_component_ref idref="oc-262"/>
      </symbol>
      <symbol id="sm-669">
         <name>__aeabi_cdrcmple</name>
         <value>0x141b</value>
         <object_component_ref idref="oc-305"/>
      </symbol>
      <symbol id="sm-68b">
         <name>floorl</name>
         <value>0xded</value>
         <object_component_ref idref="oc-25c"/>
      </symbol>
      <symbol id="sm-68c">
         <name>floor</name>
         <value>0xded</value>
         <object_component_ref idref="oc-25c"/>
      </symbol>
      <symbol id="sm-696">
         <name>_system_post_cinit</name>
         <value>0x1d07</value>
         <object_component_ref idref="oc-e5"/>
      </symbol>
      <symbol id="sm-697">
         <name>__TI_static_base__</name>
         <value>0x0</value>
      </symbol>
      <symbol id="sm-69a">
         <name>SHT$$INIT_ARRAY$$Limit</name>
         <value>0x0</value>
      </symbol>
      <symbol id="sm-69b">
         <name>SHT$$INIT_ARRAY$$Base</name>
         <value>0x0</value>
      </symbol>
   </symbol_table>
   <title>Link successful</title>
</link_info>
