******************************************************************************
                  TI ARM Linker PC v16.9.6                     
******************************************************************************
>> Linked Fri Mar 30 16:00:25 2018

OUTPUT FILE NAME:   <BOOSTXL-EDUMKII_MicrophoneFFT_MSP432P401R.out>
ENTRY POINT SYMBOL: "_c_int00"  address: 000018e5


MEMORY CONFIGURATION

         name            origin    length      used     unused   attr    fill
----------------------  --------  ---------  --------  --------  ----  --------
  MAIN                  00000000   00040000  000021f6  0003de0a  R  X
  INFO                  00200000   00004000  00000000  00004000  R  X
  SRAM_CODE             01000000   00010000  00000000  00010000  RW X
  SRAM_DATA             20000000   00010000  00002fa6  0000d05a  RW  


SEGMENT ALLOCATION MAP

run origin  load origin   length   init length attrs members
----------  ----------- ---------- ----------- ----- -------
00000000    00000000    000021f8   000021f8    r-x
  00000000    00000000    00000144   00000144    r-- .intvecs
  00000144    00000144    00001f86   00001f86    r-x .text
  000020cc    000020cc    000000ac   000000ac    r-- .const
  00002178    00002178    00000080   00000080    r-- .cinit
20000000    20000000    00002da8   00000000    rw-
  20000000    20000000    00002d1a   00000000    rw- .bss
  20002d1c    20002d1c    0000008c   00000000    rw- .data
2000fe00    2000fe00    00000200   00000000    rw-
  2000fe00    2000fe00    00000200   00000000    rw- .stack


SECTION ALLOCATION MAP

 output                                  attributes/
section   page    origin      length       input sections
--------  ----  ----------  ----------   ----------------
.intvecs   0    00000000    00000144     
                  00000000    00000144     msp432_startup_ccs.obj (.intvecs)

.text      0    00000144    00001f86     
                  00000144    000003cc     main.obj (.text:main)
                  00000510    00000344     dsplib-msp432.lib : arm_fir_f32.obj (.text:arm_fir_f32)
                  00000854    000001b6     rtsv7M4_T_le_v4SPD16_eabi.lib : fd_add_t2.obj (.text)
                  00000a0a    00000002     msp432_startup_ccs.obj (.text:defaultISR)
                  00000a0c    00000154     adc14.obj (.text:_getIndexForMemRegister)
                  00000b60    00000154     decoder.obj (.text:decode_bits)
                  00000cb4    00000136     rtsv7M4_T_le_v4SPD16_eabi.lib : fd_div_t2.obj (.text)
                  00000dea    00000002     msp432_startup_ccs.obj (.text:faultISR)
                  00000dec    000000f8     rtsv7M4_T_le_v4SPD16_eabi.lib : s_floor.obj (.text)
                  00000ee4    000000e0     cs.obj (.text:CS_initClockSignal)
                  00000fc4    000000c0     rtsv7M4_T_le_v4SPD16_eabi.lib : s_round.obj (.text)
                  00001084    000000b2     timer_a.obj (.text:privateTimer_AProcessClockSourceDivider)
                  00001136    00000002     msp432_startup_ccs.obj (.text:nmiISR)
                  00001138    000000a4     cs.obj (.text:CS_startHFXTWithTimeout)
                  000011dc    0000009c     rtsv7M4_T_le_v4SPD16_eabi.lib : memcpy_t2.obj (.text)
                  00001278    00000094     spi.obj (.text:SPI_initMaster)
                  0000130c    00000088     dsplib-msp432.lib : arm_mult_f32.obj (.text:arm_mult_f32)
                  00001394    00000086     rtsv7M4_T_le_v4SPD16_eabi.lib : fd_cmp_t2.obj (.text:__aeabi_cdcmple)
                  0000141a    00000086                                   : fd_cmp_t2.obj (.text:__aeabi_cdrcmple)
                  000014a0    0000007c     dma.obj (.text:DMA_setChannelTransfer)
                  0000151c    0000007a     rtsv7M4_T_le_v4SPD16_eabi.lib : memset_t2.obj (.text)
                  00001596    00000002                                   : mpu_init.obj (.text)
                  00001598    00000070     adc14.obj (.text:ADC14_configureConversionMemory)
                  00001608    00000070     rtsv7M4_T_le_v4SPD16_eabi.lib : autoinit.obj (.text)
                  00001678    0000006c     dsplib-msp432.lib : arm_offset_f32.obj (.text:arm_offset_f32)
                  000016e4    0000006c                       : arm_scale_f32.obj (.text:arm_scale_f32)
                  00001750    00000068                       : arm_mean_f32.obj (.text:arm_mean_f32)
                  000017b8    00000068     rtsv7M4_T_le_v4SPD16_eabi.lib : copy_decompress_lzss.obj (.text:decompress:lzss)
                  00001820    00000064     main.obj (.text:DMA_INT1_IRQHandler)
                  00001884    00000060     cs.obj (.text:_CSGetHFXTFrequency)
                  000018e4    00000054     rtsv7M4_T_le_v4SPD16_eabi.lib : boot.obj (.text)
                  00001938    00000054                                   : exit.obj (.text)
                  0000198c    00000050     gpio.obj (.text:GPIO_setAsPeripheralModuleFunctionInputPin)
                  000019dc    0000004c     dsplib-msp432.lib : arm_copy_q15.obj (.text:arm_copy_q15)
                  00001a28    0000004c     rtsv7M4_T_le_v4SPD16_eabi.lib : cpy_tbl.obj (.text)
                  00001a74    00000048     adc14.obj (.text:ADC14_configureSingleSampleMode)
                  00001abc    00000046     timer_a.obj (.text:Timer_A_generatePWM)
                  00001b02    00000046     dsplib-msp432.lib : arm_copy_q7.obj (.text:arm_copy_q7)
                  00001b48    00000044     dma.obj (.text:DMA_disableChannelAttribute)
                  00001b8c    00000044     rtsv7M4_T_le_v4SPD16_eabi.lib : fd_tou_t2.obj (.text)
                  00001bd0    00000040     adc14.obj (.text:ADC14_initModule)
                  00001c10    00000040     adc14.obj (.text:ADC14_setSampleHoldTrigger)
                  00001c50    00000040     dma.obj (.text:DMA_getChannelAttribute)
                  00001c90    0000003c     minigen_controller.obj (.text:SpiWrite)
                  00001ccc    0000003a     minigen.obj (.text:minigen_adjustFreq)
                  00001d06    00000002     rtsv7M4_T_le_v4SPD16_eabi.lib : startup.obj (.text)
                  00001d08    00000038     minigen_controller.obj (.text:configSpi)
                  00001d40    00000038     minigen.obj (.text:minigen_reset)
                  00001d78    00000038     rtsv7M4_T_le_v4SPD16_eabi.lib : fs_tod_t2.obj (.text)
                  00001db0    00000030     spi.obj (.text:is_A_Module)
                  00001de0    00000030     minigen.obj (.text:minigen_setMode)
                  00001e10    00000030     minigen_controller.obj (.text:setup_local_oscillator)
                  00001e40    00000028     rtsv7M4_T_le_v4SPD16_eabi.lib : e_sqrtf.obj (.text)
                  00001e68    00000024     gpio.obj (.text:GPIO_setAsOutputPin)
                  00001e8c    00000024     minigen.obj (.text:minigen_setFreqAdjustMode)
                  00001eb0    00000020     dma.obj (.text:DMA_setChannelControl)
                  00001ed0    00000020     spi.obj (.text:SPI_transmitData)
                  00001ef0    00000020     minigen.obj (.text:minigen_freqCalc)
                  00001f10    0000001e     dsplib-msp432.lib : arm_fir_init_f32.obj (.text:arm_fir_init_f32)
                  00001f2e    00000002     --HOLE-- [fill = 0]
                  00001f30    0000001c     decoder.obj (.text:generate_code_sent)
                  00001f4c    0000001c     minigen.obj (.text:minigen_selectFreqReg)
                  00001f68    0000001a     spi.obj (.text:SPI_enableModule)
                  00001f82    00000002     --HOLE-- [fill = 0]
                  00001f84    00000018     gpio.obj (.text:GPIO_setOutputLowOnPin)
                  00001f9c    00000018     rtsv7M4_T_le_v4SPD16_eabi.lib : args_main.obj (.text)
                  00001fb4    00000014     adc14.obj (.text:ADCIsConversionRunning)
                  00001fc8    00000014     cs.obj (.text:CS_setExternalClockSourceFrequency)
                  00001fdc    00000014     gpio.obj (.text:GPIO_setOutputHighOnPin)
                  00001ff0    00000014     gpio.obj (.text:GPIO_toggleOutputOnPin)
                  00002004    00000014     msp432_startup_ccs.obj (.text:resetISR)
                  00002018    00000014     rtsv7M4_T_le_v4SPD16_eabi.lib : _lock.obj (.text)
                  0000202c    00000010     adc14.obj (.text:ADC14_enableModule)
                  0000203c    00000010     dma.obj (.text:DMA_enableModule)
                  0000204c    00000010     sysctl.obj (.text:SysCtl_disableNMISource)
                  0000205c    00000010     sysctl.obj (.text:SysCtl_enableNMISource)
                  0000206c    0000000e     rtsv7M4_T_le_v4SPD16_eabi.lib : copy_decompress_none.obj (.text:decompress:none)
                  0000207a    00000002     --HOLE-- [fill = 0]
                  0000207c    0000000c     dma.obj (.text:DMA_setControlBase)
                  00002088    0000000c     spi.obj (.text:EUSCI_A_SPI_enable)
                  00002094    0000000c     spi.obj (.text:EUSCI_B_SPI_enable)
                  000020a0    0000000c     sysctl.obj (.text:SysCtl_getNMISourceStatus)
                  000020ac    0000000c     rtsv7M4_T_le_v4SPD16_eabi.lib : copy_zero_init.obj (.text:decompress:ZI)
                  000020b8    00000006     cs.obj (.text:CS_startHFXT)
                  000020be    00000004     spi.obj (.text:EUSCI_A_SPI_transmitData)
                  000020c2    00000004     spi.obj (.text:EUSCI_B_SPI_transmitData)
                  000020c6    00000004     rtsv7M4_T_le_v4SPD16_eabi.lib : pre_init.obj (.text)

.const     0    000020cc    000000ac     
                  000020cc    00000080     adc14.obj (.const:_ctlRegs)
                  0000214c    0000001c     minigen_controller.obj (.const:spiMasterConfig)
                  00002168    00000010     decoder.obj (.const:firCoeffs32)

.cinit     0    00002178    00000080     
                  00002178    0000005b     (.cinit..data.load) [load image, compression = lzss]
                  000021d3    00000001     --HOLE-- [fill = 0]
                  000021d4    0000000c     (__TI_handler_table)
                  000021e0    00000008     (.cinit..bss.load) [load image, compression = zero_init]
                  000021e8    00000010     (__TI_cinit_table)

.bss       0    20000000    00002d1a     UNINITIALIZED
                  20000000    00001770     (.common:merged_bit_sequence)
                  20001770    000007d0     (.common:data_array1)
                  20001f40    000007d0     (.common:data_array2)
                  20002710    000003e8     (.common:intermediate_bit_sequence)
                  20002af8    00000008     cs.obj (.bss)
                  20002b00    00000100     (.common:controlTable)
                  20002c00    00000080     (.common:code_sent)
                  20002c80    00000080     (.common:received_code)
                  20002d00    00000004     (.common:i)
                  20002d04    00000004     (.common:idx)
                  20002d08    00000004     (.common:idx2)
                  20002d0c    00000004     (.common:last_idx)
                  20002d10    00000004     (.common:nbits)
                  20002d14    00000004     (.common:symbol_sequence_idx)
                  20002d18    00000002     (.common:configReg)

.data      0    20002d1c    0000008c     UNINITIALIZED
                  20002d1c    00000030     gpio.obj (.data:GPIO_PORT_TO_BASE)
                  20002d4c    00000018     main.obj (.data:pwmConfig)
                  20002d64    00000010     main.obj (.data:preamble)
                  20002d74    0000000c     rtsv7M4_T_le_v4SPD16_eabi.lib : exit.obj (.data:$O1$$)
                  20002d80    0000000c     decoder.obj (.data)
                  20002d8c    00000009     main.obj (.data)
                  20002d95    00000003     --HOLE--
                  20002d98    00000008     rtsv7M4_T_le_v4SPD16_eabi.lib : _lock.obj (.data:$O1$$)
                  20002da0    00000004                                   : errno.obj (.data)
                  20002da4    00000004                                   : stkdepth_vars.obj (.data)

.stack     0    2000fe00    00000200     UNINITIALIZED
                  2000fe00    00000200     --HOLE--

MODULE SUMMARY

       Module                     code   ro data   rw data
       ------                     ----   -------   -------
    .\
       main.obj                   1072   0         11457  
       decoder.obj                368    16        140    
       msp432_startup_ccs.obj     26     324       0      
       minigen.obj                258    0         2      
       minigen_controller.obj     164    28        0      
    +--+--------------------------+------+---------+---------+
       Total:                     1888   368       11599  
                                                          
    .\driverlib\MSP432P4xx\
       adc14.obj                  688    128       0      
       cs.obj                     510    0         8      
       dma.obj                    316    0         0      
       spi.obj                    286    0         0      
       timer_a.obj                248    0         0      
       gpio.obj                   180    0         48     
       sysctl.obj                 44     0         0      
    +--+--------------------------+------+---------+---------+
       Total:                     2272   128       56     
                                                          
    ../dsplib-msp432.lib
       arm_fir_f32.obj            836    0         0      
       arm_mult_f32.obj           136    0         0      
       arm_offset_f32.obj         108    0         0      
       arm_scale_f32.obj          108    0         0      
       arm_mean_f32.obj           104    0         0      
       arm_copy_q15.obj           76     0         0      
       arm_copy_q7.obj            70     0         0      
       arm_fir_init_f32.obj       30     0         0      
    +--+--------------------------+------+---------+---------+
       Total:                     1468   0         0      
                                                          
    C:\ti\ccsv7\tools\compiler\ti-cgt-arm_16.9.6.LTS\lib\rtsv7M4_T_le_v4SPD16_eabi.lib
       fd_add_t2.obj              438    0         0      
       fd_div_t2.obj              310    0         0      
       fd_cmp_t2.obj              268    0         0      
       s_floor.obj                248    0         0      
       s_round.obj                192    0         0      
       memcpy_t2.obj              156    0         0      
       memset_t2.obj              122    0         0      
       autoinit.obj               112    0         0      
       copy_decompress_lzss.obj   104    0         0      
       exit.obj                   84     0         12     
       boot.obj                   84     0         0      
       cpy_tbl.obj                76     0         0      
       fd_tou_t2.obj              68     0         0      
       fs_tod_t2.obj              56     0         0      
       e_sqrtf.obj                40     0         0      
       _lock.obj                  20     0         8      
       args_main.obj              24     0         0      
       copy_decompress_none.obj   14     0         0      
       copy_zero_init.obj         12     0         0      
       errno.obj                  0      0         4      
       pre_init.obj               4      0         0      
       stkdepth_vars.obj          0      0         4      
       mpu_init.obj               2      0         0      
       startup.obj                2      0         0      
    +--+--------------------------+------+---------+---------+
       Total:                     2436   0         28     
                                                          
       Stack:                     0      0         512    
       Linker Generated:          0      127       0      
    +--+--------------------------+------+---------+---------+
       Grand Total:               8064   623       12195  


LINKER GENERATED COPY TABLES

__TI_cinit_table @ 000021e8 records: 2, size/record: 8, table size: 16
	.data: load addr=00002178, load size=0000005b bytes, run addr=20002d1c, run size=0000008c bytes, compression=lzss
	.bss: load addr=000021e0, load size=00000008 bytes, run addr=20000000, run size=00002d1a bytes, compression=zero_init


LINKER GENERATED HANDLER TABLE

__TI_handler_table @ 000021d4 records: 3, size/record: 4, table size: 12
	index: 0, handler: __TI_decompress_lzss
	index: 1, handler: __TI_decompress_none
	index: 2, handler: __TI_zero_init


GLOBAL SYMBOLS: SORTED ALPHABETICALLY BY Name 

address   name                                      
-------   ----                                      
00001599  ADC14_configureConversionMemory           
00001a75  ADC14_configureSingleSampleMode           
0000202d  ADC14_enableModule                        
00001bd1  ADC14_initModule                          
00001c11  ADC14_setSampleHoldTrigger                
00001939  C$$EXIT                                   
00000ee5  CS_initClockSignal                        
00001fc9  CS_setExternalClockSourceFrequency        
000020b9  CS_startHFXT                              
00001139  CS_startHFXTWithTimeout                   
00001821  DMA_INT1_IRQHandler                       
00001b49  DMA_disableChannelAttribute               
0000203d  DMA_enableModule                          
00001c51  DMA_getChannelAttribute                   
00001eb1  DMA_setChannelControl                     
000014a1  DMA_setChannelTransfer                    
0000207d  DMA_setControlBase                        
00002089  EUSCI_A_SPI_enable                        
000020bf  EUSCI_A_SPI_transmitData                  
00002095  EUSCI_B_SPI_enable                        
000020c3  EUSCI_B_SPI_transmitData                  
00001e69  GPIO_setAsOutputPin                       
0000198d  GPIO_setAsPeripheralModuleFunctionInputPin
00001fdd  GPIO_setOutputHighOnPin                   
00001f85  GPIO_setOutputLowOnPin                    
00001ff1  GPIO_toggleOutputOnPin                    
UNDEFED   SHT$$INIT_ARRAY$$Base                     
UNDEFED   SHT$$INIT_ARRAY$$Limit                    
00001f69  SPI_enableModule                          
00001279  SPI_initMaster                            
00001ed1  SPI_transmitData                          
00001c91  SpiWrite                                  
0000204d  SysCtl_disableNMISource                   
0000205d  SysCtl_enableNMISource                    
000020a1  SysCtl_getNMISourceStatus                 
00001abd  Timer_A_generatePWM                       
4000480c  WDTCTL_SYM                                
20010000  __STACK_END                               
00000200  __STACK_SIZE                              
000021e8  __TI_CINIT_Base                           
000021f8  __TI_CINIT_Limit                          
000021d4  __TI_Handler_Table_Base                   
000021e0  __TI_Handler_Table_Limit                  
00001609  __TI_auto_init                            
20002d74  __TI_cleanup_ptr                          
000017b9  __TI_decompress_lzss                      
0000206d  __TI_decompress_none                      
20002d78  __TI_dtors_ptr                            
20002d7c  __TI_enable_exit_profile_output           
ffffffff  __TI_pprof_out_hndl                       
ffffffff  __TI_prof_data_size                       
ffffffff  __TI_prof_data_start                      
00000000  __TI_static_base__                        
000020ad  __TI_zero_init                            
00001395  __aeabi_cdcmpeq                           
00001395  __aeabi_cdcmple                           
0000141b  __aeabi_cdrcmple                          
00001b8d  __aeabi_d2uiz                             
0000085f  __aeabi_dadd                              
00000cb5  __aeabi_ddiv                              
00000855  __aeabi_dsub                              
00001d79  __aeabi_f2d                               
0000151d  __aeabi_memclr                            
0000151d  __aeabi_memclr4                           
0000151d  __aeabi_memclr8                           
000011dd  __aeabi_memcpy                            
000011dd  __aeabi_memcpy4                           
000011dd  __aeabi_memcpy8                           
0000151f  __aeabi_memset                            
0000151f  __aeabi_memset4                           
0000151f  __aeabi_memset8                           
ffffffff  __binit__                                 
ffffffff  __c_args__                                
00001597  __mpu_init                                
2000fe00  __stack                                   
00001f9d  _args_main                                
000018e5  _c_int00                                  
20002d98  _lock                                     
00002027  _nop                                      
0000201f  _register_lock                            
00002019  _register_unlock                          
00001d07  _system_post_cinit                        
000020c7  _system_pre_init                          
20002d9c  _unlock                                   
0000193d  abort                                     
000019dd  arm_copy_q15                              
00001b03  arm_copy_q7                               
00000511  arm_fir_f32                               
00001f11  arm_fir_init_f32                          
00001751  arm_mean_f32                              
0000130d  arm_mult_f32                              
00001679  arm_offset_f32                            
000016e5  arm_scale_f32                             
ffffffff  binit                                     
20002d84  bitLength                                 
20002d80  blockSize                                 
20002d94  code_found                                
20002c00  code_sent                                 
20002d18  configReg                                 
00001d09  configSpi                                 
20002b00  controlTable                              
00001a29  copy_in                                   
20001770  data_array1                               
20001f40  data_array2                               
00000b61  decode_bits                               
20002d8c  doBitReverse                              
20002da0  errno                                     
00001945  exit                                      
00002168  firCoeffs32                               
00000ded  floor                                     
00000ded  floorl                                    
00001f31  generate_code_sent                        
20002d00  i                                         
20002d04  idx                                       
20002d08  idx2                                      
20002710  intermediate_bit_sequence                 
00000000  interruptVectors                          
20002d0c  last_idx                                  
00000145  main                                      
20002da4  main_func_sp                              
000011dd  memcpy                                    
00001525  memset                                    
20000000  merged_bit_sequence                       
00001ccd  minigen_adjustFreq                        
00001ef1  minigen_freqCalc                          
00001d41  minigen_reset                             
00001f4d  minigen_selectFreqReg                     
00001e8d  minigen_setFreqAdjustMode                 
00001de1  minigen_setMode                           
20002d10  nbits                                     
20002d64  preamble                                  
20002d4c  pwmConfig                                 
20002c80  received_code                             
00000fc5  round                                     
00000fc5  roundl                                    
00001e11  setup_local_oscillator                    
0000214c  spiMasterConfig                           
00001e41  sqrtf                                     
20002d90  switch_data                               
20002d14  symbol_sequence_idx                       
20002d88  threshold                                 


GLOBAL SYMBOLS: SORTED BY Symbol Address 

address   name                                      
-------   ----                                      
00000000  __TI_static_base__                        
00000000  interruptVectors                          
00000145  main                                      
00000200  __STACK_SIZE                              
00000511  arm_fir_f32                               
00000855  __aeabi_dsub                              
0000085f  __aeabi_dadd                              
00000b61  decode_bits                               
00000cb5  __aeabi_ddiv                              
00000ded  floor                                     
00000ded  floorl                                    
00000ee5  CS_initClockSignal                        
00000fc5  round                                     
00000fc5  roundl                                    
00001139  CS_startHFXTWithTimeout                   
000011dd  __aeabi_memcpy                            
000011dd  __aeabi_memcpy4                           
000011dd  __aeabi_memcpy8                           
000011dd  memcpy                                    
00001279  SPI_initMaster                            
0000130d  arm_mult_f32                              
00001395  __aeabi_cdcmpeq                           
00001395  __aeabi_cdcmple                           
0000141b  __aeabi_cdrcmple                          
000014a1  DMA_setChannelTransfer                    
0000151d  __aeabi_memclr                            
0000151d  __aeabi_memclr4                           
0000151d  __aeabi_memclr8                           
0000151f  __aeabi_memset                            
0000151f  __aeabi_memset4                           
0000151f  __aeabi_memset8                           
00001525  memset                                    
00001597  __mpu_init                                
00001599  ADC14_configureConversionMemory           
00001609  __TI_auto_init                            
00001679  arm_offset_f32                            
000016e5  arm_scale_f32                             
00001751  arm_mean_f32                              
000017b9  __TI_decompress_lzss                      
00001821  DMA_INT1_IRQHandler                       
000018e5  _c_int00                                  
00001939  C$$EXIT                                   
0000193d  abort                                     
00001945  exit                                      
0000198d  GPIO_setAsPeripheralModuleFunctionInputPin
000019dd  arm_copy_q15                              
00001a29  copy_in                                   
00001a75  ADC14_configureSingleSampleMode           
00001abd  Timer_A_generatePWM                       
00001b03  arm_copy_q7                               
00001b49  DMA_disableChannelAttribute               
00001b8d  __aeabi_d2uiz                             
00001bd1  ADC14_initModule                          
00001c11  ADC14_setSampleHoldTrigger                
00001c51  DMA_getChannelAttribute                   
00001c91  SpiWrite                                  
00001ccd  minigen_adjustFreq                        
00001d07  _system_post_cinit                        
00001d09  configSpi                                 
00001d41  minigen_reset                             
00001d79  __aeabi_f2d                               
00001de1  minigen_setMode                           
00001e11  setup_local_oscillator                    
00001e41  sqrtf                                     
00001e69  GPIO_setAsOutputPin                       
00001e8d  minigen_setFreqAdjustMode                 
00001eb1  DMA_setChannelControl                     
00001ed1  SPI_transmitData                          
00001ef1  minigen_freqCalc                          
00001f11  arm_fir_init_f32                          
00001f31  generate_code_sent                        
00001f4d  minigen_selectFreqReg                     
00001f69  SPI_enableModule                          
00001f85  GPIO_setOutputLowOnPin                    
00001f9d  _args_main                                
00001fc9  CS_setExternalClockSourceFrequency        
00001fdd  GPIO_setOutputHighOnPin                   
00001ff1  GPIO_toggleOutputOnPin                    
00002019  _register_unlock                          
0000201f  _register_lock                            
00002027  _nop                                      
0000202d  ADC14_enableModule                        
0000203d  DMA_enableModule                          
0000204d  SysCtl_disableNMISource                   
0000205d  SysCtl_enableNMISource                    
0000206d  __TI_decompress_none                      
0000207d  DMA_setControlBase                        
00002089  EUSCI_A_SPI_enable                        
00002095  EUSCI_B_SPI_enable                        
000020a1  SysCtl_getNMISourceStatus                 
000020ad  __TI_zero_init                            
000020b9  CS_startHFXT                              
000020bf  EUSCI_A_SPI_transmitData                  
000020c3  EUSCI_B_SPI_transmitData                  
000020c7  _system_pre_init                          
0000214c  spiMasterConfig                           
00002168  firCoeffs32                               
000021d4  __TI_Handler_Table_Base                   
000021e0  __TI_Handler_Table_Limit                  
000021e8  __TI_CINIT_Base                           
000021f8  __TI_CINIT_Limit                          
20000000  merged_bit_sequence                       
20001770  data_array1                               
20001f40  data_array2                               
20002710  intermediate_bit_sequence                 
20002b00  controlTable                              
20002c00  code_sent                                 
20002c80  received_code                             
20002d00  i                                         
20002d04  idx                                       
20002d08  idx2                                      
20002d0c  last_idx                                  
20002d10  nbits                                     
20002d14  symbol_sequence_idx                       
20002d18  configReg                                 
20002d4c  pwmConfig                                 
20002d64  preamble                                  
20002d74  __TI_cleanup_ptr                          
20002d78  __TI_dtors_ptr                            
20002d7c  __TI_enable_exit_profile_output           
20002d80  blockSize                                 
20002d84  bitLength                                 
20002d88  threshold                                 
20002d8c  doBitReverse                              
20002d90  switch_data                               
20002d94  code_found                                
20002d98  _lock                                     
20002d9c  _unlock                                   
20002da0  errno                                     
20002da4  main_func_sp                              
2000fe00  __stack                                   
20010000  __STACK_END                               
4000480c  WDTCTL_SYM                                
ffffffff  __TI_pprof_out_hndl                       
ffffffff  __TI_prof_data_size                       
ffffffff  __TI_prof_data_start                      
ffffffff  __binit__                                 
ffffffff  __c_args__                                
ffffffff  binit                                     
UNDEFED   SHT$$INIT_ARRAY$$Base                     
UNDEFED   SHT$$INIT_ARRAY$$Limit                    

[141 symbols]
