<?xml version="1.0"?>
<link_info>
   <banner>TI ARM Linker PC v16.9.6.LTS</banner>
   <copyright>Copyright (c) 1996-2017 Texas Instruments Incorporated</copyright>
   <link_time>0x5adf9ea7</link_time>
   <link_errors>0x0</link_errors>
   <output_file>touch_controller.out</output_file>
   <entry_point>
      <name>_c_int00</name>
      <address>0xd51</address>
   </entry_point>
   <input_file_list>
      <input_file id="fl-2">
         <path>.\</path>
         <kind>object</kind>
         <file>decoder.obj</file>
         <name>decoder.obj</name>
      </input_file>
      <input_file id="fl-3">
         <path>.\</path>
         <kind>object</kind>
         <file>main.obj</file>
         <name>main.obj</name>
      </input_file>
      <input_file id="fl-4">
         <path>.\</path>
         <kind>object</kind>
         <file>minigen.obj</file>
         <name>minigen.obj</name>
      </input_file>
      <input_file id="fl-5">
         <path>.\</path>
         <kind>object</kind>
         <file>minigen_controller.obj</file>
         <name>minigen_controller.obj</name>
      </input_file>
      <input_file id="fl-6">
         <path>.\</path>
         <kind>object</kind>
         <file>msp432_startup_ccs.obj</file>
         <name>msp432_startup_ccs.obj</name>
      </input_file>
      <input_file id="fl-7">
         <path>.\GrLib\fonts\</path>
         <kind>object</kind>
         <file>fontfixed6x8.obj</file>
         <name>fontfixed6x8.obj</name>
      </input_file>
      <input_file id="fl-8">
         <path>.\GrLib\grlib\</path>
         <kind>object</kind>
         <file>button.obj</file>
         <name>button.obj</name>
      </input_file>
      <input_file id="fl-9">
         <path>.\GrLib\grlib\</path>
         <kind>object</kind>
         <file>checkbox.obj</file>
         <name>checkbox.obj</name>
      </input_file>
      <input_file id="fl-a">
         <path>.\GrLib\grlib\</path>
         <kind>object</kind>
         <file>circle.obj</file>
         <name>circle.obj</name>
      </input_file>
      <input_file id="fl-b">
         <path>.\GrLib\grlib\</path>
         <kind>object</kind>
         <file>context.obj</file>
         <name>context.obj</name>
      </input_file>
      <input_file id="fl-c">
         <path>.\GrLib\grlib\</path>
         <kind>object</kind>
         <file>display.obj</file>
         <name>display.obj</name>
      </input_file>
      <input_file id="fl-d">
         <path>.\GrLib\grlib\</path>
         <kind>object</kind>
         <file>image.obj</file>
         <name>image.obj</name>
      </input_file>
      <input_file id="fl-e">
         <path>.\GrLib\grlib\</path>
         <kind>object</kind>
         <file>imageButton.obj</file>
         <name>imageButton.obj</name>
      </input_file>
      <input_file id="fl-f">
         <path>.\GrLib\grlib\</path>
         <kind>object</kind>
         <file>line.obj</file>
         <name>line.obj</name>
      </input_file>
      <input_file id="fl-10">
         <path>.\GrLib\grlib\</path>
         <kind>object</kind>
         <file>radioButton.obj</file>
         <name>radioButton.obj</name>
      </input_file>
      <input_file id="fl-11">
         <path>.\GrLib\grlib\</path>
         <kind>object</kind>
         <file>rectangle.obj</file>
         <name>rectangle.obj</name>
      </input_file>
      <input_file id="fl-12">
         <path>.\GrLib\grlib\</path>
         <kind>object</kind>
         <file>string.obj</file>
         <name>string.obj</name>
      </input_file>
      <input_file id="fl-13">
         <path>.\LcdDriver\</path>
         <kind>object</kind>
         <file>Crystalfontz128x128_ST7735.obj</file>
         <name>Crystalfontz128x128_ST7735.obj</name>
      </input_file>
      <input_file id="fl-14">
         <path>.\LcdDriver\</path>
         <kind>object</kind>
         <file>HAL_MSP_EXP432P401R_Crystalfontz128x128_ST7735.obj</file>
         <name>HAL_MSP_EXP432P401R_Crystalfontz128x128_ST7735.obj</name>
      </input_file>
      <input_file id="fl-15">
         <path>.\driverlib\MSP432P4xx\</path>
         <kind>object</kind>
         <file>adc14.obj</file>
         <name>adc14.obj</name>
      </input_file>
      <input_file id="fl-16">
         <path>.\driverlib\MSP432P4xx\</path>
         <kind>object</kind>
         <file>aes256.obj</file>
         <name>aes256.obj</name>
      </input_file>
      <input_file id="fl-17">
         <path>.\driverlib\MSP432P4xx\</path>
         <kind>object</kind>
         <file>comp_e.obj</file>
         <name>comp_e.obj</name>
      </input_file>
      <input_file id="fl-18">
         <path>.\driverlib\MSP432P4xx\</path>
         <kind>object</kind>
         <file>cpu.obj</file>
         <name>cpu.obj</name>
      </input_file>
      <input_file id="fl-19">
         <path>.\driverlib\MSP432P4xx\</path>
         <kind>object</kind>
         <file>crc32.obj</file>
         <name>crc32.obj</name>
      </input_file>
      <input_file id="fl-1a">
         <path>.\driverlib\MSP432P4xx\</path>
         <kind>object</kind>
         <file>cs.obj</file>
         <name>cs.obj</name>
      </input_file>
      <input_file id="fl-1b">
         <path>.\driverlib\MSP432P4xx\</path>
         <kind>object</kind>
         <file>dma.obj</file>
         <name>dma.obj</name>
      </input_file>
      <input_file id="fl-1c">
         <path>.\driverlib\MSP432P4xx\</path>
         <kind>object</kind>
         <file>flash.obj</file>
         <name>flash.obj</name>
      </input_file>
      <input_file id="fl-1d">
         <path>.\driverlib\MSP432P4xx\</path>
         <kind>object</kind>
         <file>fpu.obj</file>
         <name>fpu.obj</name>
      </input_file>
      <input_file id="fl-1e">
         <path>.\driverlib\MSP432P4xx\</path>
         <kind>object</kind>
         <file>gpio.obj</file>
         <name>gpio.obj</name>
      </input_file>
      <input_file id="fl-1f">
         <path>.\driverlib\MSP432P4xx\</path>
         <kind>object</kind>
         <file>i2c.obj</file>
         <name>i2c.obj</name>
      </input_file>
      <input_file id="fl-20">
         <path>.\driverlib\MSP432P4xx\</path>
         <kind>object</kind>
         <file>interrupt.obj</file>
         <name>interrupt.obj</name>
      </input_file>
      <input_file id="fl-21">
         <path>.\driverlib\MSP432P4xx\</path>
         <kind>object</kind>
         <file>mpu.obj</file>
         <name>mpu.obj</name>
      </input_file>
      <input_file id="fl-22">
         <path>.\driverlib\MSP432P4xx\</path>
         <kind>object</kind>
         <file>pcm.obj</file>
         <name>pcm.obj</name>
      </input_file>
      <input_file id="fl-23">
         <path>.\driverlib\MSP432P4xx\</path>
         <kind>object</kind>
         <file>pmap.obj</file>
         <name>pmap.obj</name>
      </input_file>
      <input_file id="fl-24">
         <path>.\driverlib\MSP432P4xx\</path>
         <kind>object</kind>
         <file>pss.obj</file>
         <name>pss.obj</name>
      </input_file>
      <input_file id="fl-25">
         <path>.\driverlib\MSP432P4xx\</path>
         <kind>object</kind>
         <file>ref_a.obj</file>
         <name>ref_a.obj</name>
      </input_file>
      <input_file id="fl-26">
         <path>.\driverlib\MSP432P4xx\</path>
         <kind>object</kind>
         <file>reset.obj</file>
         <name>reset.obj</name>
      </input_file>
      <input_file id="fl-27">
         <path>.\driverlib\MSP432P4xx\</path>
         <kind>object</kind>
         <file>rtc_c.obj</file>
         <name>rtc_c.obj</name>
      </input_file>
      <input_file id="fl-28">
         <path>.\driverlib\MSP432P4xx\</path>
         <kind>object</kind>
         <file>spi.obj</file>
         <name>spi.obj</name>
      </input_file>
      <input_file id="fl-29">
         <path>.\driverlib\MSP432P4xx\</path>
         <kind>object</kind>
         <file>sysctl.obj</file>
         <name>sysctl.obj</name>
      </input_file>
      <input_file id="fl-2a">
         <path>.\driverlib\MSP432P4xx\</path>
         <kind>object</kind>
         <file>systick.obj</file>
         <name>systick.obj</name>
      </input_file>
      <input_file id="fl-2b">
         <path>.\driverlib\MSP432P4xx\</path>
         <kind>object</kind>
         <file>timer32.obj</file>
         <name>timer32.obj</name>
      </input_file>
      <input_file id="fl-2c">
         <path>.\driverlib\MSP432P4xx\</path>
         <kind>object</kind>
         <file>timer_a.obj</file>
         <name>timer_a.obj</name>
      </input_file>
      <input_file id="fl-2d">
         <path>.\driverlib\MSP432P4xx\</path>
         <kind>object</kind>
         <file>uart.obj</file>
         <name>uart.obj</name>
      </input_file>
      <input_file id="fl-2e">
         <path>.\driverlib\MSP432P4xx\</path>
         <kind>object</kind>
         <file>wdt_a.obj</file>
         <name>wdt_a.obj</name>
      </input_file>
      <input_file id="fl-37">
         <kind>object</kind>
         <file>&lt;internal&gt;</file>
         <name>&lt;internal&gt;</name>
      </input_file>
      <input_file id="fl-38">
         <path>..\</path>
         <kind>archive</kind>
         <file>dsplib-msp432.lib</file>
         <name>arm_mean_f32.obj</name>
      </input_file>
      <input_file id="fl-39">
         <path>..\</path>
         <kind>archive</kind>
         <file>dsplib-msp432.lib</file>
         <name>arm_fir_f32.obj</name>
      </input_file>
      <input_file id="fl-3a">
         <path>..\</path>
         <kind>archive</kind>
         <file>dsplib-msp432.lib</file>
         <name>arm_fir_init_f32.obj</name>
      </input_file>
      <input_file id="fl-3b">
         <path>..\</path>
         <kind>archive</kind>
         <file>dsplib-msp432.lib</file>
         <name>arm_mult_f32.obj</name>
      </input_file>
      <input_file id="fl-3c">
         <path>..\</path>
         <kind>archive</kind>
         <file>dsplib-msp432.lib</file>
         <name>arm_offset_f32.obj</name>
      </input_file>
      <input_file id="fl-3d">
         <path>..\</path>
         <kind>archive</kind>
         <file>dsplib-msp432.lib</file>
         <name>arm_scale_f32.obj</name>
      </input_file>
      <input_file id="fl-f3">
         <path>C:\ti\ccsv7\tools\compiler\ti-cgt-arm_16.9.6.LTS\lib\</path>
         <kind>archive</kind>
         <file>rtsv7M4_T_le_v4SPD16_eabi.lib</file>
         <name>boot.obj</name>
      </input_file>
      <input_file id="fl-f4">
         <path>C:\ti\ccsv7\tools\compiler\ti-cgt-arm_16.9.6.LTS\lib\</path>
         <kind>archive</kind>
         <file>rtsv7M4_T_le_v4SPD16_eabi.lib</file>
         <name>copy_decompress_lzss.obj</name>
      </input_file>
      <input_file id="fl-f5">
         <path>C:\ti\ccsv7\tools\compiler\ti-cgt-arm_16.9.6.LTS\lib\</path>
         <kind>archive</kind>
         <file>rtsv7M4_T_le_v4SPD16_eabi.lib</file>
         <name>copy_decompress_none.obj</name>
      </input_file>
      <input_file id="fl-f6">
         <path>C:\ti\ccsv7\tools\compiler\ti-cgt-arm_16.9.6.LTS\lib\</path>
         <kind>archive</kind>
         <file>rtsv7M4_T_le_v4SPD16_eabi.lib</file>
         <name>copy_zero_init.obj</name>
      </input_file>
      <input_file id="fl-f7">
         <path>C:\ti\ccsv7\tools\compiler\ti-cgt-arm_16.9.6.LTS\lib\</path>
         <kind>archive</kind>
         <file>rtsv7M4_T_le_v4SPD16_eabi.lib</file>
         <name>e_sqrtf.obj</name>
      </input_file>
      <input_file id="fl-f8">
         <path>C:\ti\ccsv7\tools\compiler\ti-cgt-arm_16.9.6.LTS\lib\</path>
         <kind>archive</kind>
         <file>rtsv7M4_T_le_v4SPD16_eabi.lib</file>
         <name>errno.obj</name>
      </input_file>
      <input_file id="fl-f9">
         <path>C:\ti\ccsv7\tools\compiler\ti-cgt-arm_16.9.6.LTS\lib\</path>
         <kind>archive</kind>
         <file>rtsv7M4_T_le_v4SPD16_eabi.lib</file>
         <name>exit.obj</name>
      </input_file>
      <input_file id="fl-fa">
         <path>C:\ti\ccsv7\tools\compiler\ti-cgt-arm_16.9.6.LTS\lib\</path>
         <kind>archive</kind>
         <file>rtsv7M4_T_le_v4SPD16_eabi.lib</file>
         <name>fd_div_t2.obj</name>
      </input_file>
      <input_file id="fl-fb">
         <path>C:\ti\ccsv7\tools\compiler\ti-cgt-arm_16.9.6.LTS\lib\</path>
         <kind>archive</kind>
         <file>rtsv7M4_T_le_v4SPD16_eabi.lib</file>
         <name>fd_tou_t2.obj</name>
      </input_file>
      <input_file id="fl-fc">
         <path>C:\ti\ccsv7\tools\compiler\ti-cgt-arm_16.9.6.LTS\lib\</path>
         <kind>archive</kind>
         <file>rtsv7M4_T_le_v4SPD16_eabi.lib</file>
         <name>fs_tod_t2.obj</name>
      </input_file>
      <input_file id="fl-fd">
         <path>C:\ti\ccsv7\tools\compiler\ti-cgt-arm_16.9.6.LTS\lib\</path>
         <kind>archive</kind>
         <file>rtsv7M4_T_le_v4SPD16_eabi.lib</file>
         <name>memcpy_t2.obj</name>
      </input_file>
      <input_file id="fl-fe">
         <path>C:\ti\ccsv7\tools\compiler\ti-cgt-arm_16.9.6.LTS\lib\</path>
         <kind>archive</kind>
         <file>rtsv7M4_T_le_v4SPD16_eabi.lib</file>
         <name>memset_t2.obj</name>
      </input_file>
      <input_file id="fl-ff">
         <path>C:\ti\ccsv7\tools\compiler\ti-cgt-arm_16.9.6.LTS\lib\</path>
         <kind>archive</kind>
         <file>rtsv7M4_T_le_v4SPD16_eabi.lib</file>
         <name>mpu_init.obj</name>
      </input_file>
      <input_file id="fl-100">
         <path>C:\ti\ccsv7\tools\compiler\ti-cgt-arm_16.9.6.LTS\lib\</path>
         <kind>archive</kind>
         <file>rtsv7M4_T_le_v4SPD16_eabi.lib</file>
         <name>pre_init.obj</name>
      </input_file>
      <input_file id="fl-101">
         <path>C:\ti\ccsv7\tools\compiler\ti-cgt-arm_16.9.6.LTS\lib\</path>
         <kind>archive</kind>
         <file>rtsv7M4_T_le_v4SPD16_eabi.lib</file>
         <name>stkdepth_vars.obj</name>
      </input_file>
      <input_file id="fl-102">
         <path>C:\ti\ccsv7\tools\compiler\ti-cgt-arm_16.9.6.LTS\lib\</path>
         <kind>archive</kind>
         <file>rtsv7M4_T_le_v4SPD16_eabi.lib</file>
         <name>_lock.obj</name>
      </input_file>
      <input_file id="fl-103">
         <path>C:\ti\ccsv7\tools\compiler\ti-cgt-arm_16.9.6.LTS\lib\</path>
         <kind>archive</kind>
         <file>rtsv7M4_T_le_v4SPD16_eabi.lib</file>
         <name>args_main.obj</name>
      </input_file>
      <input_file id="fl-104">
         <path>C:\ti\ccsv7\tools\compiler\ti-cgt-arm_16.9.6.LTS\lib\</path>
         <kind>archive</kind>
         <file>rtsv7M4_T_le_v4SPD16_eabi.lib</file>
         <name>autoinit.obj</name>
      </input_file>
      <input_file id="fl-105">
         <path>C:\ti\ccsv7\tools\compiler\ti-cgt-arm_16.9.6.LTS\lib\</path>
         <kind>archive</kind>
         <file>rtsv7M4_T_le_v4SPD16_eabi.lib</file>
         <name>cpy_tbl.obj</name>
      </input_file>
      <input_file id="fl-106">
         <path>C:\ti\ccsv7\tools\compiler\ti-cgt-arm_16.9.6.LTS\lib\</path>
         <kind>archive</kind>
         <file>rtsv7M4_T_le_v4SPD16_eabi.lib</file>
         <name>startup.obj</name>
      </input_file>
   </input_file_list>
   <object_component_list>
      <object_component id="oc-10">
         <name>.intvecs</name>
         <load_address>0x0</load_address>
         <run_address>0x0</run_address>
         <size>0x144</size>
         <input_file_ref idref="fl-6"/>
      </object_component>
      <object_component id="oc-ed">
         <name>.text:main</name>
         <load_address>0x144</load_address>
         <run_address>0x144</run_address>
         <size>0x280</size>
         <input_file_ref idref="fl-3"/>
      </object_component>
      <object_component id="oc-20a">
         <name>.text:_getIndexForMemRegister</name>
         <load_address>0x3c4</load_address>
         <run_address>0x3c4</run_address>
         <size>0x154</size>
         <input_file_ref idref="fl-15"/>
      </object_component>
      <object_component id="oc-29e">
         <name>.text</name>
         <load_address>0x518</load_address>
         <run_address>0x518</run_address>
         <size>0x136</size>
         <input_file_ref idref="fl-fa"/>
      </object_component>
      <object_component id="oc-3e">
         <name>.text:defaultISR</name>
         <load_address>0x64e</load_address>
         <run_address>0x64e</run_address>
         <size>0x2</size>
         <input_file_ref idref="fl-6"/>
      </object_component>
      <object_component id="oc-143">
         <name>.text:CS_initClockSignal</name>
         <load_address>0x650</load_address>
         <run_address>0x650</run_address>
         <size>0xe0</size>
         <input_file_ref idref="fl-1a"/>
      </object_component>
      <object_component id="oc-1f8">
         <name>.text:privateTimer_AProcessClockSourceDivider</name>
         <load_address>0x730</load_address>
         <run_address>0x730</run_address>
         <size>0xb2</size>
         <input_file_ref idref="fl-2c"/>
      </object_component>
      <object_component id="oc-38">
         <name>.text:faultISR</name>
         <load_address>0x7e2</load_address>
         <run_address>0x7e2</run_address>
         <size>0x2</size>
         <input_file_ref idref="fl-6"/>
      </object_component>
      <object_component id="oc-1ea">
         <name>.text:CS_startHFXTWithTimeout</name>
         <load_address>0x7e4</load_address>
         <run_address>0x7e4</run_address>
         <size>0xa4</size>
         <input_file_ref idref="fl-1a"/>
      </object_component>
      <object_component id="oc-58">
         <name>.text</name>
         <load_address>0x888</load_address>
         <run_address>0x888</run_address>
         <size>0x9c</size>
         <input_file_ref idref="fl-fd"/>
      </object_component>
      <object_component id="oc-276">
         <name>.text:SPI_initMaster</name>
         <load_address>0x924</load_address>
         <run_address>0x924</run_address>
         <size>0x94</size>
         <input_file_ref idref="fl-28"/>
      </object_component>
      <object_component id="oc-15b">
         <name>.text:UART_initModule</name>
         <load_address>0x9b8</load_address>
         <run_address>0x9b8</run_address>
         <size>0x94</size>
         <input_file_ref idref="fl-2d"/>
      </object_component>
      <object_component id="oc-a8">
         <name>.text:DMA_setChannelTransfer</name>
         <load_address>0xa4c</load_address>
         <run_address>0xa4c</run_address>
         <size>0x7c</size>
         <input_file_ref idref="fl-1b"/>
      </object_component>
      <object_component id="oc-64">
         <name>.text</name>
         <load_address>0xac8</load_address>
         <run_address>0xac8</run_address>
         <size>0x7a</size>
         <input_file_ref idref="fl-fe"/>
      </object_component>
      <object_component id="oc-32">
         <name>.text:nmiISR</name>
         <load_address>0xb42</load_address>
         <run_address>0xb42</run_address>
         <size>0x2</size>
         <input_file_ref idref="fl-6"/>
      </object_component>
      <object_component id="oc-185">
         <name>.text:ADC14_configureConversionMemory</name>
         <load_address>0xb44</load_address>
         <run_address>0xb44</run_address>
         <size>0x70</size>
         <input_file_ref idref="fl-15"/>
      </object_component>
      <object_component id="oc-7c">
         <name>.text</name>
         <load_address>0xbb4</load_address>
         <run_address>0xbb4</run_address>
         <size>0x70</size>
         <input_file_ref idref="fl-104"/>
      </object_component>
      <object_component id="oc-13">
         <name>.text:decompress:lzss</name>
         <load_address>0xc24</load_address>
         <run_address>0xc24</run_address>
         <size>0x68</size>
         <input_file_ref idref="fl-f4"/>
      </object_component>
      <object_component id="oc-44">
         <name>.text:DMA_INT1_IRQHandler</name>
         <load_address>0xc8c</load_address>
         <run_address>0xc8c</run_address>
         <size>0x64</size>
         <input_file_ref idref="fl-3"/>
      </object_component>
      <object_component id="oc-25e">
         <name>.text:_CSGetHFXTFrequency</name>
         <load_address>0xcf0</load_address>
         <run_address>0xcf0</run_address>
         <size>0x60</size>
         <input_file_ref idref="fl-1a"/>
      </object_component>
      <object_component id="oc-25">
         <name>.text</name>
         <load_address>0xd50</load_address>
         <run_address>0xd50</run_address>
         <size>0x54</size>
         <input_file_ref idref="fl-f3"/>
      </object_component>
      <object_component id="oc-88">
         <name>.text</name>
         <load_address>0xda4</load_address>
         <run_address>0xda4</run_address>
         <size>0x54</size>
         <input_file_ref idref="fl-f9"/>
      </object_component>
      <object_component id="oc-155">
         <name>.text:GPIO_setAsPeripheralModuleFunctionInputPin</name>
         <load_address>0xdf8</load_address>
         <run_address>0xdf8</run_address>
         <size>0x50</size>
         <input_file_ref idref="fl-1e"/>
      </object_component>
      <object_component id="oc-df">
         <name>.text</name>
         <load_address>0xe48</load_address>
         <run_address>0xe48</run_address>
         <size>0x4c</size>
         <input_file_ref idref="fl-105"/>
      </object_component>
      <object_component id="oc-17f">
         <name>.text:ADC14_configureSingleSampleMode</name>
         <load_address>0xe94</load_address>
         <run_address>0xe94</run_address>
         <size>0x48</size>
         <input_file_ref idref="fl-15"/>
      </object_component>
      <object_component id="oc-167">
         <name>.text:Timer_A_generatePWM</name>
         <load_address>0xedc</load_address>
         <run_address>0xedc</run_address>
         <size>0x46</size>
         <input_file_ref idref="fl-2c"/>
      </object_component>
      <object_component id="oc-70">
         <name>.text</name>
         <load_address>0xf22</load_address>
         <run_address>0xf22</run_address>
         <size>0x2</size>
         <input_file_ref idref="fl-ff"/>
      </object_component>
      <object_component id="oc-197">
         <name>.text:DMA_disableChannelAttribute</name>
         <load_address>0xf24</load_address>
         <run_address>0xf24</run_address>
         <size>0x44</size>
         <input_file_ref idref="fl-1b"/>
      </object_component>
      <object_component id="oc-2a3">
         <name>.text</name>
         <load_address>0xf68</load_address>
         <run_address>0xf68</run_address>
         <size>0x44</size>
         <input_file_ref idref="fl-fb"/>
      </object_component>
      <object_component id="oc-173">
         <name>.text:ADC14_initModule</name>
         <load_address>0xfac</load_address>
         <run_address>0xfac</run_address>
         <size>0x40</size>
         <input_file_ref idref="fl-15"/>
      </object_component>
      <object_component id="oc-179">
         <name>.text:ADC14_setSampleHoldTrigger</name>
         <load_address>0xfec</load_address>
         <run_address>0xfec</run_address>
         <size>0x40</size>
         <input_file_ref idref="fl-15"/>
      </object_component>
      <object_component id="oc-9c">
         <name>.text:DMA_getChannelAttribute</name>
         <load_address>0x102c</load_address>
         <run_address>0x102c</run_address>
         <size>0x40</size>
         <input_file_ref idref="fl-1b"/>
      </object_component>
      <object_component id="oc-286">
         <name>.text:SpiWrite</name>
         <load_address>0x106c</load_address>
         <run_address>0x106c</run_address>
         <size>0x3c</size>
         <input_file_ref idref="fl-5"/>
      </object_component>
      <object_component id="oc-238">
         <name>.text:minigen_adjustFreq</name>
         <load_address>0x10a8</load_address>
         <run_address>0x10a8</run_address>
         <size>0x3a</size>
         <input_file_ref idref="fl-4"/>
      </object_component>
      <object_component id="oc-e5">
         <name>.text</name>
         <load_address>0x10e2</load_address>
         <run_address>0x10e2</run_address>
         <size>0x2</size>
         <input_file_ref idref="fl-106"/>
      </object_component>
      <object_component id="oc-21a">
         <name>.text:configSpi</name>
         <load_address>0x10e4</load_address>
         <run_address>0x10e4</run_address>
         <size>0x38</size>
         <input_file_ref idref="fl-5"/>
      </object_component>
      <object_component id="oc-220">
         <name>.text:minigen_reset</name>
         <load_address>0x111c</load_address>
         <run_address>0x111c</run_address>
         <size>0x38</size>
         <input_file_ref idref="fl-4"/>
      </object_component>
      <object_component id="oc-299">
         <name>.text</name>
         <load_address>0x1154</load_address>
         <run_address>0x1154</run_address>
         <size>0x38</size>
         <input_file_ref idref="fl-fc"/>
      </object_component>
      <object_component id="oc-2b5">
         <name>.text:is_A_Module</name>
         <load_address>0x118c</load_address>
         <run_address>0x118c</run_address>
         <size>0x30</size>
         <input_file_ref idref="fl-28"/>
      </object_component>
      <object_component id="oc-226">
         <name>.text:minigen_setMode</name>
         <load_address>0x11bc</load_address>
         <run_address>0x11bc</run_address>
         <size>0x30</size>
         <input_file_ref idref="fl-4"/>
      </object_component>
      <object_component id="oc-1a3">
         <name>.text:setup_local_oscillator</name>
         <load_address>0x11ec</load_address>
         <run_address>0x11ec</run_address>
         <size>0x30</size>
         <input_file_ref idref="fl-5"/>
      </object_component>
      <object_component id="oc-149">
         <name>.text:GPIO_setAsOutputPin</name>
         <load_address>0x121c</load_address>
         <run_address>0x121c</run_address>
         <size>0x24</size>
         <input_file_ref idref="fl-1e"/>
      </object_component>
      <object_component id="oc-2a9">
         <name>.text:minigen_setFreqAdjustMode</name>
         <load_address>0x1240</load_address>
         <run_address>0x1240</run_address>
         <size>0x24</size>
         <input_file_ref idref="fl-4"/>
      </object_component>
      <object_component id="oc-a2">
         <name>.text:DMA_setChannelControl</name>
         <load_address>0x1264</load_address>
         <run_address>0x1264</run_address>
         <size>0x20</size>
         <input_file_ref idref="fl-1b"/>
      </object_component>
      <object_component id="oc-2cc">
         <name>.text:SPI_transmitData</name>
         <load_address>0x1284</load_address>
         <run_address>0x1284</run_address>
         <size>0x20</size>
         <input_file_ref idref="fl-28"/>
      </object_component>
      <object_component id="oc-232">
         <name>.text:minigen_freqCalc</name>
         <load_address>0x12a4</load_address>
         <run_address>0x12a4</run_address>
         <size>0x20</size>
         <input_file_ref idref="fl-4"/>
      </object_component>
      <object_component id="oc-19d">
         <name>.text:generate_code_sent</name>
         <load_address>0x12c4</load_address>
         <run_address>0x12c4</run_address>
         <size>0x1c</size>
         <input_file_ref idref="fl-2"/>
      </object_component>
      <object_component id="oc-22c">
         <name>.text:minigen_selectFreqReg</name>
         <load_address>0x12e0</load_address>
         <run_address>0x12e0</run_address>
         <size>0x1c</size>
         <input_file_ref idref="fl-4"/>
      </object_component>
      <object_component id="oc-27c">
         <name>.text:SPI_enableModule</name>
         <load_address>0x12fc</load_address>
         <run_address>0x12fc</run_address>
         <size>0x1a</size>
         <input_file_ref idref="fl-28"/>
      </object_component>
      <object_component id="oc-14f">
         <name>.text:GPIO_setOutputLowOnPin</name>
         <load_address>0x1318</load_address>
         <run_address>0x1318</run_address>
         <size>0x18</size>
         <input_file_ref idref="fl-1e"/>
      </object_component>
      <object_component id="oc-82">
         <name>.text</name>
         <load_address>0x1330</load_address>
         <run_address>0x1330</run_address>
         <size>0x18</size>
         <input_file_ref idref="fl-103"/>
      </object_component>
      <object_component id="oc-201">
         <name>.text:ADCIsConversionRunning</name>
         <load_address>0x1348</load_address>
         <run_address>0x1348</run_address>
         <size>0x14</size>
         <input_file_ref idref="fl-15"/>
      </object_component>
      <object_component id="oc-137">
         <name>.text:CS_setExternalClockSourceFrequency</name>
         <load_address>0x135c</load_address>
         <run_address>0x135c</run_address>
         <size>0x14</size>
         <input_file_ref idref="fl-1a"/>
      </object_component>
      <object_component id="oc-1a9">
         <name>.text:GPIO_setOutputHighOnPin</name>
         <load_address>0x1370</load_address>
         <run_address>0x1370</run_address>
         <size>0x14</size>
         <input_file_ref idref="fl-1e"/>
      </object_component>
      <object_component id="oc-96">
         <name>.text:GPIO_toggleOutputOnPin</name>
         <load_address>0x1384</load_address>
         <run_address>0x1384</run_address>
         <size>0x14</size>
         <input_file_ref idref="fl-1e"/>
      </object_component>
      <object_component id="oc-2c">
         <name>.text:resetISR</name>
         <load_address>0x1398</load_address>
         <run_address>0x1398</run_address>
         <size>0x14</size>
         <input_file_ref idref="fl-6"/>
      </object_component>
      <object_component id="oc-1c0">
         <name>.text</name>
         <load_address>0x13ac</load_address>
         <run_address>0x13ac</run_address>
         <size>0x14</size>
         <input_file_ref idref="fl-102"/>
      </object_component>
      <object_component id="oc-16d">
         <name>.text:ADC14_enableModule</name>
         <load_address>0x13c0</load_address>
         <run_address>0x13c0</run_address>
         <size>0x10</size>
         <input_file_ref idref="fl-15"/>
      </object_component>
      <object_component id="oc-18b">
         <name>.text:DMA_enableModule</name>
         <load_address>0x13d0</load_address>
         <run_address>0x13d0</run_address>
         <size>0x10</size>
         <input_file_ref idref="fl-1b"/>
      </object_component>
      <object_component id="oc-258">
         <name>.text:SysCtl_disableNMISource</name>
         <load_address>0x13e0</load_address>
         <run_address>0x13e0</run_address>
         <size>0x10</size>
         <input_file_ref idref="fl-29"/>
      </object_component>
      <object_component id="oc-264">
         <name>.text:SysCtl_enableNMISource</name>
         <load_address>0x13f0</load_address>
         <run_address>0x13f0</run_address>
         <size>0x10</size>
         <input_file_ref idref="fl-29"/>
      </object_component>
      <object_component id="oc-19">
         <name>.text:decompress:none</name>
         <load_address>0x1400</load_address>
         <run_address>0x1400</run_address>
         <size>0xe</size>
         <input_file_ref idref="fl-f5"/>
      </object_component>
      <object_component id="oc-191">
         <name>.text:DMA_setControlBase</name>
         <load_address>0x1410</load_address>
         <run_address>0x1410</run_address>
         <size>0xc</size>
         <input_file_ref idref="fl-1b"/>
      </object_component>
      <object_component id="oc-2c3">
         <name>.text:EUSCI_A_SPI_enable</name>
         <load_address>0x141c</load_address>
         <run_address>0x141c</run_address>
         <size>0xc</size>
         <input_file_ref idref="fl-28"/>
      </object_component>
      <object_component id="oc-2bd">
         <name>.text:EUSCI_B_SPI_enable</name>
         <load_address>0x1428</load_address>
         <run_address>0x1428</run_address>
         <size>0xc</size>
         <input_file_ref idref="fl-28"/>
      </object_component>
      <object_component id="oc-252">
         <name>.text:SysCtl_getNMISourceStatus</name>
         <load_address>0x1434</load_address>
         <run_address>0x1434</run_address>
         <size>0xc</size>
         <input_file_ref idref="fl-29"/>
      </object_component>
      <object_component id="oc-161">
         <name>.text:UART_enableModule</name>
         <load_address>0x1440</load_address>
         <run_address>0x1440</run_address>
         <size>0xc</size>
         <input_file_ref idref="fl-2d"/>
      </object_component>
      <object_component id="oc-1f">
         <name>.text:decompress:ZI</name>
         <load_address>0x144c</load_address>
         <run_address>0x144c</run_address>
         <size>0xc</size>
         <input_file_ref idref="fl-f6"/>
      </object_component>
      <object_component id="oc-13d">
         <name>.text:CS_startHFXT</name>
         <load_address>0x1458</load_address>
         <run_address>0x1458</run_address>
         <size>0x6</size>
         <input_file_ref idref="fl-1a"/>
      </object_component>
      <object_component id="oc-2ed">
         <name>.text:EUSCI_A_SPI_transmitData</name>
         <load_address>0x145e</load_address>
         <run_address>0x145e</run_address>
         <size>0x4</size>
         <input_file_ref idref="fl-28"/>
      </object_component>
      <object_component id="oc-2e7">
         <name>.text:EUSCI_B_SPI_transmitData</name>
         <load_address>0x1462</load_address>
         <run_address>0x1462</run_address>
         <size>0x4</size>
         <input_file_ref idref="fl-28"/>
      </object_component>
      <object_component id="oc-76">
         <name>.text</name>
         <load_address>0x1466</load_address>
         <run_address>0x1466</run_address>
         <size>0x4</size>
         <input_file_ref idref="fl-100"/>
      </object_component>
      <object_component id="oc-211">
         <name>.const:_ctlRegs</name>
         <load_address>0x146c</load_address>
         <run_address>0x146c</run_address>
         <size>0x80</size>
         <input_file_ref idref="fl-15"/>
      </object_component>
      <object_component id="oc-1af">
         <name>.const:uartConfig</name>
         <load_address>0x14ec</load_address>
         <run_address>0x14ec</run_address>
         <size>0x24</size>
         <input_file_ref idref="fl-3"/>
      </object_component>
      <object_component id="oc-282">
         <name>.const:spiMasterConfig</name>
         <load_address>0x1510</load_address>
         <run_address>0x1510</run_address>
         <size>0x1c</size>
         <input_file_ref idref="fl-5"/>
      </object_component>
      <object_component id="oc-317">
         <name>.cinit..data.load</name>
         <load_address>0x1530</load_address>
         <run_address>0x1530</run_address>
         <size>0x54</size>
      </object_component>
      <object_component id="oc-315">
         <name>__TI_handler_table</name>
         <load_address>0x1584</load_address>
         <run_address>0x1584</run_address>
         <size>0xc</size>
      </object_component>
      <object_component id="oc-318">
         <name>.cinit..bss.load</name>
         <load_address>0x1590</load_address>
         <run_address>0x1590</run_address>
         <size>0x8</size>
      </object_component>
      <object_component id="oc-316">
         <name>__TI_cinit_table</name>
         <load_address>0x1598</load_address>
         <run_address>0x1598</run_address>
         <size>0x10</size>
      </object_component>
      <object_component id="oc-b1">
         <name>.data</name>
         <load_address>0x200011c8</load_address>
         <run_address>0x200011c8</run_address>
         <size>0x10</size>
         <input_file_ref idref="fl-3"/>
      </object_component>
      <object_component id="oc-1b2">
         <name>.data:pwmConfig</name>
         <load_address>0x200011b0</load_address>
         <run_address>0x200011b0</run_address>
         <size>0x18</size>
         <input_file_ref idref="fl-3"/>
      </object_component>
      <object_component id="oc-100">
         <name>.data:GPIO_PORT_TO_BASE</name>
         <load_address>0x20001180</load_address>
         <run_address>0x20001180</run_address>
         <size>0x30</size>
         <input_file_ref idref="fl-1e"/>
      </object_component>
      <object_component id="oc-f5">
         <name>.data:$O1$$</name>
         <load_address>0x200011d8</load_address>
         <run_address>0x200011d8</run_address>
         <size>0xc</size>
         <input_file_ref idref="fl-f9"/>
      </object_component>
      <object_component id="oc-8e">
         <name>.data</name>
         <load_address>0x200011ec</load_address>
         <run_address>0x200011ec</run_address>
         <size>0x4</size>
         <input_file_ref idref="fl-101"/>
      </object_component>
      <object_component id="oc-f8">
         <name>.data:$O1$$</name>
         <load_address>0x200011e4</load_address>
         <run_address>0x200011e4</run_address>
         <size>0x8</size>
         <input_file_ref idref="fl-102"/>
      </object_component>
      <object_component id="oc-1e5">
         <name>.bss</name>
         <uninitialized>true</uninitialized>
         <run_address>0x20000fa0</run_address>
         <size>0x8</size>
         <input_file_ref idref="fl-1a"/>
      </object_component>
      <object_component id="oc-218">
         <name>.common:code_sent</name>
         <uninitialized>true</uninitialized>
         <run_address>0x20001100</run_address>
         <size>0x80</size>
      </object_component>
      <object_component id="oc-1b5">
         <name>.common:controlTable</name>
         <uninitialized>true</uninitialized>
         <run_address>0x20001000</run_address>
         <size>0x100</size>
      </object_component>
      <object_component id="oc-b4">
         <name>.common:data_array1</name>
         <uninitialized>true</uninitialized>
         <run_address>0x20000000</run_address>
         <size>0x7d0</size>
      </object_component>
      <object_component id="oc-ae">
         <name>.common:data_array2</name>
         <uninitialized>true</uninitialized>
         <run_address>0x200007d0</run_address>
         <size>0x7d0</size>
      </object_component>
      <object_component id="oc-28d">
         <name>.common:configReg</name>
         <uninitialized>true</uninitialized>
         <run_address>0x20000fa8</run_address>
         <size>0x2</size>
      </object_component>
      <object_component id="oc-2b">
         <name>.stack</name>
         <uninitialized>true</uninitialized>
         <run_address>0x2000fe00</run_address>
         <size>0x0</size>
         <input_file_ref idref="fl-f3"/>
      </object_component>
      <object_component id="oc-319">
         <name>.stack</name>
         <uninitialized>true</uninitialized>
         <run_address>0x2000fe00</run_address>
         <size>0x0</size>
      </object_component>
      <object_component id="oc-1d7">
         <name>.debug_info</name>
         <load_address>0x0</load_address>
         <run_address>0x0</run_address>
         <size>0x5e0</size>
         <input_file_ref idref="fl-2"/>
      </object_component>
      <object_component id="oc-19e">
         <name>.debug_info</name>
         <load_address>0x5e0</load_address>
         <run_address>0x5e0</run_address>
         <size>0x127</size>
         <input_file_ref idref="fl-2"/>
      </object_component>
      <object_component id="oc-110">
         <name>.debug_info</name>
         <load_address>0x707</load_address>
         <run_address>0x707</run_address>
         <size>0x1ea6</size>
         <input_file_ref idref="fl-2"/>
      </object_component>
      <object_component id="oc-53">
         <name>.debug_info</name>
         <load_address>0x25ad</load_address>
         <run_address>0x25ad</run_address>
         <size>0x84</size>
         <input_file_ref idref="fl-2"/>
      </object_component>
      <object_component id="oc-c2">
         <name>.debug_info</name>
         <load_address>0x2631</load_address>
         <run_address>0x2631</run_address>
         <size>0x18b</size>
         <input_file_ref idref="fl-2"/>
      </object_component>
      <object_component id="oc-d6">
         <name>.debug_info</name>
         <load_address>0x27bc</load_address>
         <run_address>0x27bc</run_address>
         <size>0x2c</size>
         <input_file_ref idref="fl-2"/>
      </object_component>
      <object_component id="oc-af">
         <name>.debug_info</name>
         <load_address>0x27e8</load_address>
         <run_address>0x27e8</run_address>
         <size>0x1187</size>
         <input_file_ref idref="fl-3"/>
      </object_component>
      <object_component id="oc-b2">
         <name>.debug_info</name>
         <load_address>0x396f</load_address>
         <run_address>0x396f</run_address>
         <size>0x14a</size>
         <input_file_ref idref="fl-3"/>
      </object_component>
      <object_component id="oc-1b3">
         <name>.debug_info</name>
         <load_address>0x3ab9</load_address>
         <run_address>0x3ab9</run_address>
         <size>0xd3</size>
         <input_file_ref idref="fl-3"/>
      </object_component>
      <object_component id="oc-1b0">
         <name>.debug_info</name>
         <load_address>0x3b8c</load_address>
         <run_address>0x3b8c</run_address>
         <size>0xd5</size>
         <input_file_ref idref="fl-3"/>
      </object_component>
      <object_component id="oc-ee">
         <name>.debug_info</name>
         <load_address>0x3c61</load_address>
         <run_address>0x3c61</run_address>
         <size>0x551</size>
         <input_file_ref idref="fl-3"/>
      </object_component>
      <object_component id="oc-46">
         <name>.debug_info</name>
         <load_address>0x41b2</load_address>
         <run_address>0x41b2</run_address>
         <size>0x1a4</size>
         <input_file_ref idref="fl-3"/>
      </object_component>
      <object_component id="oc-b8">
         <name>.debug_info</name>
         <load_address>0x4356</load_address>
         <run_address>0x4356</run_address>
         <size>0x37cd</size>
         <input_file_ref idref="fl-3"/>
      </object_component>
      <object_component id="oc-bd">
         <name>.debug_info</name>
         <load_address>0x7b23</load_address>
         <run_address>0x7b23</run_address>
         <size>0x103e</size>
         <input_file_ref idref="fl-3"/>
      </object_component>
      <object_component id="oc-24d">
         <name>.debug_info</name>
         <load_address>0x8b61</load_address>
         <run_address>0x8b61</run_address>
         <size>0x1b5</size>
         <input_file_ref idref="fl-3"/>
      </object_component>
      <object_component id="oc-115">
         <name>.debug_info</name>
         <load_address>0x8d16</load_address>
         <run_address>0x8d16</run_address>
         <size>0x40a</size>
         <input_file_ref idref="fl-3"/>
      </object_component>
      <object_component id="oc-1d2">
         <name>.debug_info</name>
         <load_address>0x9120</load_address>
         <run_address>0x9120</run_address>
         <size>0x8a</size>
         <input_file_ref idref="fl-3"/>
      </object_component>
      <object_component id="oc-11a">
         <name>.debug_info</name>
         <load_address>0x91aa</load_address>
         <run_address>0x91aa</run_address>
         <size>0x341</size>
         <input_file_ref idref="fl-3"/>
      </object_component>
      <object_component id="oc-10b">
         <name>.debug_info</name>
         <load_address>0x94eb</load_address>
         <run_address>0x94eb</run_address>
         <size>0x8b</size>
         <input_file_ref idref="fl-3"/>
      </object_component>
      <object_component id="oc-2d7">
         <name>.debug_info</name>
         <load_address>0x9576</load_address>
         <run_address>0x9576</run_address>
         <size>0x131</size>
         <input_file_ref idref="fl-3"/>
      </object_component>
      <object_component id="oc-11f">
         <name>.debug_info</name>
         <load_address>0x96a7</load_address>
         <run_address>0x96a7</run_address>
         <size>0xee</size>
         <input_file_ref idref="fl-3"/>
      </object_component>
      <object_component id="oc-28e">
         <name>.debug_info</name>
         <load_address>0x9795</load_address>
         <run_address>0x9795</run_address>
         <size>0x5c0</size>
         <input_file_ref idref="fl-4"/>
      </object_component>
      <object_component id="oc-229">
         <name>.debug_info</name>
         <load_address>0x9d55</load_address>
         <run_address>0x9d55</run_address>
         <size>0x133</size>
         <input_file_ref idref="fl-4"/>
      </object_component>
      <object_component id="oc-2ac">
         <name>.debug_info</name>
         <load_address>0x9e88</load_address>
         <run_address>0x9e88</run_address>
         <size>0x15e</size>
         <input_file_ref idref="fl-4"/>
      </object_component>
      <object_component id="oc-22f">
         <name>.debug_info</name>
         <load_address>0x9fe6</load_address>
         <run_address>0x9fe6</run_address>
         <size>0x146</size>
         <input_file_ref idref="fl-4"/>
      </object_component>
      <object_component id="oc-235">
         <name>.debug_info</name>
         <load_address>0xa12c</load_address>
         <run_address>0xa12c</run_address>
         <size>0x1a5</size>
         <input_file_ref idref="fl-4"/>
      </object_component>
      <object_component id="oc-23b">
         <name>.debug_info</name>
         <load_address>0xa2d1</load_address>
         <run_address>0xa2d1</run_address>
         <size>0x1e6</size>
         <input_file_ref idref="fl-4"/>
      </object_component>
      <object_component id="oc-223">
         <name>.debug_info</name>
         <load_address>0xa4b7</load_address>
         <run_address>0xa4b7</run_address>
         <size>0x194</size>
         <input_file_ref idref="fl-4"/>
      </object_component>
      <object_component id="oc-293">
         <name>.debug_info</name>
         <load_address>0xa64b</load_address>
         <run_address>0xa64b</run_address>
         <size>0xde</size>
         <input_file_ref idref="fl-4"/>
      </object_component>
      <object_component id="oc-290">
         <name>.debug_info</name>
         <load_address>0xa729</load_address>
         <run_address>0xa729</run_address>
         <size>0x89a</size>
         <input_file_ref idref="fl-5"/>
      </object_component>
      <object_component id="oc-283">
         <name>.debug_info</name>
         <load_address>0xafc3</load_address>
         <run_address>0xafc3</run_address>
         <size>0xed</size>
         <input_file_ref idref="fl-5"/>
      </object_component>
      <object_component id="oc-21e">
         <name>.debug_info</name>
         <load_address>0xb0b0</load_address>
         <run_address>0xb0b0</run_address>
         <size>0x1bc</size>
         <input_file_ref idref="fl-5"/>
      </object_component>
      <object_component id="oc-1a7">
         <name>.debug_info</name>
         <load_address>0xb26c</load_address>
         <run_address>0xb26c</run_address>
         <size>0x1de</size>
         <input_file_ref idref="fl-5"/>
      </object_component>
      <object_component id="oc-28a">
         <name>.debug_info</name>
         <load_address>0xb44a</load_address>
         <run_address>0xb44a</run_address>
         <size>0x1b0</size>
         <input_file_ref idref="fl-5"/>
      </object_component>
      <object_component id="oc-4c">
         <name>.debug_info</name>
         <load_address>0xb5fa</load_address>
         <run_address>0xb5fa</run_address>
         <size>0x590</size>
         <input_file_ref idref="fl-6"/>
      </object_component>
      <object_component id="oc-11">
         <name>.debug_info</name>
         <load_address>0xbb8a</load_address>
         <run_address>0xbb8a</run_address>
         <size>0xef</size>
         <input_file_ref idref="fl-6"/>
      </object_component>
      <object_component id="oc-2d">
         <name>.debug_info</name>
         <load_address>0xbc79</load_address>
         <run_address>0xbc79</run_address>
         <size>0x124</size>
         <input_file_ref idref="fl-6"/>
      </object_component>
      <object_component id="oc-35">
         <name>.debug_info</name>
         <load_address>0xbd9d</load_address>
         <run_address>0xbd9d</run_address>
         <size>0x115</size>
         <input_file_ref idref="fl-6"/>
      </object_component>
      <object_component id="oc-3a">
         <name>.debug_info</name>
         <load_address>0xbeb2</load_address>
         <run_address>0xbeb2</run_address>
         <size>0x119</size>
         <input_file_ref idref="fl-6"/>
      </object_component>
      <object_component id="oc-40">
         <name>.debug_info</name>
         <load_address>0xbfcb</load_address>
         <run_address>0xbfcb</run_address>
         <size>0x11d</size>
         <input_file_ref idref="fl-6"/>
      </object_component>
      <object_component id="oc-208">
         <name>.debug_info</name>
         <load_address>0xc0e8</load_address>
         <run_address>0xc0e8</run_address>
         <size>0x692</size>
         <input_file_ref idref="fl-15"/>
      </object_component>
      <object_component id="oc-212">
         <name>.debug_info</name>
         <load_address>0xc77a</load_address>
         <run_address>0xc77a</run_address>
         <size>0xe6</size>
         <input_file_ref idref="fl-15"/>
      </object_component>
      <object_component id="oc-202">
         <name>.debug_info</name>
         <load_address>0xc860</load_address>
         <run_address>0xc860</run_address>
         <size>0x15c</size>
         <input_file_ref idref="fl-15"/>
      </object_component>
      <object_component id="oc-17a">
         <name>.debug_info</name>
         <load_address>0xc9bc</load_address>
         <run_address>0xc9bc</run_address>
         <size>0x1ef</size>
         <input_file_ref idref="fl-15"/>
      </object_component>
      <object_component id="oc-174">
         <name>.debug_info</name>
         <load_address>0xcbab</load_address>
         <run_address>0xcbab</run_address>
         <size>0x29a</size>
         <input_file_ref idref="fl-15"/>
      </object_component>
      <object_component id="oc-20b">
         <name>.debug_info</name>
         <load_address>0xce45</load_address>
         <run_address>0xce45</run_address>
         <size>0x22d</size>
         <input_file_ref idref="fl-15"/>
      </object_component>
      <object_component id="oc-16e">
         <name>.debug_info</name>
         <load_address>0xd072</load_address>
         <run_address>0xd072</run_address>
         <size>0x151</size>
         <input_file_ref idref="fl-15"/>
      </object_component>
      <object_component id="oc-180">
         <name>.debug_info</name>
         <load_address>0xd1c3</load_address>
         <run_address>0xd1c3</run_address>
         <size>0x23d</size>
         <input_file_ref idref="fl-15"/>
      </object_component>
      <object_component id="oc-186">
         <name>.debug_info</name>
         <load_address>0xd400</load_address>
         <run_address>0xd400</run_address>
         <size>0x2db</size>
         <input_file_ref idref="fl-15"/>
      </object_component>
      <object_component id="oc-1e9">
         <name>.debug_info</name>
         <load_address>0xd6db</load_address>
         <run_address>0xd6db</run_address>
         <size>0x78e</size>
         <input_file_ref idref="fl-1a"/>
      </object_component>
      <object_component id="oc-1e6">
         <name>.debug_info</name>
         <load_address>0xde69</load_address>
         <run_address>0xde69</run_address>
         <size>0x103</size>
         <input_file_ref idref="fl-1a"/>
      </object_component>
      <object_component id="oc-25f">
         <name>.debug_info</name>
         <load_address>0xdf6c</load_address>
         <run_address>0xdf6c</run_address>
         <size>0x153</size>
         <input_file_ref idref="fl-1a"/>
      </object_component>
      <object_component id="oc-1eb">
         <name>.debug_info</name>
         <load_address>0xe0bf</load_address>
         <run_address>0xe0bf</run_address>
         <size>0x293</size>
         <input_file_ref idref="fl-1a"/>
      </object_component>
      <object_component id="oc-13e">
         <name>.debug_info</name>
         <load_address>0xe352</load_address>
         <run_address>0xe352</run_address>
         <size>0x179</size>
         <input_file_ref idref="fl-1a"/>
      </object_component>
      <object_component id="oc-138">
         <name>.debug_info</name>
         <load_address>0xe4cb</load_address>
         <run_address>0xe4cb</run_address>
         <size>0x234</size>
         <input_file_ref idref="fl-1a"/>
      </object_component>
      <object_component id="oc-144">
         <name>.debug_info</name>
         <load_address>0xe6ff</load_address>
         <run_address>0xe6ff</run_address>
         <size>0x210</size>
         <input_file_ref idref="fl-1a"/>
      </object_component>
      <object_component id="oc-107">
         <name>.debug_info</name>
         <load_address>0xe90f</load_address>
         <run_address>0xe90f</run_address>
         <size>0x678</size>
         <input_file_ref idref="fl-1b"/>
      </object_component>
      <object_component id="oc-192">
         <name>.debug_info</name>
         <load_address>0xef87</load_address>
         <run_address>0xef87</run_address>
         <size>0x18d</size>
         <input_file_ref idref="fl-1b"/>
      </object_component>
      <object_component id="oc-a9">
         <name>.debug_info</name>
         <load_address>0xf114</load_address>
         <run_address>0xf114</run_address>
         <size>0x2df</size>
         <input_file_ref idref="fl-1b"/>
      </object_component>
      <object_component id="oc-a3">
         <name>.debug_info</name>
         <load_address>0xf3f3</load_address>
         <run_address>0xf3f3</run_address>
         <size>0x1ed</size>
         <input_file_ref idref="fl-1b"/>
      </object_component>
      <object_component id="oc-9d">
         <name>.debug_info</name>
         <load_address>0xf5e0</load_address>
         <run_address>0xf5e0</run_address>
         <size>0x1a7</size>
         <input_file_ref idref="fl-1b"/>
      </object_component>
      <object_component id="oc-18c">
         <name>.debug_info</name>
         <load_address>0xf787</load_address>
         <run_address>0xf787</run_address>
         <size>0x147</size>
         <input_file_ref idref="fl-1b"/>
      </object_component>
      <object_component id="oc-198">
         <name>.debug_info</name>
         <load_address>0xf8ce</load_address>
         <run_address>0xf8ce</run_address>
         <size>0x1ba</size>
         <input_file_ref idref="fl-1b"/>
      </object_component>
      <object_component id="oc-104">
         <name>.debug_info</name>
         <load_address>0xfa88</load_address>
         <run_address>0xfa88</run_address>
         <size>0x683</size>
         <input_file_ref idref="fl-1e"/>
      </object_component>
      <object_component id="oc-101">
         <name>.debug_info</name>
         <load_address>0x1010b</load_address>
         <run_address>0x1010b</run_address>
         <size>0xf7</size>
         <input_file_ref idref="fl-1e"/>
      </object_component>
      <object_component id="oc-99">
         <name>.debug_info</name>
         <load_address>0x10202</load_address>
         <run_address>0x10202</run_address>
         <size>0x1da</size>
         <input_file_ref idref="fl-1e"/>
      </object_component>
      <object_component id="oc-152">
         <name>.debug_info</name>
         <load_address>0x103dc</load_address>
         <run_address>0x103dc</run_address>
         <size>0x1da</size>
         <input_file_ref idref="fl-1e"/>
      </object_component>
      <object_component id="oc-1ac">
         <name>.debug_info</name>
         <load_address>0x105b6</load_address>
         <run_address>0x105b6</run_address>
         <size>0x1dc</size>
         <input_file_ref idref="fl-1e"/>
      </object_component>
      <object_component id="oc-158">
         <name>.debug_info</name>
         <load_address>0x10792</load_address>
         <run_address>0x10792</run_address>
         <size>0x232</size>
         <input_file_ref idref="fl-1e"/>
      </object_component>
      <object_component id="oc-14c">
         <name>.debug_info</name>
         <load_address>0x109c4</load_address>
         <run_address>0x109c4</run_address>
         <size>0x1f3</size>
         <input_file_ref idref="fl-1e"/>
      </object_component>
      <object_component id="oc-2bc">
         <name>.debug_info</name>
         <load_address>0x10bb7</load_address>
         <run_address>0x10bb7</run_address>
         <size>0x690</size>
         <input_file_ref idref="fl-28"/>
      </object_component>
      <object_component id="oc-2b6">
         <name>.debug_info</name>
         <load_address>0x11247</load_address>
         <run_address>0x11247</run_address>
         <size>0x16a</size>
         <input_file_ref idref="fl-28"/>
      </object_component>
      <object_component id="oc-2e8">
         <name>.debug_info</name>
         <load_address>0x113b1</load_address>
         <run_address>0x113b1</run_address>
         <size>0x1da</size>
         <input_file_ref idref="fl-28"/>
      </object_component>
      <object_component id="oc-2ee">
         <name>.debug_info</name>
         <load_address>0x1158b</load_address>
         <run_address>0x1158b</run_address>
         <size>0x1da</size>
         <input_file_ref idref="fl-28"/>
      </object_component>
      <object_component id="oc-2cd">
         <name>.debug_info</name>
         <load_address>0x11765</load_address>
         <run_address>0x11765</run_address>
         <size>0x22c</size>
         <input_file_ref idref="fl-28"/>
      </object_component>
      <object_component id="oc-277">
         <name>.debug_info</name>
         <load_address>0x11991</load_address>
         <run_address>0x11991</run_address>
         <size>0x1d3</size>
         <input_file_ref idref="fl-28"/>
      </object_component>
      <object_component id="oc-2be">
         <name>.debug_info</name>
         <load_address>0x11b64</load_address>
         <run_address>0x11b64</run_address>
         <size>0x18c</size>
         <input_file_ref idref="fl-28"/>
      </object_component>
      <object_component id="oc-2c4">
         <name>.debug_info</name>
         <load_address>0x11cf0</load_address>
         <run_address>0x11cf0</run_address>
         <size>0x18c</size>
         <input_file_ref idref="fl-28"/>
      </object_component>
      <object_component id="oc-27d">
         <name>.debug_info</name>
         <load_address>0x11e7c</load_address>
         <run_address>0x11e7c</run_address>
         <size>0x1de</size>
         <input_file_ref idref="fl-28"/>
      </object_component>
      <object_component id="oc-2b2">
         <name>.debug_info</name>
         <load_address>0x1205a</load_address>
         <run_address>0x1205a</run_address>
         <size>0x558</size>
         <input_file_ref idref="fl-29"/>
      </object_component>
      <object_component id="oc-254">
         <name>.debug_info</name>
         <load_address>0x125b2</load_address>
         <run_address>0x125b2</run_address>
         <size>0x166</size>
         <input_file_ref idref="fl-29"/>
      </object_component>
      <object_component id="oc-265">
         <name>.debug_info</name>
         <load_address>0x12718</load_address>
         <run_address>0x12718</run_address>
         <size>0x182</size>
         <input_file_ref idref="fl-29"/>
      </object_component>
      <object_component id="oc-259">
         <name>.debug_info</name>
         <load_address>0x1289a</load_address>
         <run_address>0x1289a</run_address>
         <size>0x184</size>
         <input_file_ref idref="fl-29"/>
      </object_component>
      <object_component id="oc-1ff">
         <name>.debug_info</name>
         <load_address>0x12a1e</load_address>
         <run_address>0x12a1e</run_address>
         <size>0x6cf</size>
         <input_file_ref idref="fl-2c"/>
      </object_component>
      <object_component id="oc-1fa">
         <name>.debug_info</name>
         <load_address>0x130ed</load_address>
         <run_address>0x130ed</run_address>
         <size>0x206</size>
         <input_file_ref idref="fl-2c"/>
      </object_component>
      <object_component id="oc-169">
         <name>.debug_info</name>
         <load_address>0x132f3</load_address>
         <run_address>0x132f3</run_address>
         <size>0x1e9</size>
         <input_file_ref idref="fl-2c"/>
      </object_component>
      <object_component id="oc-1f6">
         <name>.debug_info</name>
         <load_address>0x134dc</load_address>
         <run_address>0x134dc</run_address>
         <size>0x677</size>
         <input_file_ref idref="fl-2d"/>
      </object_component>
      <object_component id="oc-15d">
         <name>.debug_info</name>
         <load_address>0x13b53</load_address>
         <run_address>0x13b53</run_address>
         <size>0x1c0</size>
         <input_file_ref idref="fl-2d"/>
      </object_component>
      <object_component id="oc-162">
         <name>.debug_info</name>
         <load_address>0x13d13</load_address>
         <run_address>0x13d13</run_address>
         <size>0x196</size>
         <input_file_ref idref="fl-2d"/>
      </object_component>
      <object_component id="oc-26">
         <name>.debug_info</name>
         <load_address>0x13ea9</load_address>
         <run_address>0x13ea9</run_address>
         <size>0x160</size>
         <input_file_ref idref="fl-f3"/>
      </object_component>
      <object_component id="oc-cc">
         <name>.debug_info</name>
         <load_address>0x14009</load_address>
         <run_address>0x14009</run_address>
         <size>0x293</size>
         <input_file_ref idref="fl-f4"/>
      </object_component>
      <object_component id="oc-16">
         <name>.debug_info</name>
         <load_address>0x1429c</load_address>
         <run_address>0x1429c</run_address>
         <size>0x245</size>
         <input_file_ref idref="fl-f4"/>
      </object_component>
      <object_component id="oc-4e">
         <name>.debug_info</name>
         <load_address>0x144e1</load_address>
         <run_address>0x144e1</run_address>
         <size>0x60</size>
         <input_file_ref idref="fl-f4"/>
      </object_component>
      <object_component id="oc-c7">
         <name>.debug_info</name>
         <load_address>0x14541</load_address>
         <run_address>0x14541</run_address>
         <size>0x46</size>
         <input_file_ref idref="fl-f4"/>
      </object_component>
      <object_component id="oc-63">
         <name>.debug_info</name>
         <load_address>0x14587</load_address>
         <run_address>0x14587</run_address>
         <size>0x2da</size>
         <input_file_ref idref="fl-f5"/>
      </object_component>
      <object_component id="oc-1a">
         <name>.debug_info</name>
         <load_address>0x14861</load_address>
         <run_address>0x14861</run_address>
         <size>0x1df</size>
         <input_file_ref idref="fl-f5"/>
      </object_component>
      <object_component id="oc-5e">
         <name>.debug_info</name>
         <load_address>0x14a40</load_address>
         <run_address>0x14a40</run_address>
         <size>0x46</size>
         <input_file_ref idref="fl-f5"/>
      </object_component>
      <object_component id="oc-ce">
         <name>.debug_info</name>
         <load_address>0x14a86</load_address>
         <run_address>0x14a86</run_address>
         <size>0x2c</size>
         <input_file_ref idref="fl-f5"/>
      </object_component>
      <object_component id="oc-6f">
         <name>.debug_info</name>
         <load_address>0x14ab2</load_address>
         <run_address>0x14ab2</run_address>
         <size>0x2c9</size>
         <input_file_ref idref="fl-f6"/>
      </object_component>
      <object_component id="oc-20">
         <name>.debug_info</name>
         <load_address>0x14d7b</load_address>
         <run_address>0x14d7b</run_address>
         <size>0x1aa</size>
         <input_file_ref idref="fl-f6"/>
      </object_component>
      <object_component id="oc-6a">
         <name>.debug_info</name>
         <load_address>0x14f25</load_address>
         <run_address>0x14f25</run_address>
         <size>0x46</size>
         <input_file_ref idref="fl-f6"/>
      </object_component>
      <object_component id="oc-fc">
         <name>.debug_info</name>
         <load_address>0x14f6b</load_address>
         <run_address>0x14f6b</run_address>
         <size>0x3ce</size>
         <input_file_ref idref="fl-f9"/>
      </object_component>
      <object_component id="oc-f6">
         <name>.debug_info</name>
         <load_address>0x15339</load_address>
         <run_address>0x15339</run_address>
         <size>0x185</size>
         <input_file_ref idref="fl-f9"/>
      </object_component>
      <object_component id="oc-89">
         <name>.debug_info</name>
         <load_address>0x154be</load_address>
         <run_address>0x154be</run_address>
         <size>0x214</size>
         <input_file_ref idref="fl-f9"/>
      </object_component>
      <object_component id="oc-29f">
         <name>.debug_info</name>
         <load_address>0x156d2</load_address>
         <run_address>0x156d2</run_address>
         <size>0x132</size>
         <input_file_ref idref="fl-fa"/>
      </object_component>
      <object_component id="oc-2a5">
         <name>.debug_info</name>
         <load_address>0x15804</load_address>
         <run_address>0x15804</run_address>
         <size>0x131</size>
         <input_file_ref idref="fl-fb"/>
      </object_component>
      <object_component id="oc-29a">
         <name>.debug_info</name>
         <load_address>0x15935</load_address>
         <run_address>0x15935</run_address>
         <size>0x124</size>
         <input_file_ref idref="fl-fc"/>
      </object_component>
      <object_component id="oc-5a">
         <name>.debug_info</name>
         <load_address>0x15a59</load_address>
         <run_address>0x15a59</run_address>
         <size>0x111</size>
         <input_file_ref idref="fl-fd"/>
      </object_component>
      <object_component id="oc-65">
         <name>.debug_info</name>
         <load_address>0x15b6a</load_address>
         <run_address>0x15b6a</run_address>
         <size>0x13f</size>
         <input_file_ref idref="fl-fe"/>
      </object_component>
      <object_component id="oc-71">
         <name>.debug_info</name>
         <load_address>0x15ca9</load_address>
         <run_address>0x15ca9</run_address>
         <size>0x138</size>
         <input_file_ref idref="fl-ff"/>
      </object_component>
      <object_component id="oc-77">
         <name>.debug_info</name>
         <load_address>0x15de1</load_address>
         <run_address>0x15de1</run_address>
         <size>0x148</size>
         <input_file_ref idref="fl-100"/>
      </object_component>
      <object_component id="oc-8f">
         <name>.debug_info</name>
         <load_address>0x15f29</load_address>
         <run_address>0x15f29</run_address>
         <size>0x109</size>
         <input_file_ref idref="fl-101"/>
      </object_component>
      <object_component id="oc-1c8">
         <name>.debug_info</name>
         <load_address>0x16032</load_address>
         <run_address>0x16032</run_address>
         <size>0x2be</size>
         <input_file_ref idref="fl-102"/>
      </object_component>
      <object_component id="oc-f9">
         <name>.debug_info</name>
         <load_address>0x162f0</load_address>
         <run_address>0x162f0</run_address>
         <size>0x113</size>
         <input_file_ref idref="fl-102"/>
      </object_component>
      <object_component id="oc-1c2">
         <name>.debug_info</name>
         <load_address>0x16403</load_address>
         <run_address>0x16403</run_address>
         <size>0x21f</size>
         <input_file_ref idref="fl-102"/>
      </object_component>
      <object_component id="oc-f4">
         <name>.debug_info</name>
         <load_address>0x16622</load_address>
         <run_address>0x16622</run_address>
         <size>0x300</size>
         <input_file_ref idref="fl-103"/>
      </object_component>
      <object_component id="oc-85">
         <name>.debug_info</name>
         <load_address>0x16922</load_address>
         <run_address>0x16922</run_address>
         <size>0x167</size>
         <input_file_ref idref="fl-103"/>
      </object_component>
      <object_component id="oc-1b9">
         <name>.debug_info</name>
         <load_address>0x16a89</load_address>
         <run_address>0x16a89</run_address>
         <size>0x5e</size>
         <input_file_ref idref="fl-103"/>
      </object_component>
      <object_component id="oc-ec">
         <name>.debug_info</name>
         <load_address>0x16ae7</load_address>
         <run_address>0x16ae7</run_address>
         <size>0x483</size>
         <input_file_ref idref="fl-104"/>
      </object_component>
      <object_component id="oc-7d">
         <name>.debug_info</name>
         <load_address>0x16f6a</load_address>
         <run_address>0x16f6a</run_address>
         <size>0x190</size>
         <input_file_ref idref="fl-104"/>
      </object_component>
      <object_component id="oc-12d">
         <name>.debug_info</name>
         <load_address>0x170fa</load_address>
         <run_address>0x170fa</run_address>
         <size>0x39</size>
         <input_file_ref idref="fl-104"/>
      </object_component>
      <object_component id="oc-1e0">
         <name>.debug_info</name>
         <load_address>0x17133</load_address>
         <run_address>0x17133</run_address>
         <size>0x39</size>
         <input_file_ref idref="fl-104"/>
      </object_component>
      <object_component id="oc-132">
         <name>.debug_info</name>
         <load_address>0x1716c</load_address>
         <run_address>0x1716c</run_address>
         <size>0xcd</size>
         <input_file_ref idref="fl-104"/>
      </object_component>
      <object_component id="oc-129">
         <name>.debug_info</name>
         <load_address>0x17239</load_address>
         <run_address>0x17239</run_address>
         <size>0x37a</size>
         <input_file_ref idref="fl-105"/>
      </object_component>
      <object_component id="oc-e0">
         <name>.debug_info</name>
         <load_address>0x175b3</load_address>
         <run_address>0x175b3</run_address>
         <size>0x183</size>
         <input_file_ref idref="fl-105"/>
      </object_component>
      <object_component id="oc-1db">
         <name>.debug_info</name>
         <load_address>0x17736</load_address>
         <run_address>0x17736</run_address>
         <size>0x2c</size>
         <input_file_ref idref="fl-105"/>
      </object_component>
      <object_component id="oc-e8">
         <name>.debug_info</name>
         <load_address>0x17762</load_address>
         <run_address>0x17762</run_address>
         <size>0x145</size>
         <input_file_ref idref="fl-106"/>
      </object_component>
      <object_component id="oc-31a">
         <name>.debug_info</name>
         <load_address>0x178a7</load_address>
         <run_address>0x178a7</run_address>
         <size>0xa3</size>
      </object_component>
      <object_component id="oc-248">
         <name>.debug_line</name>
         <load_address>0x0</load_address>
         <run_address>0x0</run_address>
         <size>0xfa</size>
         <input_file_ref idref="fl-2"/>
      </object_component>
      <object_component id="oc-1a2">
         <name>.debug_line</name>
         <load_address>0xfa</load_address>
         <run_address>0xfa</run_address>
         <size>0x50</size>
         <input_file_ref idref="fl-2"/>
      </object_component>
      <object_component id="oc-113">
         <name>.debug_line</name>
         <load_address>0x14a</load_address>
         <run_address>0x14a</run_address>
         <size>0x6b</size>
         <input_file_ref idref="fl-2"/>
      </object_component>
      <object_component id="oc-56">
         <name>.debug_line</name>
         <load_address>0x1b5</load_address>
         <run_address>0x1b5</run_address>
         <size>0x20</size>
         <input_file_ref idref="fl-2"/>
      </object_component>
      <object_component id="oc-c5">
         <name>.debug_line</name>
         <load_address>0x1d5</load_address>
         <run_address>0x1d5</run_address>
         <size>0x65</size>
         <input_file_ref idref="fl-2"/>
      </object_component>
      <object_component id="oc-d9">
         <name>.debug_line</name>
         <load_address>0x23a</load_address>
         <run_address>0x23a</run_address>
         <size>0x65</size>
         <input_file_ref idref="fl-2"/>
      </object_component>
      <object_component id="oc-10a">
         <name>.debug_line</name>
         <load_address>0x29f</load_address>
         <run_address>0x29f</run_address>
         <size>0x2bb</size>
         <input_file_ref idref="fl-3"/>
      </object_component>
      <object_component id="oc-125">
         <name>.debug_line</name>
         <load_address>0x55a</load_address>
         <run_address>0x55a</run_address>
         <size>0x2d</size>
         <input_file_ref idref="fl-3"/>
      </object_component>
      <object_component id="oc-243">
         <name>.debug_line</name>
         <load_address>0x587</load_address>
         <run_address>0x587</run_address>
         <size>0x2d</size>
         <input_file_ref idref="fl-3"/>
      </object_component>
      <object_component id="oc-241">
         <name>.debug_line</name>
         <load_address>0x5b4</load_address>
         <run_address>0x5b4</run_address>
         <size>0x2d</size>
         <input_file_ref idref="fl-3"/>
      </object_component>
      <object_component id="oc-f1">
         <name>.debug_line</name>
         <load_address>0x5e1</load_address>
         <run_address>0x5e1</run_address>
         <size>0xf3</size>
         <input_file_ref idref="fl-3"/>
      </object_component>
      <object_component id="oc-45">
         <name>.debug_line</name>
         <load_address>0x6d4</load_address>
         <run_address>0x6d4</run_address>
         <size>0x51</size>
         <input_file_ref idref="fl-3"/>
      </object_component>
      <object_component id="oc-bb">
         <name>.debug_line</name>
         <load_address>0x725</load_address>
         <run_address>0x725</run_address>
         <size>0x7b</size>
         <input_file_ref idref="fl-3"/>
      </object_component>
      <object_component id="oc-c0">
         <name>.debug_line</name>
         <load_address>0x7a0</load_address>
         <run_address>0x7a0</run_address>
         <size>0x6b</size>
         <input_file_ref idref="fl-3"/>
      </object_component>
      <object_component id="oc-250">
         <name>.debug_line</name>
         <load_address>0x80b</load_address>
         <run_address>0x80b</run_address>
         <size>0x70</size>
         <input_file_ref idref="fl-3"/>
      </object_component>
      <object_component id="oc-118">
         <name>.debug_line</name>
         <load_address>0x87b</load_address>
         <run_address>0x87b</run_address>
         <size>0x66</size>
         <input_file_ref idref="fl-3"/>
      </object_component>
      <object_component id="oc-1d5">
         <name>.debug_line</name>
         <load_address>0x8e1</load_address>
         <run_address>0x8e1</run_address>
         <size>0x6d</size>
         <input_file_ref idref="fl-3"/>
      </object_component>
      <object_component id="oc-11d">
         <name>.debug_line</name>
         <load_address>0x94e</load_address>
         <run_address>0x94e</run_address>
         <size>0x71</size>
         <input_file_ref idref="fl-3"/>
      </object_component>
      <object_component id="oc-10e">
         <name>.debug_line</name>
         <load_address>0x9bf</load_address>
         <run_address>0x9bf</run_address>
         <size>0x20</size>
         <input_file_ref idref="fl-3"/>
      </object_component>
      <object_component id="oc-2da">
         <name>.debug_line</name>
         <load_address>0x9df</load_address>
         <run_address>0x9df</run_address>
         <size>0x6d</size>
         <input_file_ref idref="fl-3"/>
      </object_component>
      <object_component id="oc-122">
         <name>.debug_line</name>
         <load_address>0xa4c</load_address>
         <run_address>0xa4c</run_address>
         <size>0x6e</size>
         <input_file_ref idref="fl-3"/>
      </object_component>
      <object_component id="oc-2d4">
         <name>.debug_line</name>
         <load_address>0xaba</load_address>
         <run_address>0xaba</run_address>
         <size>0x5c</size>
         <input_file_ref idref="fl-4"/>
      </object_component>
      <object_component id="oc-22b">
         <name>.debug_line</name>
         <load_address>0xb16</load_address>
         <run_address>0xb16</run_address>
         <size>0x57</size>
         <input_file_ref idref="fl-4"/>
      </object_component>
      <object_component id="oc-2ae">
         <name>.debug_line</name>
         <load_address>0xb6d</load_address>
         <run_address>0xb6d</run_address>
         <size>0x54</size>
         <input_file_ref idref="fl-4"/>
      </object_component>
      <object_component id="oc-231">
         <name>.debug_line</name>
         <load_address>0xbc1</load_address>
         <run_address>0xbc1</run_address>
         <size>0x52</size>
         <input_file_ref idref="fl-4"/>
      </object_component>
      <object_component id="oc-237">
         <name>.debug_line</name>
         <load_address>0xc13</load_address>
         <run_address>0xc13</run_address>
         <size>0x45</size>
         <input_file_ref idref="fl-4"/>
      </object_component>
      <object_component id="oc-23d">
         <name>.debug_line</name>
         <load_address>0xc58</load_address>
         <run_address>0xc58</run_address>
         <size>0x53</size>
         <input_file_ref idref="fl-4"/>
      </object_component>
      <object_component id="oc-225">
         <name>.debug_line</name>
         <load_address>0xcab</load_address>
         <run_address>0xcab</run_address>
         <size>0x48</size>
         <input_file_ref idref="fl-4"/>
      </object_component>
      <object_component id="oc-296">
         <name>.debug_line</name>
         <load_address>0xcf3</load_address>
         <run_address>0xcf3</run_address>
         <size>0x5c</size>
         <input_file_ref idref="fl-4"/>
      </object_component>
      <object_component id="oc-2d6">
         <name>.debug_line</name>
         <load_address>0xd4f</load_address>
         <run_address>0xd4f</run_address>
         <size>0xf7</size>
         <input_file_ref idref="fl-5"/>
      </object_component>
      <object_component id="oc-2cb">
         <name>.debug_line</name>
         <load_address>0xe46</load_address>
         <run_address>0xe46</run_address>
         <size>0x3b</size>
         <input_file_ref idref="fl-5"/>
      </object_component>
      <object_component id="oc-21b">
         <name>.debug_line</name>
         <load_address>0xe81</load_address>
         <run_address>0xe81</run_address>
         <size>0x52</size>
         <input_file_ref idref="fl-5"/>
      </object_component>
      <object_component id="oc-1a4">
         <name>.debug_line</name>
         <load_address>0xed3</load_address>
         <run_address>0xed3</run_address>
         <size>0x58</size>
         <input_file_ref idref="fl-5"/>
      </object_component>
      <object_component id="oc-287">
         <name>.debug_line</name>
         <load_address>0xf2b</load_address>
         <run_address>0xf2b</run_address>
         <size>0x54</size>
         <input_file_ref idref="fl-5"/>
      </object_component>
      <object_component id="oc-b7">
[...]
            </available_space>
         </usage_details>
      </memory_area>
      <memory_area display="yes" color="green">
         <name>INFO</name>
         <page_id>0x0</page_id>
         <origin>0x200000</origin>
         <length>0x4000</length>
         <used_space>0x0</used_space>
         <unused_space>0x4000</unused_space>
         <attributes>RX</attributes>
         <usage_details>
         </usage_details>
      </memory_area>
      <memory_area display="yes" color="green">
         <name>SRAM_CODE</name>
         <page_id>0x0</page_id>
         <origin>0x1000000</origin>
         <length>0x10000</length>
         <used_space>0x0</used_space>
         <unused_space>0x10000</unused_space>
         <attributes>RWX</attributes>
         <usage_details>
         </usage_details>
      </memory_area>
      <memory_area display="yes" color="green">
         <name>SRAM_DATA</name>
         <page_id>0x0</page_id>
         <origin>0x20000000</origin>
         <length>0x10000</length>
         <used_space>0x13f0</used_space>
         <unused_space>0xec10</unused_space>
         <attributes>RW</attributes>
         <usage_details>
            <allocated_space>
               <start_address>0x20000000</start_address>
               <size>0x1180</size>
               <logical_group_ref idref="lg-c"/>
            </allocated_space>
            <allocated_space>
               <start_address>0x20001180</start_address>
               <size>0x70</size>
               <logical_group_ref idref="lg-b"/>
            </allocated_space>
            <available_space>
               <start_address>0x200011f0</start_address>
               <size>0xec10</size>
            </available_space>
            <allocated_space>
               <start_address>0x2000fe00</start_address>
               <size>0x200</size>
               <logical_group_ref idref="lg-e"/>
            </allocated_space>
         </usage_details>
      </memory_area>
   </placement_map>
   <cptbl_list>
      <cptbl>
         <name>__TI_cinit_table</name>
         <cprec>
            <name>.data</name>
            <load_address>0x1530</load_address>
            <load_size>0x54</load_size>
            <run_address>0x20001180</run_address>
            <run_size>0x70</run_size>
            <compression>lzss</compression>
         </cprec>
         <cprec>
            <name>.bss</name>
            <load_address>0x1590</load_address>
            <load_size>0x8</load_size>
            <run_address>0x20000000</run_address>
            <run_size>0x1180</run_size>
            <compression>zero_init</compression>
         </cprec>
      </cptbl>
   </cptbl_list>
   <handler_table>
      <handler_table_name>__TI_handler_table</handler_table_name>
      <handler>
         <index>0x0</index>
         <name>__TI_decompress_lzss</name>
      </handler>
      <handler>
         <index>0x1</index>
         <name>__TI_decompress_none</name>
      </handler>
      <handler>
         <index>0x2</index>
         <name>__TI_zero_init</name>
      </handler>
   </handler_table>
   <symbol_table>
      <symbol id="sm-1">
         <name>WDTCTL_SYM</name>
         <value>0x4000480c</value>
      </symbol>
      <symbol id="sm-2">
         <name>__TI_CINIT_Base</name>
         <value>0x1598</value>
      </symbol>
      <symbol id="sm-3">
         <name>__TI_CINIT_Limit</name>
         <value>0x15a8</value>
      </symbol>
      <symbol id="sm-4">
         <name>__TI_Handler_Table_Base</name>
         <value>0x1584</value>
      </symbol>
      <symbol id="sm-5">
         <name>__TI_Handler_Table_Limit</name>
         <value>0x1590</value>
      </symbol>
      <symbol id="sm-6">
         <name>binit</name>
         <value>0xffffffff</value>
      </symbol>
      <symbol id="sm-7">
         <name>__binit__</name>
         <value>0xffffffff</value>
      </symbol>
      <symbol id="sm-8">
         <name>__STACK_SIZE</name>
         <value>0x200</value>
      </symbol>
      <symbol id="sm-9">
         <name>__STACK_END</name>
         <value>0x20010000</value>
      </symbol>
      <symbol id="sm-a">
         <name>__c_args__</name>
         <value>0xffffffff</value>
      </symbol>
      <symbol id="sm-b">
         <name>__TI_pprof_out_hndl</name>
         <value>0xffffffff</value>
      </symbol>
      <symbol id="sm-c">
         <name>__TI_prof_data_start</name>
         <value>0xffffffff</value>
      </symbol>
      <symbol id="sm-d">
         <name>__TI_prof_data_size</name>
         <value>0xffffffff</value>
      </symbol>
      <symbol id="sm-47">
         <name>code_sent</name>
         <value>0x20001100</value>
      </symbol>
      <symbol id="sm-48">
         <name>generate_code_sent</name>
         <value>0x12c5</value>
         <object_component_ref idref="oc-19d"/>
      </symbol>
      <symbol id="sm-b6">
         <name>controlTable</name>
         <value>0x20001000</value>
      </symbol>
      <symbol id="sm-b7">
         <name>data_array1</name>
         <value>0x20000000</value>
      </symbol>
      <symbol id="sm-b8">
         <name>data_array2</name>
         <value>0x200007d0</value>
      </symbol>
      <symbol id="sm-b9">
         <name>pwmConfig</name>
         <value>0x200011b0</value>
         <object_component_ref idref="oc-1b2"/>
      </symbol>
      <symbol id="sm-ba">
         <name>uartConfig</name>
         <value>0x14ec</value>
         <object_component_ref idref="oc-1af"/>
      </symbol>
      <symbol id="sm-bb">
         <name>switch_data</name>
         <value>0x200011cc</value>
         <object_component_ref idref="oc-b1"/>
      </symbol>
      <symbol id="sm-bc">
         <name>main</name>
         <value>0x145</value>
         <object_component_ref idref="oc-ed"/>
      </symbol>
      <symbol id="sm-bd">
         <name>DMA_INT1_IRQHandler</name>
         <value>0xc8d</value>
         <object_component_ref idref="oc-44"/>
      </symbol>
      <symbol id="sm-be">
         <name>code_found</name>
         <value>0x200011d0</value>
         <object_component_ref idref="oc-b1"/>
      </symbol>
      <symbol id="sm-bf">
         <name>timerCount</name>
         <value>0x200011d4</value>
         <object_component_ref idref="oc-b1"/>
      </symbol>
      <symbol id="sm-c0">
         <name>doBitReverse</name>
         <value>0x200011c8</value>
         <object_component_ref idref="oc-b1"/>
      </symbol>
      <symbol id="sm-10a">
         <name>configReg</name>
         <value>0x20000fa8</value>
      </symbol>
      <symbol id="sm-10b">
         <name>minigen_freqCalc</name>
         <value>0x12a5</value>
         <object_component_ref idref="oc-232"/>
      </symbol>
      <symbol id="sm-10c">
         <name>minigen_selectFreqReg</name>
         <value>0x12e1</value>
         <object_component_ref idref="oc-22c"/>
      </symbol>
      <symbol id="sm-10d">
         <name>minigen_reset</name>
         <value>0x111d</value>
         <object_component_ref idref="oc-220"/>
      </symbol>
      <symbol id="sm-10e">
         <name>minigen_adjustFreq</name>
         <value>0x10a9</value>
         <object_component_ref idref="oc-238"/>
      </symbol>
      <symbol id="sm-10f">
         <name>minigen_setFreqAdjustMode</name>
         <value>0x1241</value>
         <object_component_ref idref="oc-2a9"/>
      </symbol>
      <symbol id="sm-110">
         <name>minigen_setMode</name>
         <value>0x11bd</value>
         <object_component_ref idref="oc-226"/>
      </symbol>
      <symbol id="sm-13c">
         <name>setup_local_oscillator</name>
         <value>0x11ed</value>
         <object_component_ref idref="oc-1a3"/>
      </symbol>
      <symbol id="sm-13d">
         <name>SpiWrite</name>
         <value>0x106d</value>
         <object_component_ref idref="oc-286"/>
      </symbol>
      <symbol id="sm-13e">
         <name>configSpi</name>
         <value>0x10e5</value>
         <object_component_ref idref="oc-21a"/>
      </symbol>
      <symbol id="sm-13f">
         <name>spiMasterConfig</name>
         <value>0x1510</value>
         <object_component_ref idref="oc-282"/>
      </symbol>
      <symbol id="sm-173">
         <name>interruptVectors</name>
         <value>0x0</value>
         <object_component_ref idref="oc-10"/>
      </symbol>
      <symbol id="sm-20b">
         <name>ADC14_configureSingleSampleMode</name>
         <value>0xe95</value>
         <object_component_ref idref="oc-17f"/>
      </symbol>
      <symbol id="sm-20c">
         <name>ADC14_initModule</name>
         <value>0xfad</value>
         <object_component_ref idref="oc-173"/>
      </symbol>
      <symbol id="sm-20d">
         <name>ADC14_setSampleHoldTrigger</name>
         <value>0xfed</value>
         <object_component_ref idref="oc-179"/>
      </symbol>
      <symbol id="sm-20e">
         <name>ADC14_configureConversionMemory</name>
         <value>0xb45</value>
         <object_component_ref idref="oc-185"/>
      </symbol>
      <symbol id="sm-20f">
         <name>ADC14_enableModule</name>
         <value>0x13c1</value>
         <object_component_ref idref="oc-16d"/>
      </symbol>
      <symbol id="sm-272">
         <name>CS_startHFXT</name>
         <value>0x1459</value>
         <object_component_ref idref="oc-13d"/>
      </symbol>
      <symbol id="sm-273">
         <name>CS_setExternalClockSourceFrequency</name>
         <value>0x135d</value>
         <object_component_ref idref="oc-137"/>
      </symbol>
      <symbol id="sm-274">
         <name>CS_startHFXTWithTimeout</name>
         <value>0x7e5</value>
         <object_component_ref idref="oc-1ea"/>
      </symbol>
      <symbol id="sm-275">
         <name>CS_initClockSignal</name>
         <value>0x651</value>
         <object_component_ref idref="oc-143"/>
      </symbol>
      <symbol id="sm-2c1">
         <name>DMA_getChannelAttribute</name>
         <value>0x102d</value>
         <object_component_ref idref="oc-9c"/>
      </symbol>
      <symbol id="sm-2c2">
         <name>DMA_enableModule</name>
         <value>0x13d1</value>
         <object_component_ref idref="oc-18b"/>
      </symbol>
      <symbol id="sm-2c3">
         <name>DMA_setChannelTransfer</name>
         <value>0xa4d</value>
         <object_component_ref idref="oc-a8"/>
      </symbol>
      <symbol id="sm-2c4">
         <name>DMA_setChannelControl</name>
         <value>0x1265</value>
         <object_component_ref idref="oc-a2"/>
      </symbol>
      <symbol id="sm-2c5">
         <name>DMA_setControlBase</name>
         <value>0x1411</value>
         <object_component_ref idref="oc-191"/>
      </symbol>
      <symbol id="sm-2c6">
         <name>DMA_disableChannelAttribute</name>
         <value>0xf25</value>
         <object_component_ref idref="oc-197"/>
      </symbol>
      <symbol id="sm-30b">
         <name>GPIO_setOutputHighOnPin</name>
         <value>0x1371</value>
         <object_component_ref idref="oc-1a9"/>
      </symbol>
      <symbol id="sm-30c">
         <name>GPIO_setAsOutputPin</name>
         <value>0x121d</value>
         <object_component_ref idref="oc-149"/>
      </symbol>
      <symbol id="sm-30d">
         <name>GPIO_setOutputLowOnPin</name>
         <value>0x1319</value>
         <object_component_ref idref="oc-14f"/>
      </symbol>
      <symbol id="sm-30e">
         <name>GPIO_toggleOutputOnPin</name>
         <value>0x1385</value>
         <object_component_ref idref="oc-96"/>
      </symbol>
      <symbol id="sm-30f">
         <name>GPIO_setAsPeripheralModuleFunctionInputPin</name>
         <value>0xdf9</value>
         <object_component_ref idref="oc-155"/>
      </symbol>
      <symbol id="sm-368">
         <name>EUSCI_B_SPI_enable</name>
         <value>0x1429</value>
         <object_component_ref idref="oc-2bd"/>
      </symbol>
      <symbol id="sm-369">
         <name>SPI_enableModule</name>
         <value>0x12fd</value>
         <object_component_ref idref="oc-27c"/>
      </symbol>
      <symbol id="sm-36a">
         <name>EUSCI_A_SPI_transmitData</name>
         <value>0x145f</value>
         <object_component_ref idref="oc-2ed"/>
      </symbol>
      <symbol id="sm-36b">
         <name>EUSCI_B_SPI_transmitData</name>
         <value>0x1463</value>
         <object_component_ref idref="oc-2e7"/>
      </symbol>
      <symbol id="sm-36c">
         <name>SPI_transmitData</name>
         <value>0x1285</value>
         <object_component_ref idref="oc-2cc"/>
      </symbol>
      <symbol id="sm-36d">
         <name>EUSCI_A_SPI_enable</name>
         <value>0x141d</value>
         <object_component_ref idref="oc-2c3"/>
      </symbol>
      <symbol id="sm-36e">
         <name>SPI_initMaster</name>
         <value>0x925</value>
         <object_component_ref idref="oc-276"/>
      </symbol>
      <symbol id="sm-391">
         <name>SysCtl_getNMISourceStatus</name>
         <value>0x1435</value>
         <object_component_ref idref="oc-252"/>
      </symbol>
      <symbol id="sm-392">
         <name>SysCtl_enableNMISource</name>
         <value>0x13f1</value>
         <object_component_ref idref="oc-264"/>
      </symbol>
      <symbol id="sm-393">
         <name>SysCtl_disableNMISource</name>
         <value>0x13e1</value>
         <object_component_ref idref="oc-258"/>
      </symbol>
      <symbol id="sm-3b7">
         <name>Timer_A_generatePWM</name>
         <value>0xedd</value>
         <object_component_ref idref="oc-167"/>
      </symbol>
      <symbol id="sm-3d5">
         <name>UART_enableModule</name>
         <value>0x1441</value>
         <object_component_ref idref="oc-161"/>
      </symbol>
      <symbol id="sm-3d6">
         <name>UART_initModule</name>
         <value>0x9b9</value>
         <object_component_ref idref="oc-15b"/>
      </symbol>
      <symbol id="sm-3ee">
         <name>_c_int00</name>
         <value>0xd51</value>
         <object_component_ref idref="oc-25"/>
      </symbol>
      <symbol id="sm-3ef">
         <name>__stack</name>
         <value>0x2000fe00</value>
         <object_component_ref idref="oc-2b"/>
      </symbol>
      <symbol id="sm-40d">
         <name>__TI_decompress_lzss</name>
         <value>0xc25</value>
         <object_component_ref idref="oc-13"/>
      </symbol>
      <symbol id="sm-424">
         <name>__TI_decompress_none</name>
         <value>0x1401</value>
         <object_component_ref idref="oc-19"/>
      </symbol>
      <symbol id="sm-436">
         <name>__TI_zero_init</name>
         <value>0x144d</value>
         <object_component_ref idref="oc-1f"/>
      </symbol>
      <symbol id="sm-459">
         <name>C$$EXIT</name>
         <value>0xda5</value>
         <object_component_ref idref="oc-88"/>
      </symbol>
      <symbol id="sm-45a">
         <name>abort</name>
         <value>0xda9</value>
         <object_component_ref idref="oc-88"/>
      </symbol>
      <symbol id="sm-45b">
         <name>exit</name>
         <value>0xdb1</value>
         <object_component_ref idref="oc-88"/>
      </symbol>
      <symbol id="sm-45c">
         <name>__TI_dtors_ptr</name>
         <value>0x200011dc</value>
         <object_component_ref idref="oc-f5"/>
      </symbol>
      <symbol id="sm-45d">
         <name>__TI_cleanup_ptr</name>
         <value>0x200011d8</value>
         <object_component_ref idref="oc-f5"/>
      </symbol>
      <symbol id="sm-45e">
         <name>__TI_enable_exit_profile_output</name>
         <value>0x200011e0</value>
         <object_component_ref idref="oc-f5"/>
      </symbol>
      <symbol id="sm-472">
         <name>__aeabi_ddiv</name>
         <value>0x519</value>
         <object_component_ref idref="oc-29e"/>
      </symbol>
      <symbol id="sm-47c">
         <name>__aeabi_d2uiz</name>
         <value>0xf69</value>
         <object_component_ref idref="oc-2a3"/>
      </symbol>
      <symbol id="sm-487">
         <name>__aeabi_f2d</name>
         <value>0x1155</value>
         <object_component_ref idref="oc-299"/>
      </symbol>
      <symbol id="sm-4a2">
         <name>memcpy</name>
         <value>0x889</value>
         <object_component_ref idref="oc-58"/>
      </symbol>
      <symbol id="sm-4a3">
         <name>__aeabi_memcpy</name>
         <value>0x889</value>
         <object_component_ref idref="oc-58"/>
      </symbol>
      <symbol id="sm-4a4">
         <name>__aeabi_memcpy8</name>
         <value>0x889</value>
         <object_component_ref idref="oc-58"/>
      </symbol>
      <symbol id="sm-4a5">
         <name>__aeabi_memcpy4</name>
         <value>0x889</value>
         <object_component_ref idref="oc-58"/>
      </symbol>
      <symbol id="sm-4b4">
         <name>__aeabi_memset</name>
         <value>0xacb</value>
         <object_component_ref idref="oc-64"/>
      </symbol>
      <symbol id="sm-4b5">
         <name>memset</name>
         <value>0xad1</value>
         <object_component_ref idref="oc-64"/>
      </symbol>
      <symbol id="sm-4b6">
         <name>__aeabi_memset8</name>
         <value>0xacb</value>
         <object_component_ref idref="oc-64"/>
      </symbol>
      <symbol id="sm-4b7">
         <name>__aeabi_memset4</name>
         <value>0xacb</value>
         <object_component_ref idref="oc-64"/>
      </symbol>
      <symbol id="sm-4b8">
         <name>__aeabi_memclr8</name>
         <value>0xac9</value>
         <object_component_ref idref="oc-64"/>
      </symbol>
      <symbol id="sm-4b9">
         <name>__aeabi_memclr4</name>
         <value>0xac9</value>
         <object_component_ref idref="oc-64"/>
      </symbol>
      <symbol id="sm-4ba">
         <name>__aeabi_memclr</name>
         <value>0xac9</value>
         <object_component_ref idref="oc-64"/>
      </symbol>
      <symbol id="sm-4c4">
         <name>__mpu_init</name>
         <value>0xf23</value>
         <object_component_ref idref="oc-70"/>
      </symbol>
      <symbol id="sm-4ce">
         <name>_system_pre_init</name>
         <value>0x1467</value>
         <object_component_ref idref="oc-76"/>
      </symbol>
      <symbol id="sm-4d6">
         <name>main_func_sp</name>
         <value>0x200011ec</value>
         <object_component_ref idref="oc-8e"/>
      </symbol>
      <symbol id="sm-4ef">
         <name>_nop</name>
         <value>0x13bb</value>
         <object_component_ref idref="oc-1c0"/>
      </symbol>
      <symbol id="sm-4f0">
         <name>_lock</name>
         <value>0x200011e4</value>
         <object_component_ref idref="oc-f8"/>
      </symbol>
      <symbol id="sm-4f1">
         <name>_unlock</name>
         <value>0x200011e8</value>
         <object_component_ref idref="oc-f8"/>
      </symbol>
      <symbol id="sm-4f2">
         <name>_register_lock</name>
         <value>0x13b3</value>
         <object_component_ref idref="oc-1c0"/>
      </symbol>
      <symbol id="sm-4f3">
         <name>_register_unlock</name>
         <value>0x13ad</value>
         <object_component_ref idref="oc-1c0"/>
      </symbol>
      <symbol id="sm-507">
         <name>_args_main</name>
         <value>0x1331</value>
         <object_component_ref idref="oc-82"/>
      </symbol>
      <symbol id="sm-531">
         <name>__TI_auto_init</name>
         <value>0xbb5</value>
         <object_component_ref idref="oc-7c"/>
      </symbol>
      <symbol id="sm-54b">
         <name>copy_in</name>
         <value>0xe49</value>
         <object_component_ref idref="oc-df"/>
      </symbol>
      <symbol id="sm-555">
         <name>_system_post_cinit</name>
         <value>0x10e3</value>
         <object_component_ref idref="oc-e5"/>
      </symbol>
      <symbol id="sm-556">
         <name>__TI_static_base__</name>
         <value>0x0</value>
      </symbol>
      <symbol id="sm-559">
         <name>SHT$$INIT_ARRAY$$Limit</name>
         <value>0x0</value>
      </symbol>
      <symbol id="sm-55a">
         <name>SHT$$INIT_ARRAY$$Base</name>
         <value>0x0</value>
      </symbol>
   </symbol_table>
   <title>Link successful</title>
</link_info>
